{"phase": "measuring", "rate": 100, "seconds": 300, "utc": "2026-09-09T13:42:01.068724+00:00"}
{"phase": "progress", "scheduled": 3000, "drops": 0}
{"phase": "progress", "scheduled": 6000, "drops": 0}
{"phase": "progress", "scheduled": 9000, "drops": 0}
{"phase": "progress", "scheduled": 12000, "drops": 0}
{"phase": "progress", "scheduled": 15000, "drops": 0}
{"phase": "progress", "scheduled": 18000, "drops": 0}
{"phase": "progress", "scheduled": 21000, "drops": 0}
{"phase": "progress", "scheduled": 24000, "drops": 0}
{"phase": "progress", "scheduled": 27000, "drops": 0}
{
  "phases": {
    "0": {
      "statuses": {
        "read": {
          "304": 11714,
          "200": 16786
        },
        "hold": {
          "201": 1500
        }
      },
      "p95_ms": {
        "read": 12.846949997765478,
        "hold": 44.31390199897578
      }
    }
  },
  "read_hot_share": 0.9,
  "burst": false,
  "utc": "2026-09-09T13:47:01.075326+00:00",
  "measured_started_utc": "2026-09-09T13:42:01.068724+00:00",
  "manifest_id": "3a30daae-3d0f-4a18-832b-bd5f6c43b5b7",
  "run_id": "5d9f9ea4-c1de-4071-8e7b-4cd88d935fe0",
  "target_origin": "http://10.1.137.69:8000",
  "generator_hostname": "generator-ecs",
  "platform": "Linux-6.8.0-136-generic-x86_64-with-glibc2.39",
  "topology_declared": "separate-host",
  "offered_rps": 100,
  "seconds": 300,
  "show_count": 200,
  "seats_per_show": 300,
  "viewers": 2000,
  "write_percent": 5,
  "generator_drops": 0,
  "drop_reasons": {},
  "error_codes": {},
  "error_examples": [],
  "transport_error_types": {},
  "task_error_types": {},
  "scheduling_lag_p95_ms": 1.5103620098670945,
  "generator_cpu_seconds": 55.61160712,
  "elapsed_seconds": 299.9997536840019,
  "completed_rps": 100.00008210540011,
  "statuses": {
    "read": {
      "304": 11714,
      "200": 16786
    },
    "hold": {
      "201": 1500
    }
  },
  "response_body_bytes": 313705490,
  "latency_ms": {
    "read:304": {
      "p50": 4.860218999965582,
      "p95": 9.27841299562715,
      "p99": 29.204303995356895
    },
    "hold:201": {
      "p50": 26.40537000115728,
      "p95": 44.31390199897578,
      "p99": 72.33276499755448
    },
    "read:200": {
      "p50": 5.248455003311392,
      "p95": 13.438546993711498,
      "p99": 29.183799000747968
    }
  },
  "read_p95_ms": 12.846949997765478,
  "hold_p95_ms": 44.31390199897578,
  "local_read_gate_pass": true,
  "note": "95% reads/5% holds; bootstrap excluded. Topology is operator-declared, not verified. No backend durability/queue checks here.",
  "reservation_gate_pass": true,
  "accounting_pass": true,
  "workload_gate_pass": true,
  "phase_latency_gate_pass": true
}
