{"phase": "measuring", "rate": 100, "seconds": 300, "utc": "2026-09-09T13:42:01.068460+00:00"}
{"phase": "progress", "scheduled": 3000, "drops": 0}
{"phase": "progress", "scheduled": 6000, "drops": 0}
{"phase": "progress", "scheduled": 9000, "drops": 0}
{"phase": "progress", "scheduled": 12000, "drops": 0}
{"phase": "progress", "scheduled": 15000, "drops": 0}
{"phase": "progress", "scheduled": 18000, "drops": 0}
{"phase": "progress", "scheduled": 21000, "drops": 0}
{"phase": "progress", "scheduled": 24000, "drops": 0}
{"phase": "progress", "scheduled": 27000, "drops": 0}
{
  "phases": {
    "0": {
      "statuses": {
        "read": {
          "304": 11711,
          "200": 16789
        },
        "hold": {
          "201": 1500
        }
      },
      "p95_ms": {
        "read": 12.804885998775717,
        "hold": 44.602540001505986
      }
    }
  },
  "read_hot_share": 0.9,
  "burst": false,
  "utc": "2026-09-09T13:47:01.073123+00:00",
  "measured_started_utc": "2026-09-09T13:42:01.068460+00:00",
  "manifest_id": "3a30daae-3d0f-4a18-832b-bd5f6c43b5b7",
  "run_id": "61efa256-fa1c-49ad-8a8b-88cba63f01b1",
  "target_origin": "http://10.1.137.69:8000",
  "generator_hostname": "generator-ecs",
  "platform": "Linux-6.8.0-136-generic-x86_64-with-glibc2.39",
  "topology_declared": "separate-host",
  "offered_rps": 100,
  "seconds": 300,
  "show_count": 200,
  "seats_per_show": 300,
  "viewers": 2000,
  "write_percent": 5,
  "generator_drops": 0,
  "drop_reasons": {},
  "error_codes": {},
  "error_examples": [],
  "transport_error_types": {},
  "task_error_types": {},
  "scheduling_lag_p95_ms": 1.505832995462697,
  "generator_cpu_seconds": 55.750631414000004,
  "elapsed_seconds": 299.9975501049994,
  "completed_rps": 100.00081663833579,
  "statuses": {
    "read": {
      "304": 11711,
      "200": 16789
    },
    "hold": {
      "201": 1500
    }
  },
  "response_body_bytes": 313761360,
  "latency_ms": {
    "read:304": {
      "p50": 4.947813002218027,
      "p95": 9.36455000191927,
      "p99": 29.732877999776974
    },
    "hold:201": {
      "p50": 26.654634995793458,
      "p95": 44.602540001505986,
      "p99": 71.75854399974924
    },
    "read:200": {
      "p50": 5.337136004527565,
      "p95": 13.329440000234172,
      "p99": 28.561625003931113
    }
  },
  "read_p95_ms": 12.804885998775717,
  "hold_p95_ms": 44.602540001505986,
  "local_read_gate_pass": true,
  "note": "95% reads/5% holds; bootstrap excluded. Topology is operator-declared, not verified. No backend durability/queue checks here.",
  "reservation_gate_pass": true,
  "accounting_pass": true,
  "workload_gate_pass": true,
  "phase_latency_gate_pass": true
}
