{"phase": "measuring", "rate": 100, "seconds": 300, "utc": "2026-09-09T13:42:01.068290+00:00"}
{"phase": "progress", "scheduled": 3000, "drops": 0}
{"phase": "progress", "scheduled": 6000, "drops": 0}
{"phase": "progress", "scheduled": 9000, "drops": 0}
{"phase": "progress", "scheduled": 12000, "drops": 0}
{"phase": "progress", "scheduled": 15000, "drops": 0}
{"phase": "progress", "scheduled": 18000, "drops": 0}
{"phase": "progress", "scheduled": 21000, "drops": 0}
{"phase": "progress", "scheduled": 24000, "drops": 0}
{"phase": "progress", "scheduled": 27000, "drops": 0}
{
  "phases": {
    "0": {
      "statuses": {
        "read": {
          "304": 11724,
          "200": 16776
        },
        "hold": {
          "201": 1500
        }
      },
      "p95_ms": {
        "read": 12.770166002155747,
        "hold": 42.43864100135397
      }
    }
  },
  "read_hot_share": 0.9,
  "burst": false,
  "utc": "2026-09-09T13:47:01.077819+00:00",
  "measured_started_utc": "2026-09-09T13:42:01.068290+00:00",
  "manifest_id": "3a30daae-3d0f-4a18-832b-bd5f6c43b5b7",
  "run_id": "836ea0bd-bcf7-4f1a-bc7e-1564cf1e10b6",
  "target_origin": "http://10.1.137.69:8000",
  "generator_hostname": "generator-ecs",
  "platform": "Linux-6.8.0-136-generic-x86_64-with-glibc2.39",
  "topology_declared": "separate-host",
  "offered_rps": 100,
  "seconds": 300,
  "show_count": 200,
  "seats_per_show": 300,
  "viewers": 2000,
  "write_percent": 5,
  "generator_drops": 0,
  "drop_reasons": {},
  "error_codes": {},
  "error_examples": [],
  "transport_error_types": {},
  "task_error_types": {},
  "scheduling_lag_p95_ms": 1.5197429966065101,
  "generator_cpu_seconds": 55.588141511,
  "elapsed_seconds": 299.99937187600153,
  "completed_rps": 100.00020937510453,
  "statuses": {
    "read": {
      "304": 11724,
      "200": 16776
    },
    "hold": {
      "201": 1500
    }
  },
  "response_body_bytes": 313518740,
  "latency_ms": {
    "read:304": {
      "p50": 4.951121998601593,
      "p95": 9.44114400044782,
      "p99": 29.67636100220261
    },
    "hold:201": {
      "p50": 26.395632994535845,
      "p95": 42.43864100135397,
      "p99": 70.26402100018458
    },
    "read:200": {
      "p50": 5.349703998945188,
      "p95": 13.387109996983781,
      "p99": 28.76009100145893
    }
  },
  "read_p95_ms": 12.770166002155747,
  "hold_p95_ms": 42.43864100135397,
  "local_read_gate_pass": true,
  "note": "95% reads/5% holds; bootstrap excluded. Topology is operator-declared, not verified. No backend durability/queue checks here.",
  "reservation_gate_pass": true,
  "accounting_pass": true,
  "workload_gate_pass": true,
  "phase_latency_gate_pass": true
}
