{"phase": "measuring", "rate": 100, "seconds": 300, "utc": "2026-09-09T17:58:28.300494+00:00"}
{"phase": "progress", "scheduled": 3000, "drops": 0}
{"phase": "progress", "scheduled": 6000, "drops": 0}
{"phase": "progress", "scheduled": 9000, "drops": 0}
{"phase": "progress", "scheduled": 12000, "drops": 0}
{"phase": "progress", "scheduled": 15000, "drops": 0}
{"phase": "progress", "scheduled": 18000, "drops": 0}
{"phase": "progress", "scheduled": 21000, "drops": 0}
{"phase": "progress", "scheduled": 24000, "drops": 0}
{"phase": "progress", "scheduled": 27000, "drops": 0}
{
  "phases": {
    "0": {
      "statuses": {
        "read": {
          "304": 17006,
          "200": 11494
        },
        "hold": {
          "201": 1500
        }
      },
      "p95_ms": {
        "read": 12.823231998481788,
        "hold": 51.93787100142799
      }
    }
  },
  "read_hot_share": 0,
  "burst": false,
  "utc": "2026-09-09T18:03:28.299846+00:00",
  "measured_started_utc": "2026-09-09T17:58:28.300494+00:00",
  "manifest_id": "eec0f739-d376-40ca-9a15-580be72a6174",
  "run_id": "14a5c1c5-1616-4fdf-b942-a98330b97ddf",
  "target_origin": "http://10.1.137.69:8000",
  "generator_hostname": "generator-ecs",
  "platform": "Linux-6.8.0-136-generic-x86_64-with-glibc2.39",
  "topology_declared": "separate-host",
  "offered_rps": 100,
  "seconds": 300,
  "show_count": 200,
  "seats_per_show": 300,
  "viewers": 2000,
  "write_percent": 5,
  "generator_drops": 0,
  "drop_reasons": {},
  "error_codes": {},
  "error_examples": [],
  "keepalive_expiry_seconds": 5.0,
  "measured_tcp_connect_events": {
    "read": {
      "started": 85,
      "complete": 85
    },
    "hold": {
      "started": 4,
      "complete": 4
    }
  },
  "transport_error_types": {},
  "transport_diagnostics_enabled": true,
  "transport_failure_examples": [],
  "task_error_types": {},
  "scheduling_lag_p95_ms": 1.321354000538122,
  "generator_cpu_seconds": 57.335957311,
  "elapsed_seconds": 299.9930405739942,
  "completed_rps": 100.00231986248497,
  "statuses": {
    "read": {
      "304": 17006,
      "200": 11494
    },
    "hold": {
      "201": 1500
    }
  },
  "response_body_bytes": 214531110,
  "latency_ms": {
    "read:304": {
      "p50": 3.371866994712036,
      "p95": 11.239786996156909,
      "p99": 30.51678100018762
    },
    "hold:201": {
      "p50": 20.298834002460353,
      "p95": 51.93787100142799,
      "p99": 79.7262329942896
    },
    "read:200": {
      "p50": 4.285176997655071,
      "p95": 15.264943998772651,
      "p99": 41.477049999230076
    }
  },
  "read_p95_ms": 12.823231998481788,
  "hold_p95_ms": 51.93787100142799,
  "local_read_gate_pass": true,
  "note": "95% reads/5% holds; bootstrap excluded. Topology is operator-declared, not verified. No backend durability/queue checks here.",
  "reservation_gate_pass": true,
  "accounting_pass": true,
  "workload_gate_pass": true,
  "phase_latency_gate_pass": true
}
