procs -----------memory---------- ---swap-- -----io---- -system-- -------cpu------- -----timestamp-----
 r  b   swpd   free   buff  cache   si   so    bi    bo   in   cs us sy id wa st gu                 CST
 1  0      0 3965280 102236 1942568    0    0    33  1061 9047   36 15  4 81  1  0  0 2026-09-09 09:37:18
 4  1      0 3972684 102236 1944300    0    0     0  2789 20737 35838 48  8 42  2  0  0 2026-09-09 09:37:23
 8  0      0 3904948 102236 1945884    0    0     0  2573 19076 34339 56  9 34  2  0  0 2026-09-09 09:37:28
 3  1      0 3960536 102236 1947500    0    0     0  9422 19986 35271 53  9 37  2  0  0 2026-09-09 09:37:33
 6  0      0 3969452 102236 1949000    0    0     0  2586 20926 36168 48  8 42  2  0  0 2026-09-09 09:37:38
 2  0      0 3943564 102236 1950488    0    0     0  2057 18959 34596 57  9 33  1  0  0 2026-09-09 09:37:43
 2  0      0 3967060 102236 1951900    0    0     0  2090 20408 35232 49  8 41  2  0  0 2026-09-09 09:37:48
 1  1      0 3951496 102236 1953584    0    0     0  2952 19761 36020 57 10 32  1  0  0 2026-09-09 09:37:53
 1  0      0 3959804 102236 1954996    0    0     0  1970 20304 35128 50  8 41  2  0  0 2026-09-09 09:37:58
 5  0      0 3916196 102236 1958628    0    0     0  1954 19192 34538 55  9 35  2  0  0 2026-09-09 09:38:03
 3  1      0 3949668 102236 1960164    0    0     0  1967 19786 35201 55  8 36  1  0  0 2026-09-09 09:38:08
 1  0      0 3944376 102236 1961700    0    0     0  2894 20916 36195 48  8 42  2  0  0 2026-09-09 09:38:13
 2  0      0 3938196 102236 1963240    0    0     0  1754 19083 34826 57 10 32  1  0  0 2026-09-09 09:38:18
 9  0      0 3935692 102236 1964728    0    0     0  1822 21129 36079 47  8 43  2  0  0 2026-09-09 09:38:23
 3  0      0 3937812 102236 1966444    0    0     0  1890 19320 35022 58  9 31  1  0  0 2026-09-09 09:38:28
 4  0      0 3933228 102236 1967896    0    0     0  8384 20634 35860 51  9 39  2  0  0 2026-09-09 09:38:33
 5  0      0 3926552 102236 1969444    0    0     0  2063 20631 35922 50  9 39  2  0  0 2026-09-09 09:38:38
 2  0      0 3922364 102236 1971112    0    0    20  1689 19173 35350 60  9 30  1  0  0 2026-09-09 09:38:43
 2  0      0 3931644 102236 1972732    0    0     0  1923 20770 35868 49  8 42  2  0  0 2026-09-09 09:38:48
 2  0      0 3913756 102236 1974292    0    0     0  2521 19319 35277 57  9 32  1  0  0 2026-09-09 09:38:53
 2  0      0 3927384 102236 1975792    0    0     0  1931 20585 35819 50  8 41  1  0  0 2026-09-09 09:38:58
procs -----------memory---------- ---swap-- -----io---- -system-- -------cpu------- -----timestamp-----
 r  b   swpd   free   buff  cache   si   so    bi    bo   in   cs us sy id wa st gu                 CST
11  0      0 3866120 102236 1977436    0    0     0  1843 19171 34438 56  9 33  1  0  0 2026-09-09 09:39:03
 4  0      0 3914080 102236 1978944    0    0     0  2043 21108 37053 50  8 41  2  0  0 2026-09-09 09:39:08
 2  0      0 3925700 102236 1980500    0    0     0  1864 20959 36113 49  8 42  2  0  0 2026-09-09 09:39:13
 1  0      0 3917184 102236 1982056    0    0     0  2681 18996 34932 58  9 32  1  0  0 2026-09-09 09:39:18
 5  0      0 3917872 102236 1983608    0    0     0  1913 20914 36225 49  8 41  2  0  0 2026-09-09 09:39:23
 6  0      0 3903380 102236 1985216    0    0     0  1649 18613 33939 58  9 31  1  0  0 2026-09-09 09:39:28
 2  0      0 3918964 102236 1986696    0    0     0  7680 19968 35395 51  8 39  2  0  0 2026-09-09 09:39:33
10  0      0 3867944 102236 1988172    0    0     0  2606 20590 36125 52  9 38  1  0  0 2026-09-09 09:39:38
 0  1      0 3912112 102236 1989748    0    0     0  1867 20628 36567 53  8 37  1  0  0 2026-09-09 09:39:43
 5  0      0 3911452 102236 1991276    0    0     0  1794 20458 35118 50  8 41  2  0  0 2026-09-09 09:39:48
 1  0      0 3902376 102236 1992724    0    0     1  1810 19877 36212 57 10 32  1  0  0 2026-09-09 09:39:53
 2  0      0 3900780 102236 1994304    0    0     0  2940 20606 35954 49  8 41  1  0  0 2026-09-09 09:39:58
 2  0      0 3906356 102236 1998012    0    0     0  1653 17115 31711 63  9 27  1  0  0 2026-09-09 09:40:03
 2  1      0 3886836 102236 1999580    0    0     0  1770 21056 36974 49  8 41  2  0  0 2026-09-09 09:40:08
 6  0      0 3874668 102236 2001172    0    0     0  1846 19787 34747 50  9 40  1  0  0 2026-09-09 09:40:13
 1  0      0 3886896 102236 2002692    0    0     0  2481 19460 35223 57  9 33  1  0  0 2026-09-09 09:40:18
 3  0      0 3898552 102236 2004224    0    0     0  1886 20814 36166 49  8 42  2  0  0 2026-09-09 09:40:23
 2  0      0 3894660 102236 2005680    0    0     0  1654 18665 33936 58  9 31  1  0  0 2026-09-09 09:40:28
 4  0      0 3889692 102236 2007252    0    0     0  7847 20528 36129 50  8 40  2  0  0 2026-09-09 09:40:33
 2  0      0 3829388 102236 2008796    0    0     0  2450 18920 34091 58  9 32  1  0  0 2026-09-09 09:40:38
 2  0      0 3878736 102236 2010360    0    0     0  1814 21073 36804 49  8 42  2  0  0 2026-09-09 09:40:43
procs -----------memory---------- ---swap-- -----io---- -system-- -------cpu------- -----timestamp-----
 r  b   swpd   free   buff  cache   si   so    bi    bo   in   cs us sy id wa st gu                 CST
 4  1      0 3880700 102236 2011932    0    0     0  1787 20794 35881 49  8 41  2  0  0 2026-09-09 09:40:48
 2  0      0 3879332 102236 2013612    0    0     0  1690 19160 34385 56  9 34  1  0  0 2026-09-09 09:40:53
 2  0      0 3888020 102236 2015236    0    0     0  1941 20586 36278 49  8 42  2  0  0 2026-09-09 09:40:58
 4  0      0 3897532 102236 2016764    0    0     0  1846 19062 34452 56  9 33  1  0  0 2026-09-09 09:41:03
 2  0      0 3875912 102236 2018200    0    0     0  1802 20772 36435 50  8 40  2  0  0 2026-09-09 09:41:08
 4  0      0 3820748 102236 2019836    0    0     0  3054 19092 33925 56  9 34  1  0  0 2026-09-09 09:41:13
 2  0      0 3873980 102236 2021220    0    0     0  1859 20937 37005 50  8 40  1  0  0 2026-09-09 09:41:18
 4  0      0 3879356 102236 2022776    0    0     0  1742 20631 35757 50  8 41  2  0  0 2026-09-09 09:41:23
 2  0      0 3867808 102236 2024464    0    0     0  1716 18745 33600 57  9 33  1  0  0 2026-09-09 09:41:28
 2  0      0 3880116 102236 2025932    0    0     0  1893 20839 36605 50  8 41  1  0  0 2026-09-09 09:41:33
 6  0      0 3870772 102236 2027384    0    0     0  8667 18533 33856 59  9 30  1  0  0 2026-09-09 09:41:38
 4  0      0 3850624 102236 2028756    0    0     0  2030 20472 35611 49  8 42  1  0  0 2026-09-09 09:41:43
12  0      0 3822828 102236 2030180    0    0     0  1891 20062 36300 55  9 34  1  0  0 2026-09-09 09:41:48
 3  0      0 3867808 102236 2031436    0    0     0  1998 19925 34751 52  8 38  2  0  0 2026-09-09 09:41:53
 6  0      0 3857252 102236 2032748    0    0     0  1577 20641 36066 50  8 40  2  0  0 2026-09-09 09:41:58
 2  0      0 3873432 102236 2034208    0    0     0  1594 18614 34562 62  9 27  1  0  0 2026-09-09 09:42:03
 6  0      0 3858496 102236 2035552    0    0     0  1786 20929 36083 48  7 43  2  0  0 2026-09-09 09:42:08
 2  0      0 3871100 102236 2036932    0    0     0  2848 19582 35204 57  9 33  1  0  0 2026-09-09 09:42:13
 1  0      0 3851924 102236 2038152    0    0     0  1514 20077 35300 50  8 41  1  0  0 2026-09-09 09:42:18
 4  0      0 3839744 102236 2039488    0    0     0  2851 20624 36035 49  9 40  2  0  0 2026-09-09 09:42:23
 2  1      0 3862468 102236 2040924    0    0     0  2637 19380 34681 56  9 34  1  0  0 2026-09-09 09:42:28
procs -----------memory---------- ---swap-- -----io---- -system-- -------cpu------- -----timestamp-----
 r  b   swpd   free   buff  cache   si   so    bi    bo   in   cs us sy id wa st gu                 CST
 3  0      0 3854888 102236 2042276    0    0     0  2426 20869 36316 50  8 40  1  0  0 2026-09-09 09:42:33
 3  0      0 3820296 102236 2043720    0    0     0  9282 18681 34014 58 10 31  1  0  0 2026-09-09 09:42:38
 1  0      0 3842744 102236 2045088    0    0     0  2416 20639 36201 49  8 41  2  0  0 2026-09-09 09:42:43
 2  0      0 3788576 102236 2046432    0    0     0  2017 18965 34189 57  9 32  1  0  0 2026-09-09 09:42:48
 1  0      0 3855252 102236 2047640    0    0     0  2179 20855 36039 49  8 42  2  0  0 2026-09-09 09:42:53
 6  0      0 3847316 102236 2049040    0    0     0  2094 20984 36735 49  8 41  2  0  0 2026-09-09 09:42:58
 4  0      0 3846588 102236 2050388    0    0     0  5617 18660 33285 58  9 31  1  0  0 2026-09-09 09:43:03
 2  0      0 3843132 102236 2051696    0    0     0  2251 20676 36246 48  8 42  2  0  0 2026-09-09 09:43:08
 3  0      0 3851836 102236 2052984    0    0     0  3834 19232 34582 57  9 33  1  0  0 2026-09-09 09:43:13
 6  0      0 3835860 102236 2054352    0    0     0  2416 20423 35310 49  8 41  1  0  0 2026-09-09 09:43:18
 3  0      0 3788780 102236 2055672    0    0     0  2665 20108 36738 55  9 34  1  0  0 2026-09-09 09:43:23
 3  0      0 3839484 102236 2056928    0    0     0  2014 20642 35687 49  8 42  2  0  0 2026-09-09 09:43:28
 2  0      0 3844144 102236 2058232    0    0     0  1828 20380 35473 49  8 41  1  0  0 2026-09-09 09:43:33
 2  0      0 3842528 102236 2059588    0    0     0  8241 19325 35065 59 10 30  1  0  0 2026-09-09 09:43:38
 3  0      0 3835068 102236 2060776    0    0     0  1892 20210 35099 49  8 42  2  0  0 2026-09-09 09:43:43
 2  1      0 3831332 102236 2062248    0    0     0  1886 19216 34585 57  9 32  1  0  0 2026-09-09 09:43:48
 4  0      0 3845376 102236 2063588    0    0     0  1869 20985 36161 49  8 42  2  0  0 2026-09-09 09:43:53
 5  0      0 3788212 102236 2064988    0    0    14  1797 20222 36466 54  9 35  1  0  0 2026-09-09 09:43:58
 2  0      0 3840856 102236 2066236    0    0     0  1845 18649 33245 56  8 34  1  0  0 2026-09-09 09:44:03
 2  0      0 3821208 102236 2067548    0    0     0  3090 21084 36647 48  8 42  2  0  0 2026-09-09 09:44:08
 4  0      0 3832072 102236 2068940    0    0     0  1927 19051 34431 56  9 33  1  0  0 2026-09-09 09:44:13
procs -----------memory---------- ---swap-- -----io---- -system-- -------cpu------- -----timestamp-----
 r  b   swpd   free   buff  cache   si   so    bi    bo   in   cs us sy id wa st gu                 CST
 5  0      0 3831844 102236 2070244    0    0     0  1768 20277 35187 50  8 41  2  0  0 2026-09-09 09:44:18
 2  0      0 3802188 102236 2071600    0    0     0  1826 19892 36299 58  9 31  1  0  0 2026-09-09 09:44:23
 4  1      0 3824348 102236 2072992    0    0     0  1931 20372 35183 49  8 41  2  0  0 2026-09-09 09:44:28
 8  1      0 3776328 102236 2074168    0    0     0  1810 20462 36425 51  9 38  1  0  0 2026-09-09 09:44:33
 6  0      0 3820444 102236 2075724    0    0     0  7543 19706 34954 55  8 35  1  0  0 2026-09-09 09:44:38
 4  0      0 3815132 102236 2076960    0    0     0  2875 20406 35159 50  8 41  1  0  0 2026-09-09 09:44:43
 2  0      0 3832888 102236 2078392    0    0     0  1882 19346 35518 58  9 32  1  0  0 2026-09-09 09:44:48
 3  0      0 3821472 102236 2079772    0    0     0  1845 20741 35608 49  8 42  2  0  0 2026-09-09 09:44:53
 2  0      0 3810980 102236 2081076    0    0     0  1766 18320 33490 58  9 32  1  0  0 2026-09-09 09:44:58
 3  0      0 3782852 102236 2115188    0    0     0 14461 21006 35975 48  8 42  2  0  0 2026-09-09 09:45:03
 6  0      0 3778600 102236 2116432    0    0     0  1881 20887 36799 49  9 41  2  0  0 2026-09-09 09:45:08
 1  0      0 3790524 102236 2117724    0    0     0  1755 19111 34171 58  8 33  1  0  0 2026-09-09 09:45:13
 2  0      0 3788744 102236 2119068    0    0     0  2443 20403 35461 49  8 42  2  0  0 2026-09-09 09:45:18
 2  0      0 3756412 102236 2120384    0    0     0  1853 19342 35499 57  9 33  1  0  0 2026-09-09 09:45:23
 1  0      0 3781488 102236 2121588    0    0     0  1901 20259 34820 49  7 42  1  0  0 2026-09-09 09:45:28
 5  0      0 3715068 102236 2123028    0    0     0  1855 19582 35729 57  9 32  1  0  0 2026-09-09 09:45:33
 8  0      0 3778516 102236 2124292    0    0     0  7595 20142 35485 51  8 39  2  0  0 2026-09-09 09:45:38
 3  0      0 3784784 102236 2125560    0    0     0  2915 20651 35708 49  8 41  2  0  0 2026-09-09 09:45:43
 4  0      0 3781336 102236 2126788    0    0     0  1694 18963 34614 57  9 32  1  0  0 2026-09-09 09:45:48
 9  0      0 3770168 102236 2128092    0    0     0  2750 20787 35492 47  8 44  2  0  0 2026-09-09 09:45:53
 4  0      0 3757628 102236 2129456    0    0     0  2070 19981 36295 58  9 32  1  0  0 2026-09-09 09:45:58
procs -----------memory---------- ---swap-- -----io---- -system-- -------cpu------- -----timestamp-----
 r  b   swpd   free   buff  cache   si   so    bi    bo   in   cs us sy id wa st gu                 CST
 5  0      0 3760076 102236 2147584    0    0     0  6448 19205 34063 55  8 35  2  0  0 2026-09-09 09:46:03
 6  0      0 3713780 102236 2148932    0    0     0  1762 20331 35799 53  9 37  2  0  0 2026-09-09 09:46:08
 2  0      0 3745496 102236 2150176    0    0     0  1812 20329 36303 53  8 37  2  0  0 2026-09-09 09:46:13
 4  0      0 3753324 102236 2151436    0    0     0  1848 20230 34953 49  8 42  2  0  0 2026-09-09 09:46:18
 1  0      0 3746192 102236 2152756    0    0     0  2563 19467 35665 57  9 32  1  0  0 2026-09-09 09:46:23
 2  0      0 3746624 102236 2154020    0    0     0  1792 20571 36091 50  9 40  2  0  0 2026-09-09 09:46:28
 2  0      0 3720592 102236 2155528    0    0     0  1814 18461 33438 57  9 33  1  0  0 2026-09-09 09:46:33
 1  0      0 3739564 102236 2156984    0    0     0  1842 20914 36351 48  8 42  2  0  0 2026-09-09 09:46:38
 7  0      0 3708300 102236 2158228    0    0     0  8448 19814 35344 53  9 37  2  0  0 2026-09-09 09:46:43
 2  0      0 3744192 102236 2159640    0    0     0  1710 19323 34248 55  8 35  1  0  0 2026-09-09 09:46:48
 4  0      0 3747048 102236 2161192    0    0     0  1850 20557 35622 49  8 41  2  0  0 2026-09-09 09:46:53
 6  1      0 3722068 102236 2162580    0    0     0  1720 19852 36401 58  9 31  1  0  0 2026-09-09 09:46:58
 3  0      0 3723212 102236 2163868    0    0     0  1620 20341 34966 49  8 42  2  0  0 2026-09-09 09:47:03
 5  0      0 3684936 102236 2165356    0    0     0  1716 19270 34718 56  9 33  1  0  0 2026-09-09 09:47:08
 2  0      0 3727380 102236 2166660    0    0     0  2843 21152 36841 47  8 43  2  0  0 2026-09-09 09:47:13
 8  0      0 3731320 102236 2168052    0    0     0  1671 20336 35267 49  8 41  1  0  0 2026-09-09 09:47:18
 3  0      0 3715300 102236 2169504    0    0     0  2914 19545 35542 57  9 33  1  0  0 2026-09-09 09:47:23
 2  0      0 3726384 102236 2170876    0    0     0  3055 20902 36089 49  8 42  2  0  0 2026-09-09 09:47:28
 4  0      0 3737052 102236 2172304    0    0     0  3677 18676 33626 58  9 32  1  0  0 2026-09-09 09:47:33
 2  0      0 3725420 102236 2173660    0    0     0  2824 21242 37162 50  8 41  2  0  0 2026-09-09 09:47:38
 6  0      0 3661328 102236 2175176    0    0     0  8167 18078 32661 58 10 31  1  0  0 2026-09-09 09:47:43
procs -----------memory---------- ---swap-- -----io---- -system-- -------cpu------- -----timestamp-----
 r  b   swpd   free   buff  cache   si   so    bi    bo   in   cs us sy id wa st gu                 CST
 3  0      0 3713332 102236 2176464    0    0     0  2331 20933 36378 50  8 41  2  0  0 2026-09-09 09:47:48
 2  0      0 3723472 102236 2177816    0    0     0  2502 20977 36075 49  8 42  2  0  0 2026-09-09 09:47:53
 2  0      0 3721176 102236 2179200    0    0     0  3225 19013 34490 58  9 32  1  0  0 2026-09-09 09:47:58
 3  0      0 3713864 102236 2180572    0    0     0  2503 19846 35084 53  8 37  2  0  0 2026-09-09 09:48:03
 3  0      0 3711868 102236 2181960    0    0     0  2052 18787 33710 57  9 33  1  0  0 2026-09-09 09:48:08
 3  0      0 3722408 102236 2183256    0    0     0  2304 21241 37020 50  8 41  2  0  0 2026-09-09 09:48:13
11  0      0 3653460 102236 2184656    0    0     4  2066 19428 34908 55  9 35  1  0  0 2026-09-09 09:48:18
 5  0      0 3702708 102236 2186036    0    0     0  2830 20117 35669 53  8 38  1  0  0 2026-09-09 09:48:23
 2  0      0 3708140 102236 2187404    0    0     0  2114 20810 35670 47  8 44  2  0  0 2026-09-09 09:48:28
 5  0      0 3702576 102236 2188840    0    0     0  2093 19763 35622 57 10 32  1  0  0 2026-09-09 09:48:33
10  0      0 3694660 102236 2190220    0    0     0  2029 20504 35982 50  8 41  1  0  0 2026-09-09 09:48:38
 2  0      0 3703412 102236 2191644    0    0     0  8901 19140 35021 59 10 30  1  0  0 2026-09-09 09:48:43
 2  0      0 3703968 102236 2192920    0    0     0  1976 21202 36819 49  8 41  2  0  0 2026-09-09 09:48:48
 7  0      0 3668240 102236 2194348    0    0     0  1946 19392 34153 53  8 38  1  0  0 2026-09-09 09:48:53
 3  1      0 3652464 102236 2195612    0    0     0  2110 20379 36738 55  9 35  2  0  0 2026-09-09 09:48:58
 4  0      0 3708992 102236 2196968    0    0     0  2908 20064 34844 52  8 39  2  0  0 2026-09-09 09:49:03
 4  0      0 3708872 102236 2198392    0    0     0  1918 19465 34972 57  9 32  1  0  0 2026-09-09 09:49:08
 2  0      0 3698180 102236 2199640    0    0     0  1830 20462 35794 49  8 42  2  0  0 2026-09-09 09:49:13
 2  0      0 3687444 102240 2201072    0    0     0  1788 18946 34277 57  9 32  1  0  0 2026-09-09 09:49:18
 2  0      0 3694852 102240 2202436    0    0     0  1910 20822 36331 49  8 41  1  0  0 2026-09-09 09:49:23
 6  0      0 3678092 102240 2203712    0    0     0  1919 20640 36193 49  8 41  2  0  0 2026-09-09 09:49:28
procs -----------memory---------- ---swap-- -----io---- -system-- -------cpu------- -----timestamp-----
 r  b   swpd   free   buff  cache   si   so    bi    bo   in   cs us sy id wa st gu                 CST
 3  0      0 3701972 102240 2205180    0    0     0  3290 19050 34037 57  9 33  1  0  0 2026-09-09 09:49:33
 2  0      0 3702692 102240 2206556    0    0     0  1908 21083 37008 50  8 41  2  0  0 2026-09-09 09:49:38
 2  0      0 3693480 102240 2207988    0    0     0  7622 19019 34227 56 10 33  1  0  0 2026-09-09 09:49:43
 2  0      0 3681124 102240 2209232    0    0     0  2063 20535 35942 49  8 41  1  0  0 2026-09-09 09:49:48
 2  0      0 3626564 102240 2210692    0    0     0  2608 19137 34610 56  9 34  1  0  0 2026-09-09 09:49:53
 5  0      0 3691340 102240 2211988    0    0     0  2114 20591 35518 49  8 42  1  0  0 2026-09-09 09:49:58
 2  0      0 3684680 102240 2213324    0    0     0  1798 19703 35059 54  8 37  1  0  0 2026-09-09 09:50:03
 2  0      0 3669740 102240 2214896    0    0     0  2092 19334 34933 56  9 33  1  0  0 2026-09-09 09:50:08
 1  0      0 3673696 102240 2216196    0    0     0  1809 20464 35834 50  8 41  2  0  0 2026-09-09 09:50:13
 2  0      0 3687148 102240 2217516    0    0     0  2870 19516 34948 58  9 32  1  0  0 2026-09-09 09:50:18
 5  0      0 3673112 102240 2218776    0    0     0  1983 20762 36221 49  8 42  2  0  0 2026-09-09 09:50:23
 7  0      0 3628984 102240 2220304    0    0     0  1993 19061 34346 57  9 33  1  0  0 2026-09-09 09:50:28
 2  0      0 3678576 102240 2221600    0    0     0  1896 20691 35982 51  8 39  2  0  0 2026-09-09 09:50:33
 3  0      0 3685884 102240 2222980    0    0     0  2906 20974 37003 50  8 40  2  0  0 2026-09-09 09:50:38
 3  0      0 3670984 102240 2224492    0    0     0  7595 18577 33422 58  9 32  1  0  0 2026-09-09 09:50:43
 2  0      0 3660940 102240 2225716    0    0     0  2017 20492 35717 49  8 42  2  0  0 2026-09-09 09:50:48
 2  0      0 3660632 102240 2227164    0    0     0  1797 18078 33405 59 10 30  1  0  0 2026-09-09 09:50:53
 4  0      0 3667740 102240 2228404    0    0     0  2842 20727 35530 47  8 43  2  0  0 2026-09-09 09:50:58
 7  0      0 3595284 102240 2246648    0    0     0  7229 20091 36085 53  9 36  2  0  0 2026-09-09 09:51:03
 2  0      0 3647568 102240 2248112    0    0     0  1930 20061 34816 52  8 39  1  0  0 2026-09-09 09:51:08
 2  0      0 3642608 102240 2249500    0    0     0  2048 20715 36144 49  8 42  2  0  0 2026-09-09 09:51:13
procs -----------memory---------- ---swap-- -----io---- -system-- -------cpu------- -----timestamp-----
 r  b   swpd   free   buff  cache   si   so    bi    bo   in   cs us sy id wa st gu                 CST
 2  0      0 3645328 102240 2250872    0    0     0  3074 19462 35116 57 10 32  1  0  0 2026-09-09 09:51:18
 3  0      0 3645948 102240 2252280    0    0     0  1911 20401 35622 49  8 42  1  0  0 2026-09-09 09:51:23
 2  0      0 3651832 102240 2253644    0    0     0  1946 19104 35138 56  9 33  1  0  0 2026-09-09 09:51:28
 3  0      0 3647164 102240 2254964    0    0     0  2157 21114 36448 50  8 40  2  0  0 2026-09-09 09:51:33
 9  0      0 3603780 102240 2256304    0    0     0  2873 20216 36052 52  9 38  1  0  0 2026-09-09 09:51:38
 3  0      0 3637812 102240 2257584    0    0     0  2790 19179 33444 55  8 36  1  0  0 2026-09-09 09:51:43
 2  0      0 3639472 102240 2259064    0    0     0  7695 20581 36208 51  8 40  1  0  0 2026-09-09 09:51:48
 1  0      0 3642168 102240 2260264    0    0     0  1962 18895 34250 58  9 32  1  0  0 2026-09-09 09:51:53
 4  0      0 3642232 102240 2261676    0    0     0  1634 21059 36211 49  8 41  2  0  0 2026-09-09 09:51:58
 3  0      0 3638900 102240 2263148    0    0     0  1701 17591 33104 63  9 26  1  0  0 2026-09-09 09:52:03
 3  0      0 3637568 102240 2264536    0    0     8  1581 20533 35780 50  8 41  2  0  0 2026-09-09 09:52:08
 8  0      0 3609944 102240 2265880    0    0     0  2798 20403 35761 48  8 42  2  0  0 2026-09-09 09:52:13
 1  0      0 3611804 102240 2267256    0    0     0  1686 19523 35013 57  9 32  1  0  0 2026-09-09 09:52:18
 2  0      0 3623488 102240 2268540    0    0     0  2898 20694 35834 49  8 42  2  0  0 2026-09-09 09:52:23
 3  0      0 3614832 102240 2269948    0    0     0  2889 18921 34756 58  9 31  1  0  0 2026-09-09 09:52:28
 1  0      0 3626360 102240 2271328    0    0     0  2813 20886 35986 49  8 41  2  0  0 2026-09-09 09:52:33
 2  0      0 3552172 102240 2272768    0    0     0  3544 19154 34892 57  9 32  1  0  0 2026-09-09 09:52:38
 2  0      0 3633156 102240 2274032    0    0     0  2350 20763 35970 49  8 41  2  0  0 2026-09-09 09:52:43
 6  1      0 3614328 102240 2275396    0    0     0  8210 20715 36077 50  8 40  2  0  0 2026-09-09 09:52:48
 4  0      0 3626968 102240 2276756    0    0     0  2041 18737 33903 58  9 32  1  0  0 2026-09-09 09:52:53
 5  0      0 3619640 102240 2278192    0    0     0  2282 20448 35271 48  8 43  1  0  0 2026-09-09 09:52:58
procs -----------memory---------- ---swap-- -----io---- -system-- -------cpu------- -----timestamp-----
 r  b   swpd   free   buff  cache   si   so    bi    bo   in   cs us sy id wa st gu                 CST
 1  1      0 3617260 102240 2279532    0    0     0  2169 18924 34842 58  9 31  1  0  0 2026-09-09 09:53:03
 1  0      0 3625324 102240 2280908    0    0     0  3664 20445 35254 49  8 42  2  0  0 2026-09-09 09:53:08
 8  0      0 3555036 102240 2282296    0    0     0  2096 19676 35446 54  9 36  1  0  0 2026-09-09 09:53:13
 1  0      0 3617052 102240 2283684    0    0     0  2114 19457 33914 52  8 39  1  0  0 2026-09-09 09:53:18
 2  0      0 3620112 102240 2285112    0    0     0  2283 21103 36299 49  8 42  2  0  0 2026-09-09 09:53:23
 3  0      0 3601972 102240 2286440    0    0     0  2074 19611 35476 56  9 33  1  0  0 2026-09-09 09:53:28
 5  0      0 3605592 102240 2287792    0    0     0  2054 20553 35286 47  8 43  2  0  0 2026-09-09 09:53:33
 2  0      0 3588408 102240 2289252    0    0     0  3450 19874 36131 57 10 32  1  0  0 2026-09-09 09:53:38
 2  0      0 3601248 102240 2290640    0    0     0  1982 19955 34734 49  7 42  2  0  0 2026-09-09 09:53:43
 4  0      0 3572380 102240 2292184    0    0     0  8001 19834 35024 52  9 37  1  0  0 2026-09-09 09:53:48
 2  0      0 3605896 102240 2293436    0    0     0  2070 20207 36004 54  9 36  1  0  0 2026-09-09 09:53:53
 1  0      0 3608072 102240 2294800    0    0     0  2649 20341 35146 48  8 42  2  0  0 2026-09-09 09:53:58
 2  0      0 3604812 102240 2296168    0    0     0  2075 19032 34819 58  9 32  1  0  0 2026-09-09 09:54:03
 6  0      0 3605048 102240 2297532    0    0     0  2072 20684 35568 49  8 42  2  0  0 2026-09-09 09:54:08
 4  0      0 3560656 102240 2298976    0    0     0  1952 19015 34607 57 10 32  1  0  0 2026-09-09 09:54:13
 3  0      0 3581128 102240 2300300    0    0     0  2784 20994 36444 49  8 41  2  0  0 2026-09-09 09:54:18
 1  0      0 3596836 102240 2301668    0    0     0  2055 20887 36001 48  8 42  2  0  0 2026-09-09 09:54:23
 3  0      0 3592468 102240 2303112    0    0     0  1736 19059 34367 58  9 32  1  0  0 2026-09-09 09:54:28
 3  0      0 3595468 102240 2304392    0    0     0  2606 20729 35828 48  8 42  2  0  0 2026-09-09 09:54:33
 6  0      0 3574928 102240 2305900    0    0     0  1809 18797 34630 58  9 32  1  0  0 2026-09-09 09:54:38
 9  0      0 3600608 102240 2307176    0    0    10  2027 20889 36410 50  8 41  2  0  0 2026-09-09 09:54:43
procs -----------memory---------- ---swap-- -----io---- -system-- -------cpu------- -----timestamp-----
 r  b   swpd   free   buff  cache   si   so    bi    bo   in   cs us sy id wa st gu                 CST
12  0      0 3511032 102240 2308680    0    0     0  8316 19225 34670 56  9 33  1  0  0 2026-09-09 09:54:48
 1  0      0 3587036 102240 2309908    0    0     0  1843 20744 36421 50  8 41  1  0  0 2026-09-09 09:54:54
 2  0      0 3594016 102240 2311200    0    0     0  1904 20410 35251 50  7 41  2  0  0 2026-09-09 09:54:59
 1  0      0 3583896 102240 2312736    0    0     0  1864 18387 34297 62  9 27  1  0  0 2026-09-09 09:55:04
 2  0      0 3577836 102240 2314292    0    0     0  2600 19960 34555 50  8 41  1  0  0 2026-09-09 09:55:09
 2  1      0 3587592 102240 2315600    0    0     0  2102 19505 34999 57  9 32  1  0  0 2026-09-09 09:55:14
 2  0      0 3582100 102240 2317028    0    0     0  1910 20371 35751 49  8 41  1  0  0 2026-09-09 09:55:19
 9  0      0 3540144 102240 2318364    0    0     0  1777 19597 35052 54  9 35  1  0  0 2026-09-09 09:55:24
 2  0      0 3562832 102240 2319736    0    0     0  2103 20355 36057 53  8 38  1  0  0 2026-09-09 09:55:29
 6  0      0 3586632 102240 2321056    0    0     0  2599 20603 35600 49  8 41  1  0  0 2026-09-09 09:55:34
 3  0      0 3578000 102240 2322552    0    0     0  1913 18775 34868 57  9 32  1  0  0 2026-09-09 09:55:39
 4  0      0 3581240 102240 2323908    0    0     0  2064 21027 36326 49  8 42  2  0  0 2026-09-09 09:55:44
 1  0      0 3564200 102240 2325440    0    0     0  7567 18635 33529 59  9 31  1  0  0 2026-09-09 09:55:49
 2  0      0 3568848 102240 2326756    0    0     0  2862 20982 36662 49  8 41  2  0  0 2026-09-09 09:55:54
 9  0      0 3529384 102240 2327996    0    0     0  2014 20931 36389 50  9 39  2  0  0 2026-09-09 09:55:59
 2  0      0 3566656 102240 2329400    0    0     0  1805 19720 35361 56  8 35  1  0  0 2026-09-09 09:56:04
 5  0      0 3568940 102240 2330820    0    0     0  2001 20840 35724 47  8 43  2  0  0 2026-09-09 09:56:09
 1  0      0 3549504 102240 2332228    0    0     0  2685 19172 34309 58  9 32  1  0  0 2026-09-09 09:56:14
 4  0      0 3553744 102240 2333532    0    0     0  1936 20950 36638 49  8 42  2  0  0 2026-09-09 09:56:19
 3  0      0 3523296 102240 2334928    0    0     0  2303 19418 34895 57  9 32  1  0  0 2026-09-09 09:56:24
 3  0      0 3557244 102240 2336240    0    0     0  1890 20055 35089 50  8 40  1  0  0 2026-09-09 09:56:29
procs -----------memory---------- ---swap-- -----io---- -system-- -------cpu------- -----timestamp-----
 r  b   swpd   free   buff  cache   si   so    bi    bo   in   cs us sy id wa st gu                 CST
 3  0      0 3559208 102240 2337608    0    0     0  1851 20831 36044 49  8 41  2  0  0 2026-09-09 09:56:34
 1  0      0 3563676 102240 2338976    0    0     0  2483 19135 34732 56  9 33  1  0  0 2026-09-09 09:56:39
 2  0      0 3555048 102240 2340388    0    0     0  1921 21068 36952 49  8 41  2  0  0 2026-09-09 09:56:44
 2  0      0 3566396 102240 2341696    0    0     0  2037 19242 34283 57  9 33  1  0  0 2026-09-09 09:56:49
 3  0      0 3548932 102240 2342992    0    0     0  7672 20250 35834 50  8 40  2  0  0 2026-09-09 09:56:54
 4  0      0 3497464 102240 2344396    0    0     0  1553 19322 34678 56  9 34  1  0  0 2026-09-09 09:56:59
 1  0      0 3550680 102240 2345792    0    0     0  1797 19459 34741 53  8 37  2  0  0 2026-09-09 09:57:04
 2  0      0 3559936 102240 2347132    0    0     0  2728 20284 35207 50  7 41  1  0  0 2026-09-09 09:57:09
 4  0      0 3537880 102240 2348520    0    0     0  1678 19493 35064 57  9 33  1  0  0 2026-09-09 09:57:14
 2  0      0 3532984 102240 2349888    0    0     0  1824 21004 36593 48  8 43  2  0  0 2026-09-09 09:57:19
 1  0      0 3534412 102240 2351376    0    0     0  2900 19070 34400 57  9 32  1  0  0 2026-09-09 09:57:24
 2  0      0 3542376 102240 2352732    0    0     0  3629 20357 36017 50  8 40  2  0  0 2026-09-09 09:57:29
 8  0      0 3499208 102240 2354128    0    0     0  2722 19367 34539 54  9 36  1  0  0 2026-09-09 09:57:34
 1  0      0 3542728 102240 2355388    0    0     0  2749 20271 35456 52  8 39  2  0  0 2026-09-09 09:57:39
 2  0      0 3541152 102240 2356816    0    0     0  2379 20677 36027 49  8 41  2  0  0 2026-09-09 09:57:44
 4  0      0 3538208 102240 2358252    0    0     0  2202 18625 33808 57  9 33  1  0  0 2026-09-09 09:57:49
 6  0      0 3525540 102240 2359648    0    0     0  9273 20528 36311 50  8 40  2  0  0 2026-09-09 09:57:54
 1  0      0 3538524 102240 2360984    0    0     0  2131 18981 34105 56  9 33  1  0  0 2026-09-09 09:57:59
 8  0      0 3539532 102240 2362332    0    0     0  2306 20515 35714 50  8 40  2  0  0 2026-09-09 09:58:04
 8  0      0 3500708 102240 2363752    0    0     0  2234 20568 36806 51  9 38  2  0  0 2026-09-09 09:58:09
 2  0      0 3520352 102240 2365088    0    0     0  2015 19178 33973 55  8 35  1  0  0 2026-09-09 09:58:14
procs -----------memory---------- ---swap-- -----io---- -system-- -------cpu------- -----timestamp-----
 r  b   swpd   free   buff  cache   si   so    bi    bo   in   cs us sy id wa st gu                 CST
 1  0      0 3531636 102240 2366508    0    0     0  2327 20888 36550 50  8 41  2  0  0 2026-09-09 09:58:19
 1  0      0 3539940 102240 2367808    0    0     0  3264 19786 35668 57  9 32  1  0  0 2026-09-09 09:58:24
 3  0      0 3518836 102240 2369220    0    0     0  2142 20450 35730 50  8 41  1  0  0 2026-09-09 09:58:29
 4  0      0 3517604 102240 2370760    0    0     0  1982 19621 35406 56 10 33  1  0  0 2026-09-09 09:58:34
 5  0      0 3531400 102240 2372040    0    0     0  2055 20940 35946 49  8 42  2  0  0 2026-09-09 09:58:39
 7  0      0 3515820 102240 2373404    0    0     0  2898 20185 35866 52  8 39  1  0  0 2026-09-09 09:58:44
 3  0      0 3523028 102240 2374856    0    0     0  1928 19387 34567 56  8 35  1  0  0 2026-09-09 09:58:49
 5  0      0 3515372 102240 2376236    0    0     0  7896 20618 36576 50  8 40  2  0  0 2026-09-09 09:58:54
 3  0      0 3526436 102240 2377624    0    0     0  2018 18792 33591 56  9 34  1  0  0 2026-09-09 09:58:59
 2  0      0 3511136 102240 2378980    0    0     0  2070 20877 36364 49  8 41  2  0  0 2026-09-09 09:59:04
 0  1      0 3455768 102240 2380528    0    0     0  1787 19089 34290 57  9 32  1  0  0 2026-09-09 09:59:09
 6  0      0 3516396 102240 2381228    0    0     0  2059 15841 26275 38  6 54  2  0  0 2026-09-09 09:59:14
 1  0      0 3525828 102240 2381352    0    0     0  2718 12280 19448 29  4 66  2  0  0 2026-09-09 09:59:19
 1  0      0 3518588 102240 2381492    0    0     0  1774 12467 19081 37  6 56  2  0  0 2026-09-09 09:59:24
 1  0      0 3514100 102240 2381660    0    0     0  1769 11858 18621 28  4 66  2  0  0 2026-09-09 09:59:29
 2  1      0 3513028 102240 2381840    0    0     0  1638 11924 18361 37  6 56  2  0  0 2026-09-09 09:59:34
 5  0      0 3404212 102240 2450572    0    0     5  2890 12603 25744 42  9 48  1  0  0 2026-09-09 09:59:39
 0  3      0 3133760 102244 2646164    0    0     2 50482 15249 45946 72 19  7  2  0  0 2026-09-09 09:59:44
