{"phase": "measuring", "rate": 100, "seconds": 300, "utc": "2026-09-09T18:04:32.624708+00:00"}
{"phase": "progress", "scheduled": 3000, "drops": 0}
{"phase": "progress", "scheduled": 6000, "drops": 0}
{"phase": "progress", "scheduled": 9000, "drops": 0}
{"phase": "progress", "scheduled": 12000, "drops": 0}
{"phase": "progress", "scheduled": 15000, "drops": 0}
{"phase": "progress", "scheduled": 18000, "drops": 0}
{"phase": "progress", "scheduled": 21000, "drops": 0}
{"phase": "progress", "scheduled": 24000, "drops": 0}
{"phase": "progress", "scheduled": 27000, "drops": 0}
{
  "phases": {
    "0": {
      "statuses": {
        "read": {
          "200": 12967,
          "304": 15533
        },
        "hold": {
          "201": 1500
        }
      },
      "p95_ms": {
        "read": 11.95408000057796,
        "hold": 48.8458649997483
      }
    }
  },
  "read_hot_share": 0,
  "burst": false,
  "utc": "2026-09-09T18:09:32.627210+00:00",
  "measured_started_utc": "2026-09-09T18:04:32.624708+00:00",
  "manifest_id": "eec0f739-d376-40ca-9a15-580be72a6174",
  "run_id": "1fa810a5-ec12-4f94-8c80-c83196837780",
  "target_origin": "http://10.1.137.69:8000",
  "generator_hostname": "generator-ecs",
  "platform": "Linux-6.8.0-136-generic-x86_64-with-glibc2.39",
  "topology_declared": "separate-host",
  "offered_rps": 100,
  "seconds": 300,
  "show_count": 200,
  "seats_per_show": 300,
  "viewers": 2000,
  "write_percent": 5,
  "generator_drops": 0,
  "drop_reasons": {},
  "error_codes": {},
  "error_examples": [],
  "keepalive_expiry_seconds": 5.0,
  "measured_tcp_connect_events": {
    "read": {
      "started": 59,
      "complete": 59
    },
    "hold": {
      "started": 2,
      "complete": 2
    }
  },
  "transport_error_types": {},
  "transport_diagnostics_enabled": true,
  "transport_failure_examples": [],
  "task_error_types": {},
  "scheduling_lag_p95_ms": 1.3732210063608363,
  "generator_cpu_seconds": 55.117164800999994,
  "elapsed_seconds": 299.9945369289999,
  "completed_rps": 100.00182105682859,
  "statuses": {
    "read": {
      "200": 12967,
      "304": 15533
    },
    "hold": {
      "201": 1500
    }
  },
  "response_body_bytes": 241930794,
  "latency_ms": {
    "read:200": {
      "p50": 3.554490001988597,
      "p95": 14.118124003289267,
      "p99": 29.565349002950825
    },
    "read:304": {
      "p50": 3.2113609995576553,
      "p95": 8.326003000547644,
      "p99": 22.71990700683091
    },
    "hold:201": {
      "p50": 24.675991997355595,
      "p95": 48.8458649997483,
      "p99": 77.40894299786305
    }
  },
  "read_p95_ms": 11.95408000057796,
  "hold_p95_ms": 48.8458649997483,
  "local_read_gate_pass": true,
  "note": "95% reads/5% holds; bootstrap excluded. Topology is operator-declared, not verified. No backend durability/queue checks here.",
  "reservation_gate_pass": true,
  "accounting_pass": true,
  "workload_gate_pass": true,
  "phase_latency_gate_pass": true
}
