2026-09-08T04:58:33Z
{"BlockIO":"0B / 1.91MB","CPUPerc":"1.11%","Container":"5440352fa90e","ID":"5440352fa90e","MemPerc":"0.98%","MemUsage":"74.18MiB / 7.38GiB","Name":"flash-cloud-bench-api-1","NetIO":"27.4MB / 17.8MB","PIDs":"7"}
{"BlockIO":"0B / 57.4MB","CPUPerc":"0.49%","Container":"0c0c4eec6cd3","ID":"0c0c4eec6cd3","MemPerc":"0.68%","MemUsage":"51.2MiB / 7.38GiB","Name":"flash-cloud-bench-redis-1","NetIO":"297MB / 28.7MB","PIDs":"6"}
{"BlockIO":"0B / 0B","CPUPerc":"0.32%","Container":"facf8315afea","ID":"facf8315afea","MemPerc":"0.46%","MemUsage":"34.41MiB / 7.38GiB","Name":"flash-cloud-bench-consumer-1","NetIO":"89.9kB / 164kB","PIDs":"7"}
{"BlockIO":"0B / 0B","CPUPerc":"0.75%","Container":"d790ff1ba173","ID":"d790ff1ba173","MemPerc":"0.46%","MemUsage":"34.53MiB / 7.38GiB","Name":"flash-cloud-bench-publisher-1","NetIO":"1.43MB / 1.85MB","PIDs":"7"}
{"BlockIO":"0B / 0B","CPUPerc":"4.19%","Container":"e0a44f45bbd7","ID":"e0a44f45bbd7","MemPerc":"0.46%","MemUsage":"34.73MiB / 7.38GiB","Name":"flash-cloud-bench-simulator-1","NetIO":"4.89MB / 6.16MB","PIDs":"10"}
{"BlockIO":"0B / 0B","CPUPerc":"2.04%","Container":"a66f27ba8092","ID":"a66f27ba8092","MemPerc":"0.46%","MemUsage":"34.68MiB / 7.38GiB","Name":"flash-cloud-bench-maintenance-1","NetIO":"88.3MB / 314MB","PIDs":"6"}
{"BlockIO":"0B / 0B","CPUPerc":"1.82%","Container":"6fea00feedc4","ID":"6fea00feedc4","MemPerc":"0.02%","MemUsage":"1.562MiB / 7.38GiB","Name":"flash-cloud-bench-pgbouncer-1","NetIO":"118MB / 118MB","PIDs":"1"}
{"BlockIO":"0B / 606kB","CPUPerc":"9.35%","Container":"d440893966b4","ID":"d440893966b4","MemPerc":"0.91%","MemUsage":"68.93MiB / 7.38GiB","Name":"flash-cloud-bench-postgres-1","NetIO":"25.7MB / 92.4MB","PIDs":"13"}
{"BlockIO":"0B / 2.88MB","CPUPerc":"1.21%","Container":"562ac1217807","ID":"562ac1217807","MemPerc":"5.50%","MemUsage":"415.3MiB / 7.38GiB","Name":"flash-cloud-bench-kafka-1","NetIO":"77.3kB / 53.8kB","PIDs":"100"}
{"BlockIO":"0B / 221kB","CPUPerc":"0.22%","Container":"bc21247794d5","ID":"bc21247794d5","MemPerc":"0.33%","MemUsage":"24.76MiB / 7.38GiB","Name":"flash-cloud-bench-prometheus-1","NetIO":"810kB / 146kB","PIDs":"9"}
2026-09-08T04:58:43Z
{"BlockIO":"0B / 1.95MB","CPUPerc":"1.11%","Container":"5440352fa90e","ID":"5440352fa90e","MemPerc":"0.98%","MemUsage":"74.2MiB / 7.38GiB","Name":"flash-cloud-bench-api-1","NetIO":"27.4MB / 18.4MB","PIDs":"7"}
{"BlockIO":"0B / 57.4MB","CPUPerc":"22.36%","Container":"0c0c4eec6cd3","ID":"0c0c4eec6cd3","MemPerc":"0.68%","MemUsage":"51.6MiB / 7.38GiB","Name":"flash-cloud-bench-redis-1","NetIO":"335MB / 29MB","PIDs":"6"}
{"BlockIO":"0B / 0B","CPUPerc":"0.39%","Container":"facf8315afea","ID":"facf8315afea","MemPerc":"0.46%","MemUsage":"34.42MiB / 7.38GiB","Name":"flash-cloud-bench-consumer-1","NetIO":"94.8kB / 174kB","PIDs":"7"}
{"BlockIO":"0B / 0B","CPUPerc":"0.78%","Container":"d790ff1ba173","ID":"d790ff1ba173","MemPerc":"0.46%","MemUsage":"34.53MiB / 7.38GiB","Name":"flash-cloud-bench-publisher-1","NetIO":"1.52MB / 1.97MB","PIDs":"7"}
{"BlockIO":"0B / 0B","CPUPerc":"3.82%","Container":"e0a44f45bbd7","ID":"e0a44f45bbd7","MemPerc":"0.46%","MemUsage":"34.73MiB / 7.38GiB","Name":"flash-cloud-bench-simulator-1","NetIO":"5.2MB / 6.56MB","PIDs":"10"}
{"BlockIO":"0B / 0B","CPUPerc":"33.19%","Container":"a66f27ba8092","ID":"a66f27ba8092","MemPerc":"0.46%","MemUsage":"34.68MiB / 7.38GiB","Name":"flash-cloud-bench-maintenance-1","NetIO":"99.2MB / 353MB","PIDs":"6"}
{"BlockIO":"0B / 0B","CPUPerc":"8.28%","Container":"6fea00feedc4","ID":"6fea00feedc4","MemPerc":"0.02%","MemUsage":"1.57MiB / 7.38GiB","Name":"flash-cloud-bench-pgbouncer-1","NetIO":"132MB / 131MB","PIDs":"1"}
{"BlockIO":"0B / 606kB","CPUPerc":"20.03%","Container":"d440893966b4","ID":"d440893966b4","MemPerc":"0.91%","MemUsage":"68.96MiB / 7.38GiB","Name":"flash-cloud-bench-postgres-1","NetIO":"28.4MB / 103MB","PIDs":"13"}
{"BlockIO":"0B / 3.04MB","CPUPerc":"2.16%","Container":"562ac1217807","ID":"562ac1217807","MemPerc":"5.50%","MemUsage":"415.4MiB / 7.38GiB","Name":"flash-cloud-bench-kafka-1","NetIO":"81.5kB / 56.7kB","PIDs":"100"}
{"BlockIO":"0B / 242kB","CPUPerc":"0.22%","Container":"bc21247794d5","ID":"bc21247794d5","MemPerc":"0.33%","MemUsage":"24.76MiB / 7.38GiB","Name":"flash-cloud-bench-prometheus-1","NetIO":"873kB / 156kB","PIDs":"9"}
2026-09-08T04:58:54Z
{"BlockIO":"0B / 1.98MB","CPUPerc":"0.09%","Container":"5440352fa90e","ID":"5440352fa90e","MemPerc":"0.98%","MemUsage":"74.2MiB / 7.38GiB","Name":"flash-cloud-bench-api-1","NetIO":"27.5MB / 18.9MB","PIDs":"7"}
{"BlockIO":"0B / 86.1MB","CPUPerc":"2.70%","Container":"0c0c4eec6cd3","ID":"0c0c4eec6cd3","MemPerc":"0.68%","MemUsage":"51.32MiB / 7.38GiB","Name":"flash-cloud-bench-redis-1","NetIO":"335MB / 29MB","PIDs":"6"}
{"BlockIO":"0B / 0B","CPUPerc":"0.16%","Container":"facf8315afea","ID":"facf8315afea","MemPerc":"0.46%","MemUsage":"34.42MiB / 7.38GiB","Name":"flash-cloud-bench-consumer-1","NetIO":"99.7kB / 183kB","PIDs":"7"}
{"BlockIO":"0B / 0B","CPUPerc":"0.66%","Container":"d790ff1ba173","ID":"d790ff1ba173","MemPerc":"0.46%","MemUsage":"34.54MiB / 7.38GiB","Name":"flash-cloud-bench-publisher-1","NetIO":"1.61MB / 2.09MB","PIDs":"7"}
{"BlockIO":"0B / 0B","CPUPerc":"4.05%","Container":"e0a44f45bbd7","ID":"e0a44f45bbd7","MemPerc":"0.46%","MemUsage":"34.73MiB / 7.38GiB","Name":"flash-cloud-bench-simulator-1","NetIO":"5.52MB / 6.96MB","PIDs":"10"}
{"BlockIO":"0B / 0B","CPUPerc":"1.97%","Container":"a66f27ba8092","ID":"a66f27ba8092","MemPerc":"0.46%","MemUsage":"34.68MiB / 7.38GiB","Name":"flash-cloud-bench-maintenance-1","NetIO":"99.4MB / 353MB","PIDs":"6"}
{"BlockIO":"0B / 0B","CPUPerc":"1.69%","Container":"6fea00feedc4","ID":"6fea00feedc4","MemPerc":"0.02%","MemUsage":"1.566MiB / 7.38GiB","Name":"flash-cloud-bench-pgbouncer-1","NetIO":"133MB / 133MB","PIDs":"1"}
{"BlockIO":"0B / 606kB","CPUPerc":"3.86%","Container":"d440893966b4","ID":"d440893966b4","MemPerc":"0.91%","MemUsage":"68.96MiB / 7.38GiB","Name":"flash-cloud-bench-postgres-1","NetIO":"29.5MB / 104MB","PIDs":"13"}
{"BlockIO":"0B / 3.18MB","CPUPerc":"0.73%","Container":"562ac1217807","ID":"562ac1217807","MemPerc":"5.50%","MemUsage":"415.8MiB / 7.38GiB","Name":"flash-cloud-bench-kafka-1","NetIO":"85.6kB / 59.4kB","PIDs":"100"}
{"BlockIO":"0B / 262kB","CPUPerc":"0.13%","Container":"bc21247794d5","ID":"bc21247794d5","MemPerc":"0.31%","MemUsage":"23.44MiB / 7.38GiB","Name":"flash-cloud-bench-prometheus-1","NetIO":"940kB / 166kB","PIDs":"9"}
2026-09-08T04:59:04Z
{"BlockIO":"0B / 2.03MB","CPUPerc":"14.40%","Container":"5440352fa90e","ID":"5440352fa90e","MemPerc":"0.99%","MemUsage":"74.59MiB / 7.38GiB","Name":"flash-cloud-bench-api-1","NetIO":"55.2MB / 36.4MB","PIDs":"8"}
{"BlockIO":"0B / 86.1MB","CPUPerc":"25.38%","Container":"0c0c4eec6cd3","ID":"0c0c4eec6cd3","MemPerc":"0.68%","MemUsage":"51.73MiB / 7.38GiB","Name":"flash-cloud-bench-redis-1","NetIO":"373MB / 56.4MB","PIDs":"6"}
{"BlockIO":"0B / 0B","CPUPerc":"1.22%","Container":"facf8315afea","ID":"facf8315afea","MemPerc":"0.46%","MemUsage":"34.44MiB / 7.38GiB","Name":"flash-cloud-bench-consumer-1","NetIO":"133kB / 237kB","PIDs":"7"}
{"BlockIO":"0B / 0B","CPUPerc":"2.17%","Container":"d790ff1ba173","ID":"d790ff1ba173","MemPerc":"0.46%","MemUsage":"34.58MiB / 7.38GiB","Name":"flash-cloud-bench-publisher-1","NetIO":"1.74MB / 2.26MB","PIDs":"7"}
{"BlockIO":"0B / 0B","CPUPerc":"3.93%","Container":"e0a44f45bbd7","ID":"e0a44f45bbd7","MemPerc":"0.46%","MemUsage":"34.74MiB / 7.38GiB","Name":"flash-cloud-bench-simulator-1","NetIO":"5.83MB / 7.36MB","PIDs":"10"}
{"BlockIO":"0B / 0B","CPUPerc":"36.50%","Container":"a66f27ba8092","ID":"a66f27ba8092","MemPerc":"0.46%","MemUsage":"34.68MiB / 7.38GiB","Name":"flash-cloud-bench-maintenance-1","NetIO":"110MB / 392MB","PIDs":"6"}
{"BlockIO":"0B / 0B","CPUPerc":"9.29%","Container":"6fea00feedc4","ID":"6fea00feedc4","MemPerc":"0.02%","MemUsage":"1.582MiB / 7.38GiB","Name":"flash-cloud-bench-pgbouncer-1","NetIO":"147MB / 147MB","PIDs":"1"}
{"BlockIO":"0B / 606kB","CPUPerc":"22.42%","Container":"d440893966b4","ID":"d440893966b4","MemPerc":"0.92%","MemUsage":"69.81MiB / 7.38GiB","Name":"flash-cloud-bench-postgres-1","NetIO":"32.3MB / 115MB","PIDs":"13"}
{"BlockIO":"0B / 3.3MB","CPUPerc":"3.72%","Container":"562ac1217807","ID":"562ac1217807","MemPerc":"5.51%","MemUsage":"416.5MiB / 7.38GiB","Name":"flash-cloud-bench-kafka-1","NetIO":"113kB / 80.7kB","PIDs":"100"}
{"BlockIO":"0B / 274kB","CPUPerc":"0.34%","Container":"bc21247794d5","ID":"bc21247794d5","MemPerc":"0.31%","MemUsage":"23.48MiB / 7.38GiB","Name":"flash-cloud-bench-prometheus-1","NetIO":"1MB / 176kB","PIDs":"9"}
2026-09-08T04:59:14Z
{"BlockIO":"0B / 2.09MB","CPUPerc":"15.30%","Container":"5440352fa90e","ID":"5440352fa90e","MemPerc":"0.99%","MemUsage":"74.96MiB / 7.38GiB","Name":"flash-cloud-bench-api-1","NetIO":"57.5MB / 39.5MB","PIDs":"7"}
{"BlockIO":"0B / 86.1MB","CPUPerc":"1.86%","Container":"0c0c4eec6cd3","ID":"0c0c4eec6cd3","MemPerc":"0.68%","MemUsage":"51.35MiB / 7.38GiB","Name":"flash-cloud-bench-redis-1","NetIO":"375MB / 58.2MB","PIDs":"6"}
{"BlockIO":"0B / 0B","CPUPerc":"1.23%","Container":"facf8315afea","ID":"facf8315afea","MemPerc":"0.46%","MemUsage":"34.5MiB / 7.38GiB","Name":"flash-cloud-bench-consumer-1","NetIO":"214kB / 363kB","PIDs":"7"}
{"BlockIO":"0B / 0B","CPUPerc":"2.14%","Container":"d790ff1ba173","ID":"d790ff1ba173","MemPerc":"0.46%","MemUsage":"34.59MiB / 7.38GiB","Name":"flash-cloud-bench-publisher-1","NetIO":"1.93MB / 2.52MB","PIDs":"7"}
{"BlockIO":"0B / 0B","CPUPerc":"4.09%","Container":"e0a44f45bbd7","ID":"e0a44f45bbd7","MemPerc":"0.46%","MemUsage":"34.73MiB / 7.38GiB","Name":"flash-cloud-bench-simulator-1","NetIO":"6.15MB / 7.75MB","PIDs":"10"}
{"BlockIO":"0B / 0B","CPUPerc":"3.42%","Container":"a66f27ba8092","ID":"a66f27ba8092","MemPerc":"0.46%","MemUsage":"34.68MiB / 7.38GiB","Name":"flash-cloud-bench-maintenance-1","NetIO":"111MB / 393MB","PIDs":"6"}
{"BlockIO":"0B / 0B","CPUPerc":"3.08%","Container":"6fea00feedc4","ID":"6fea00feedc4","MemPerc":"0.02%","MemUsage":"1.559MiB / 7.38GiB","Name":"flash-cloud-bench-pgbouncer-1","NetIO":"149MB / 149MB","PIDs":"1"}
{"BlockIO":"0B / 606kB","CPUPerc":"12.63%","Container":"d440893966b4","ID":"d440893966b4","MemPerc":"0.93%","MemUsage":"70.2MiB / 7.38GiB","Name":"flash-cloud-bench-postgres-1","NetIO":"34.1MB / 116MB","PIDs":"13"}
{"BlockIO":"0B / 3.43MB","CPUPerc":"4.13%","Container":"562ac1217807","ID":"562ac1217807","MemPerc":"5.52%","MemUsage":"417.1MiB / 7.38GiB","Name":"flash-cloud-bench-kafka-1","NetIO":"173kB / 127kB","PIDs":"100"}
{"BlockIO":"0B / 295kB","CPUPerc":"0.00%","Container":"bc21247794d5","ID":"bc21247794d5","MemPerc":"0.31%","MemUsage":"23.48MiB / 7.38GiB","Name":"flash-cloud-bench-prometheus-1","NetIO":"1.07MB / 185kB","PIDs":"9"}
2026-09-08T04:59:24Z
{"BlockIO":"0B / 2.15MB","CPUPerc":"45.16%","Container":"5440352fa90e","ID":"5440352fa90e","MemPerc":"0.99%","MemUsage":"74.98MiB / 7.38GiB","Name":"flash-cloud-bench-api-1","NetIO":"61.3MB / 43.5MB","PIDs":"8"}
{"BlockIO":"0B / 86.1MB","CPUPerc":"29.31%","Container":"0c0c4eec6cd3","ID":"0c0c4eec6cd3","MemPerc":"0.68%","MemUsage":"51.76MiB / 7.38GiB","Name":"flash-cloud-bench-redis-1","NetIO":"413MB / 61.7MB","PIDs":"6"}
{"BlockIO":"0B / 0B","CPUPerc":"1.22%","Container":"facf8315afea","ID":"facf8315afea","MemPerc":"0.46%","MemUsage":"34.55MiB / 7.38GiB","Name":"flash-cloud-bench-consumer-1","NetIO":"297kB / 491kB","PIDs":"7"}
{"BlockIO":"0B / 0B","CPUPerc":"2.11%","Container":"d790ff1ba173","ID":"d790ff1ba173","MemPerc":"0.46%","MemUsage":"34.62MiB / 7.38GiB","Name":"flash-cloud-bench-publisher-1","NetIO":"2.11MB / 2.79MB","PIDs":"7"}
{"BlockIO":"0B / 0B","CPUPerc":"3.35%","Container":"e0a44f45bbd7","ID":"e0a44f45bbd7","MemPerc":"0.46%","MemUsage":"34.73MiB / 7.38GiB","Name":"flash-cloud-bench-simulator-1","NetIO":"6.46MB / 8.15MB","PIDs":"10"}
{"BlockIO":"0B / 0B","CPUPerc":"39.06%","Container":"a66f27ba8092","ID":"a66f27ba8092","MemPerc":"0.46%","MemUsage":"34.72MiB / 7.38GiB","Name":"flash-cloud-bench-maintenance-1","NetIO":"122MB / 432MB","PIDs":"6"}
{"BlockIO":"0B / 0B","CPUPerc":"9.92%","Container":"6fea00feedc4","ID":"6fea00feedc4","MemPerc":"0.02%","MemUsage":"1.57MiB / 7.38GiB","Name":"flash-cloud-bench-pgbouncer-1","NetIO":"164MB / 163MB","PIDs":"1"}
{"BlockIO":"0B / 606kB","CPUPerc":"23.83%","Container":"d440893966b4","ID":"d440893966b4","MemPerc":"0.96%","MemUsage":"72.26MiB / 7.38GiB","Name":"flash-cloud-bench-postgres-1","NetIO":"37.3MB / 128MB","PIDs":"14"}
{"BlockIO":"0B / 3.61MB","CPUPerc":"3.99%","Container":"562ac1217807","ID":"562ac1217807","MemPerc":"5.55%","MemUsage":"419.1MiB / 7.38GiB","Name":"flash-cloud-bench-kafka-1","NetIO":"247kB / 184kB","PIDs":"100"}
{"BlockIO":"0B / 303kB","CPUPerc":"0.33%","Container":"bc21247794d5","ID":"bc21247794d5","MemPerc":"0.31%","MemUsage":"23.48MiB / 7.38GiB","Name":"flash-cloud-bench-prometheus-1","NetIO":"1.13MB / 194kB","PIDs":"9"}
2026-09-08T04:59:34Z
{"BlockIO":"0B / 2.24MB","CPUPerc":"45.28%","Container":"5440352fa90e","ID":"5440352fa90e","MemPerc":"0.99%","MemUsage":"75.04MiB / 7.38GiB","Name":"flash-cloud-bench-api-1","NetIO":"66.3MB / 48.2MB","PIDs":"8"}
{"BlockIO":"0B / 86.1MB","CPUPerc":"1.97%","Container":"0c0c4eec6cd3","ID":"0c0c4eec6cd3","MemPerc":"0.68%","MemUsage":"51.54MiB / 7.38GiB","Name":"flash-cloud-bench-redis-1","NetIO":"415MB / 66.2MB","PIDs":"6"}
{"BlockIO":"0B / 0B","CPUPerc":"1.39%","Container":"facf8315afea","ID":"facf8315afea","MemPerc":"0.46%","MemUsage":"34.59MiB / 7.38GiB","Name":"flash-cloud-bench-consumer-1","NetIO":"379kB / 619kB","PIDs":"7"}
{"BlockIO":"0B / 0B","CPUPerc":"2.30%","Container":"d790ff1ba173","ID":"d790ff1ba173","MemPerc":"0.46%","MemUsage":"34.64MiB / 7.38GiB","Name":"flash-cloud-bench-publisher-1","NetIO":"2.3MB / 3.05MB","PIDs":"7"}
{"BlockIO":"0B / 0B","CPUPerc":"4.03%","Container":"e0a44f45bbd7","ID":"e0a44f45bbd7","MemPerc":"0.46%","MemUsage":"34.73MiB / 7.38GiB","Name":"flash-cloud-bench-simulator-1","NetIO":"6.78MB / 8.55MB","PIDs":"10"}
{"BlockIO":"0B / 0B","CPUPerc":"3.25%","Container":"a66f27ba8092","ID":"a66f27ba8092","MemPerc":"0.46%","MemUsage":"34.72MiB / 7.38GiB","Name":"flash-cloud-bench-maintenance-1","NetIO":"122MB / 432MB","PIDs":"6"}
{"BlockIO":"0B / 0B","CPUPerc":"3.07%","Container":"6fea00feedc4","ID":"6fea00feedc4","MemPerc":"0.02%","MemUsage":"1.578MiB / 7.38GiB","Name":"flash-cloud-bench-pgbouncer-1","NetIO":"166MB / 166MB","PIDs":"1"}
{"BlockIO":"0B / 606kB","CPUPerc":"7.18%","Container":"d440893966b4","ID":"d440893966b4","MemPerc":"0.99%","MemUsage":"74.66MiB / 7.38GiB","Name":"flash-cloud-bench-postgres-1","NetIO":"39.1MB / 129MB","PIDs":"14"}
{"BlockIO":"0B / 3.77MB","CPUPerc":"6.13%","Container":"562ac1217807","ID":"562ac1217807","MemPerc":"5.57%","MemUsage":"421.1MiB / 7.38GiB","Name":"flash-cloud-bench-kafka-1","NetIO":"314kB / 236kB","PIDs":"100"}
{"BlockIO":"0B / 324kB","CPUPerc":"0.34%","Container":"bc21247794d5","ID":"bc21247794d5","MemPerc":"0.31%","MemUsage":"23.49MiB / 7.38GiB","Name":"flash-cloud-bench-prometheus-1","NetIO":"1.19MB / 204kB","PIDs":"9"}
2026-09-08T04:59:44Z
{"BlockIO":"0B / 2.3MB","CPUPerc":"16.32%","Container":"5440352fa90e","ID":"5440352fa90e","MemPerc":"0.99%","MemUsage":"75.06MiB / 7.38GiB","Name":"flash-cloud-bench-api-1","NetIO":"71.6MB / 52.8MB","PIDs":"7"}
{"BlockIO":"0B / 86.1MB","CPUPerc":"22.49%","Container":"0c0c4eec6cd3","ID":"0c0c4eec6cd3","MemPerc":"0.69%","MemUsage":"51.85MiB / 7.38GiB","Name":"flash-cloud-bench-redis-1","NetIO":"453MB / 71.6MB","PIDs":"6"}
{"BlockIO":"0B / 0B","CPUPerc":"1.85%","Container":"facf8315afea","ID":"facf8315afea","MemPerc":"0.46%","MemUsage":"34.62MiB / 7.38GiB","Name":"flash-cloud-bench-consumer-1","NetIO":"460kB / 745kB","PIDs":"7"}
{"BlockIO":"0B / 0B","CPUPerc":"3.80%","Container":"d790ff1ba173","ID":"d790ff1ba173","MemPerc":"0.46%","MemUsage":"34.65MiB / 7.38GiB","Name":"flash-cloud-bench-publisher-1","NetIO":"2.49MB / 3.31MB","PIDs":"7"}
{"BlockIO":"0B / 0B","CPUPerc":"2.76%","Container":"e0a44f45bbd7","ID":"e0a44f45bbd7","MemPerc":"0.46%","MemUsage":"34.73MiB / 7.38GiB","Name":"flash-cloud-bench-simulator-1","NetIO":"7.09MB / 8.95MB","PIDs":"10"}
{"BlockIO":"0B / 0B","CPUPerc":"32.74%","Container":"a66f27ba8092","ID":"a66f27ba8092","MemPerc":"0.46%","MemUsage":"34.73MiB / 7.38GiB","Name":"flash-cloud-bench-maintenance-1","NetIO":"133MB / 471MB","PIDs":"6"}
{"BlockIO":"0B / 0B","CPUPerc":"8.54%","Container":"6fea00feedc4","ID":"6fea00feedc4","MemPerc":"0.02%","MemUsage":"1.57MiB / 7.38GiB","Name":"flash-cloud-bench-pgbouncer-1","NetIO":"181MB / 180MB","PIDs":"1"}
{"BlockIO":"0B / 606kB","CPUPerc":"26.05%","Container":"d440893966b4","ID":"d440893966b4","MemPerc":"0.99%","MemUsage":"74.84MiB / 7.38GiB","Name":"flash-cloud-bench-postgres-1","NetIO":"42.4MB / 140MB","PIDs":"14"}
{"BlockIO":"0B / 3.9MB","CPUPerc":"177.62%","Container":"562ac1217807","ID":"562ac1217807","MemPerc":"6.52%","MemUsage":"492.7MiB / 7.38GiB","Name":"flash-cloud-bench-kafka-1","NetIO":"380kB / 287kB","PIDs":"119"}
{"BlockIO":"0B / 332kB","CPUPerc":"0.00%","Container":"bc21247794d5","ID":"bc21247794d5","MemPerc":"0.31%","MemUsage":"23.48MiB / 7.38GiB","Name":"flash-cloud-bench-prometheus-1","NetIO":"1.26MB / 213kB","PIDs":"9"}
2026-09-08T04:59:54Z
{"BlockIO":"0B / 2.41MB","CPUPerc":"17.03%","Container":"5440352fa90e","ID":"5440352fa90e","MemPerc":"1.00%","MemUsage":"75.57MiB / 7.38GiB","Name":"flash-cloud-bench-api-1","NetIO":"80MB / 59.5MB","PIDs":"8"}
{"BlockIO":"0B / 115MB","CPUPerc":"4.51%","Container":"0c0c4eec6cd3","ID":"0c0c4eec6cd3","MemPerc":"0.68%","MemUsage":"51.47MiB / 7.38GiB","Name":"flash-cloud-bench-redis-1","NetIO":"454MB / 79.1MB","PIDs":"6"}
{"BlockIO":"0B / 0B","CPUPerc":"1.17%","Container":"facf8315afea","ID":"facf8315afea","MemPerc":"0.46%","MemUsage":"34.63MiB / 7.38GiB","Name":"flash-cloud-bench-consumer-1","NetIO":"541kB / 870kB","PIDs":"7"}
{"BlockIO":"0B / 0B","CPUPerc":"1.99%","Container":"d790ff1ba173","ID":"d790ff1ba173","MemPerc":"0.46%","MemUsage":"34.66MiB / 7.38GiB","Name":"flash-cloud-bench-publisher-1","NetIO":"2.67MB / 3.57MB","PIDs":"7"}
{"BlockIO":"0B / 0B","CPUPerc":"4.18%","Container":"e0a44f45bbd7","ID":"e0a44f45bbd7","MemPerc":"0.46%","MemUsage":"34.73MiB / 7.38GiB","Name":"flash-cloud-bench-simulator-1","NetIO":"7.41MB / 9.34MB","PIDs":"10"}
{"BlockIO":"0B / 0B","CPUPerc":"3.37%","Container":"a66f27ba8092","ID":"a66f27ba8092","MemPerc":"0.46%","MemUsage":"34.73MiB / 7.38GiB","Name":"flash-cloud-bench-maintenance-1","NetIO":"134MB / 472MB","PIDs":"6"}
{"BlockIO":"0B / 0B","CPUPerc":"3.04%","Container":"6fea00feedc4","ID":"6fea00feedc4","MemPerc":"0.02%","MemUsage":"1.586MiB / 7.38GiB","Name":"flash-cloud-bench-pgbouncer-1","NetIO":"183MB / 183MB","PIDs":"1"}
{"BlockIO":"0B / 606kB","CPUPerc":"7.21%","Container":"d440893966b4","ID":"d440893966b4","MemPerc":"0.99%","MemUsage":"74.91MiB / 7.38GiB","Name":"flash-cloud-bench-postgres-1","NetIO":"44.2MB / 141MB","PIDs":"14"}
{"BlockIO":"0B / 4.01MB","CPUPerc":"2.20%","Container":"562ac1217807","ID":"562ac1217807","MemPerc":"5.63%","MemUsage":"425.5MiB / 7.38GiB","Name":"flash-cloud-bench-kafka-1","NetIO":"439kB / 333kB","PIDs":"100"}
{"BlockIO":"0B / 332kB","CPUPerc":"0.00%","Container":"bc21247794d5","ID":"bc21247794d5","MemPerc":"0.31%","MemUsage":"23.5MiB / 7.38GiB","Name":"flash-cloud-bench-prometheus-1","NetIO":"1.32MB / 223kB","PIDs":"9"}
2026-09-08T05:00:04Z
{"BlockIO":"0B / 2.51MB","CPUPerc":"17.81%","Container":"5440352fa90e","ID":"5440352fa90e","MemPerc":"1.00%","MemUsage":"75.36MiB / 7.38GiB","Name":"flash-cloud-bench-api-1","NetIO":"88.7MB / 66.2MB","PIDs":"8"}
{"BlockIO":"0B / 115MB","CPUPerc":"20.13%","Container":"0c0c4eec6cd3","ID":"0c0c4eec6cd3","MemPerc":"0.69%","MemUsage":"51.88MiB / 7.38GiB","Name":"flash-cloud-bench-redis-1","NetIO":"493MB / 87.4MB","PIDs":"6"}
{"BlockIO":"0B / 0B","CPUPerc":"1.15%","Container":"facf8315afea","ID":"facf8315afea","MemPerc":"0.46%","MemUsage":"34.65MiB / 7.38GiB","Name":"flash-cloud-bench-consumer-1","NetIO":"623kB / 998kB","PIDs":"7"}
{"BlockIO":"0B / 0B","CPUPerc":"2.06%","Container":"d790ff1ba173","ID":"d790ff1ba173","MemPerc":"0.46%","MemUsage":"34.66MiB / 7.38GiB","Name":"flash-cloud-bench-publisher-1","NetIO":"2.86MB / 3.83MB","PIDs":"7"}
{"BlockIO":"0B / 0B","CPUPerc":"3.32%","Container":"e0a44f45bbd7","ID":"e0a44f45bbd7","MemPerc":"0.46%","MemUsage":"34.73MiB / 7.38GiB","Name":"flash-cloud-bench-simulator-1","NetIO":"7.69MB / 9.7MB","PIDs":"10"}
{"BlockIO":"0B / 0B","CPUPerc":"28.65%","Container":"a66f27ba8092","ID":"a66f27ba8092","MemPerc":"0.46%","MemUsage":"34.74MiB / 7.38GiB","Name":"flash-cloud-bench-maintenance-1","NetIO":"145MB / 512MB","PIDs":"6"}
{"BlockIO":"0B / 0B","CPUPerc":"8.00%","Container":"6fea00feedc4","ID":"6fea00feedc4","MemPerc":"0.02%","MemUsage":"1.562MiB / 7.38GiB","Name":"flash-cloud-bench-pgbouncer-1","NetIO":"198MB / 197MB","PIDs":"1"}
{"BlockIO":"0B / 606kB","CPUPerc":"19.29%","Container":"d440893966b4","ID":"d440893966b4","MemPerc":"0.99%","MemUsage":"75MiB / 7.38GiB","Name":"flash-cloud-bench-postgres-1","NetIO":"47.5MB / 153MB","PIDs":"14"}
{"BlockIO":"0B / 4.15MB","CPUPerc":"1.71%","Container":"562ac1217807","ID":"562ac1217807","MemPerc":"5.65%","MemUsage":"427MiB / 7.38GiB","Name":"flash-cloud-bench-kafka-1","NetIO":"513kB / 391kB","PIDs":"100"}
{"BlockIO":"0B / 332kB","CPUPerc":"0.01%","Container":"bc21247794d5","ID":"bc21247794d5","MemPerc":"0.31%","MemUsage":"23.49MiB / 7.38GiB","Name":"flash-cloud-bench-prometheus-1","NetIO":"1.38MB / 232kB","PIDs":"9"}
2026-09-08T05:00:14Z
{"BlockIO":"0B / 2.63MB","CPUPerc":"17.02%","Container":"5440352fa90e","ID":"5440352fa90e","MemPerc":"1.00%","MemUsage":"75.36MiB / 7.38GiB","Name":"flash-cloud-bench-api-1","NetIO":"98MB / 73.3MB","PIDs":"7"}
{"BlockIO":"0B / 115MB","CPUPerc":"2.75%","Container":"0c0c4eec6cd3","ID":"0c0c4eec6cd3","MemPerc":"0.68%","MemUsage":"51.52MiB / 7.38GiB","Name":"flash-cloud-bench-redis-1","NetIO":"494MB / 95.6MB","PIDs":"6"}
{"BlockIO":"0B / 0B","CPUPerc":"1.30%","Container":"facf8315afea","ID":"facf8315afea","MemPerc":"0.46%","MemUsage":"34.65MiB / 7.38GiB","Name":"flash-cloud-bench-consumer-1","NetIO":"704kB / 1.12MB","PIDs":"7"}
{"BlockIO":"0B / 0B","CPUPerc":"2.00%","Container":"d790ff1ba173","ID":"d790ff1ba173","MemPerc":"0.46%","MemUsage":"34.66MiB / 7.38GiB","Name":"flash-cloud-bench-publisher-1","NetIO":"3.05MB / 4.09MB","PIDs":"7"}
{"BlockIO":"0B / 0B","CPUPerc":"3.88%","Container":"e0a44f45bbd7","ID":"e0a44f45bbd7","MemPerc":"0.46%","MemUsage":"34.73MiB / 7.38GiB","Name":"flash-cloud-bench-simulator-1","NetIO":"8.03MB / 10.1MB","PIDs":"10"}
{"BlockIO":"0B / 0B","CPUPerc":"3.43%","Container":"a66f27ba8092","ID":"a66f27ba8092","MemPerc":"0.46%","MemUsage":"34.74MiB / 7.38GiB","Name":"flash-cloud-bench-maintenance-1","NetIO":"145MB / 512MB","PIDs":"6"}
{"BlockIO":"0B / 0B","CPUPerc":"2.96%","Container":"6fea00feedc4","ID":"6fea00feedc4","MemPerc":"0.02%","MemUsage":"1.566MiB / 7.38GiB","Name":"flash-cloud-bench-pgbouncer-1","NetIO":"200MB / 200MB","PIDs":"1"}
{"BlockIO":"0B / 606kB","CPUPerc":"9.99%","Container":"d440893966b4","ID":"d440893966b4","MemPerc":"1.02%","MemUsage":"76.9MiB / 7.38GiB","Name":"flash-cloud-bench-postgres-1","NetIO":"49.3MB / 154MB","PIDs":"16"}
{"BlockIO":"0B / 4.29MB","CPUPerc":"3.85%","Container":"562ac1217807","ID":"562ac1217807","MemPerc":"5.68%","MemUsage":"428.9MiB / 7.38GiB","Name":"flash-cloud-bench-kafka-1","NetIO":"579kB / 442kB","PIDs":"100"}
{"BlockIO":"0B / 365kB","CPUPerc":"0.05%","Container":"bc21247794d5","ID":"bc21247794d5","MemPerc":"0.31%","MemUsage":"23.51MiB / 7.38GiB","Name":"flash-cloud-bench-prometheus-1","NetIO":"1.45MB / 242kB","PIDs":"9"}
2026-09-08T05:00:24Z
{"BlockIO":"0B / 2.75MB","CPUPerc":"19.40%","Container":"5440352fa90e","ID":"5440352fa90e","MemPerc":"1.00%","MemUsage":"75.39MiB / 7.38GiB","Name":"flash-cloud-bench-api-1","NetIO":"107MB / 80.4MB","PIDs":"8"}
{"BlockIO":"0B / 115MB","CPUPerc":"21.89%","Container":"0c0c4eec6cd3","ID":"0c0c4eec6cd3","MemPerc":"0.69%","MemUsage":"51.88MiB / 7.38GiB","Name":"flash-cloud-bench-redis-1","NetIO":"533MB / 105MB","PIDs":"6"}
{"BlockIO":"0B / 0B","CPUPerc":"1.24%","Container":"facf8315afea","ID":"facf8315afea","MemPerc":"0.46%","MemUsage":"34.66MiB / 7.38GiB","Name":"flash-cloud-bench-consumer-1","NetIO":"791kB / 1.26MB","PIDs":"7"}
{"BlockIO":"0B / 0B","CPUPerc":"2.21%","Container":"d790ff1ba173","ID":"d790ff1ba173","MemPerc":"0.46%","MemUsage":"34.66MiB / 7.38GiB","Name":"flash-cloud-bench-publisher-1","NetIO":"3.24MB / 4.36MB","PIDs":"7"}
{"BlockIO":"0B / 0B","CPUPerc":"3.74%","Container":"e0a44f45bbd7","ID":"e0a44f45bbd7","MemPerc":"0.46%","MemUsage":"34.73MiB / 7.38GiB","Name":"flash-cloud-bench-simulator-1","NetIO":"8.35MB / 10.5MB","PIDs":"10"}
{"BlockIO":"0B / 0B","CPUPerc":"27.52%","Container":"a66f27ba8092","ID":"a66f27ba8092","MemPerc":"0.46%","MemUsage":"34.75MiB / 7.38GiB","Name":"flash-cloud-bench-maintenance-1","NetIO":"156MB / 552MB","PIDs":"6"}
{"BlockIO":"0B / 0B","CPUPerc":"7.67%","Container":"6fea00feedc4","ID":"6fea00feedc4","MemPerc":"0.02%","MemUsage":"1.578MiB / 7.38GiB","Name":"flash-cloud-bench-pgbouncer-1","NetIO":"215MB / 214MB","PIDs":"1"}
{"BlockIO":"0B / 606kB","CPUPerc":"31.61%","Container":"d440893966b4","ID":"d440893966b4","MemPerc":"1.04%","MemUsage":"78.92MiB / 7.38GiB","Name":"flash-cloud-bench-postgres-1","NetIO":"52.5MB / 165MB","PIDs":"15"}
{"BlockIO":"0B / 4.45MB","CPUPerc":"2.30%","Container":"562ac1217807","ID":"562ac1217807","MemPerc":"5.69%","MemUsage":"430.2MiB / 7.38GiB","Name":"flash-cloud-bench-kafka-1","NetIO":"650kB / 497kB","PIDs":"100"}
{"BlockIO":"0B / 365kB","CPUPerc":"0.14%","Container":"bc21247794d5","ID":"bc21247794d5","MemPerc":"0.31%","MemUsage":"23.55MiB / 7.38GiB","Name":"flash-cloud-bench-prometheus-1","NetIO":"1.51MB / 251kB","PIDs":"9"}
2026-09-08T05:00:35Z
{"BlockIO":"0B / 2.87MB","CPUPerc":"16.19%","Container":"5440352fa90e","ID":"5440352fa90e","MemPerc":"1.00%","MemUsage":"75.4MiB / 7.38GiB","Name":"flash-cloud-bench-api-1","NetIO":"116MB / 87.2MB","PIDs":"8"}
{"BlockIO":"0B / 115MB","CPUPerc":"2.19%","Container":"0c0c4eec6cd3","ID":"0c0c4eec6cd3","MemPerc":"0.68%","MemUsage":"51.55MiB / 7.38GiB","Name":"flash-cloud-bench-redis-1","NetIO":"534MB / 114MB","PIDs":"6"}
{"BlockIO":"0B / 0B","CPUPerc":"1.18%","Container":"facf8315afea","ID":"facf8315afea","MemPerc":"0.46%","MemUsage":"34.66MiB / 7.38GiB","Name":"flash-cloud-bench-consumer-1","NetIO":"874kB / 1.39MB","PIDs":"7"}
{"BlockIO":"0B / 0B","CPUPerc":"2.05%","Container":"d790ff1ba173","ID":"d790ff1ba173","MemPerc":"0.46%","MemUsage":"34.66MiB / 7.38GiB","Name":"flash-cloud-bench-publisher-1","NetIO":"3.42MB / 4.62MB","PIDs":"7"}
{"BlockIO":"0B / 0B","CPUPerc":"4.06%","Container":"e0a44f45bbd7","ID":"e0a44f45bbd7","MemPerc":"0.46%","MemUsage":"34.73MiB / 7.38GiB","Name":"flash-cloud-bench-simulator-1","NetIO":"8.66MB / 10.9MB","PIDs":"10"}
{"BlockIO":"0B / 0B","CPUPerc":"3.39%","Container":"a66f27ba8092","ID":"a66f27ba8092","MemPerc":"0.46%","MemUsage":"34.75MiB / 7.38GiB","Name":"flash-cloud-bench-maintenance-1","NetIO":"157MB / 552MB","PIDs":"6"}
{"BlockIO":"0B / 0B","CPUPerc":"2.97%","Container":"6fea00feedc4","ID":"6fea00feedc4","MemPerc":"0.02%","MemUsage":"1.566MiB / 7.38GiB","Name":"flash-cloud-bench-pgbouncer-1","NetIO":"217MB / 217MB","PIDs":"1"}
{"BlockIO":"0B / 606kB","CPUPerc":"7.05%","Container":"d440893966b4","ID":"d440893966b4","MemPerc":"1.00%","MemUsage":"75.91MiB / 7.38GiB","Name":"flash-cloud-bench-postgres-1","NetIO":"54.3MB / 166MB","PIDs":"14"}
{"BlockIO":"0B / 4.61MB","CPUPerc":"1.64%","Container":"562ac1217807","ID":"562ac1217807","MemPerc":"5.71%","MemUsage":"431.7MiB / 7.38GiB","Name":"flash-cloud-bench-kafka-1","NetIO":"717kB / 549kB","PIDs":"100"}
{"BlockIO":"0B / 365kB","CPUPerc":"0.13%","Container":"bc21247794d5","ID":"bc21247794d5","MemPerc":"0.31%","MemUsage":"23.55MiB / 7.38GiB","Name":"flash-cloud-bench-prometheus-1","NetIO":"1.57MB / 261kB","PIDs":"9"}
2026-09-08T05:00:45Z
{"BlockIO":"0B / 3.01MB","CPUPerc":"17.69%","Container":"5440352fa90e","ID":"5440352fa90e","MemPerc":"1.00%","MemUsage":"75.43MiB / 7.38GiB","Name":"flash-cloud-bench-api-1","NetIO":"126MB / 94.2MB","PIDs":"8"}
{"BlockIO":"0B / 115MB","CPUPerc":"17.04%","Container":"0c0c4eec6cd3","ID":"0c0c4eec6cd3","MemPerc":"0.69%","MemUsage":"51.97MiB / 7.38GiB","Name":"flash-cloud-bench-redis-1","NetIO":"573MB / 123MB","PIDs":"6"}
{"BlockIO":"0B / 0B","CPUPerc":"1.22%","Container":"facf8315afea","ID":"facf8315afea","MemPerc":"0.46%","MemUsage":"34.67MiB / 7.38GiB","Name":"flash-cloud-bench-consumer-1","NetIO":"957kB / 1.52MB","PIDs":"7"}
{"BlockIO":"0B / 0B","CPUPerc":"2.30%","Container":"d790ff1ba173","ID":"d790ff1ba173","MemPerc":"0.46%","MemUsage":"34.66MiB / 7.38GiB","Name":"flash-cloud-bench-publisher-1","NetIO":"3.59MB / 4.86MB","PIDs":"7"}
{"BlockIO":"0B / 0B","CPUPerc":"3.63%","Container":"e0a44f45bbd7","ID":"e0a44f45bbd7","MemPerc":"0.46%","MemUsage":"34.73MiB / 7.38GiB","Name":"flash-cloud-bench-simulator-1","NetIO":"8.98MB / 11.3MB","PIDs":"10"}
{"BlockIO":"0B / 0B","CPUPerc":"23.74%","Container":"a66f27ba8092","ID":"a66f27ba8092","MemPerc":"0.46%","MemUsage":"34.75MiB / 7.38GiB","Name":"flash-cloud-bench-maintenance-1","NetIO":"168MB / 591MB","PIDs":"6"}
{"BlockIO":"0B / 0B","CPUPerc":"6.85%","Container":"6fea00feedc4","ID":"6fea00feedc4","MemPerc":"0.02%","MemUsage":"1.566MiB / 7.38GiB","Name":"flash-cloud-bench-pgbouncer-1","NetIO":"232MB / 231MB","PIDs":"1"}
{"BlockIO":"0B / 610kB","CPUPerc":"17.03%","Container":"d440893966b4","ID":"d440893966b4","MemPerc":"1.01%","MemUsage":"76.05MiB / 7.38GiB","Name":"flash-cloud-bench-postgres-1","NetIO":"57.5MB / 177MB","PIDs":"14"}
{"BlockIO":"0B / 4.73MB","CPUPerc":"1.82%","Container":"562ac1217807","ID":"562ac1217807","MemPerc":"5.73%","MemUsage":"433.1MiB / 7.38GiB","Name":"flash-cloud-bench-kafka-1","NetIO":"785kB / 602kB","PIDs":"100"}
{"BlockIO":"0B / 397kB","CPUPerc":"0.12%","Container":"bc21247794d5","ID":"bc21247794d5","MemPerc":"0.31%","MemUsage":"23.55MiB / 7.38GiB","Name":"flash-cloud-bench-prometheus-1","NetIO":"1.64MB / 271kB","PIDs":"9"}
2026-09-08T05:00:55Z
{"BlockIO":"0B / 3.16MB","CPUPerc":"17.72%","Container":"5440352fa90e","ID":"5440352fa90e","MemPerc":"1.00%","MemUsage":"75.46MiB / 7.38GiB","Name":"flash-cloud-bench-api-1","NetIO":"137MB / 102MB","PIDs":"8"}
{"BlockIO":"0B / 143MB","CPUPerc":"4.79%","Container":"0c0c4eec6cd3","ID":"0c0c4eec6cd3","MemPerc":"0.68%","MemUsage":"51.67MiB / 7.38GiB","Name":"flash-cloud-bench-redis-1","NetIO":"574MB / 133MB","PIDs":"6"}
{"BlockIO":"0B / 0B","CPUPerc":"1.15%","Container":"facf8315afea","ID":"facf8315afea","MemPerc":"0.46%","MemUsage":"34.67MiB / 7.38GiB","Name":"flash-cloud-bench-consumer-1","NetIO":"1.04MB / 1.64MB","PIDs":"7"}
{"BlockIO":"0B / 0B","CPUPerc":"2.06%","Container":"d790ff1ba173","ID":"d790ff1ba173","MemPerc":"0.46%","MemUsage":"34.66MiB / 7.38GiB","Name":"flash-cloud-bench-publisher-1","NetIO":"3.8MB / 5.15MB","PIDs":"7"}
{"BlockIO":"0B / 0B","CPUPerc":"3.96%","Container":"e0a44f45bbd7","ID":"e0a44f45bbd7","MemPerc":"0.46%","MemUsage":"34.73MiB / 7.38GiB","Name":"flash-cloud-bench-simulator-1","NetIO":"9.3MB / 11.7MB","PIDs":"10"}
{"BlockIO":"0B / 0B","CPUPerc":"3.45%","Container":"a66f27ba8092","ID":"a66f27ba8092","MemPerc":"0.46%","MemUsage":"34.75MiB / 7.38GiB","Name":"flash-cloud-bench-maintenance-1","NetIO":"168MB / 592MB","PIDs":"6"}
{"BlockIO":"0B / 0B","CPUPerc":"3.10%","Container":"6fea00feedc4","ID":"6fea00feedc4","MemPerc":"0.02%","MemUsage":"1.574MiB / 7.38GiB","Name":"flash-cloud-bench-pgbouncer-1","NetIO":"234MB / 234MB","PIDs":"1"}
{"BlockIO":"0B / 643kB","CPUPerc":"12.56%","Container":"d440893966b4","ID":"d440893966b4","MemPerc":"1.01%","MemUsage":"76.14MiB / 7.38GiB","Name":"flash-cloud-bench-postgres-1","NetIO":"59.3MB / 179MB","PIDs":"14"}
{"BlockIO":"0B / 4.86MB","CPUPerc":"1.88%","Container":"562ac1217807","ID":"562ac1217807","MemPerc":"5.74%","MemUsage":"434MiB / 7.38GiB","Name":"flash-cloud-bench-kafka-1","NetIO":"850kB / 653kB","PIDs":"100"}
{"BlockIO":"0B / 397kB","CPUPerc":"0.00%","Container":"bc21247794d5","ID":"bc21247794d5","MemPerc":"0.31%","MemUsage":"23.55MiB / 7.38GiB","Name":"flash-cloud-bench-prometheus-1","NetIO":"1.7MB / 280kB","PIDs":"9"}
2026-09-08T05:01:05Z
{"BlockIO":"0B / 3.32MB","CPUPerc":"49.95%","Container":"5440352fa90e","ID":"5440352fa90e","MemPerc":"1.00%","MemUsage":"75.54MiB / 7.38GiB","Name":"flash-cloud-bench-api-1","NetIO":"147MB / 110MB","PIDs":"8"}
{"BlockIO":"0B / 143MB","CPUPerc":"23.14%","Container":"0c0c4eec6cd3","ID":"0c0c4eec6cd3","MemPerc":"0.69%","MemUsage":"51.96MiB / 7.38GiB","Name":"flash-cloud-bench-redis-1","NetIO":"610MB / 143MB","PIDs":"6"}
{"BlockIO":"0B / 0B","CPUPerc":"2.15%","Container":"facf8315afea","ID":"facf8315afea","MemPerc":"0.46%","MemUsage":"34.67MiB / 7.38GiB","Name":"flash-cloud-bench-consumer-1","NetIO":"1.15MB / 1.82MB","PIDs":"7"}
{"BlockIO":"0B / 0B","CPUPerc":"2.82%","Container":"d790ff1ba173","ID":"d790ff1ba173","MemPerc":"0.46%","MemUsage":"34.68MiB / 7.38GiB","Name":"flash-cloud-bench-publisher-1","NetIO":"4MB / 5.44MB","PIDs":"7"}
{"BlockIO":"0B / 0B","CPUPerc":"2.99%","Container":"e0a44f45bbd7","ID":"e0a44f45bbd7","MemPerc":"0.46%","MemUsage":"34.73MiB / 7.38GiB","Name":"flash-cloud-bench-simulator-1","NetIO":"9.61MB / 12.1MB","PIDs":"10"}
{"BlockIO":"0B / 0B","CPUPerc":"31.92%","Container":"a66f27ba8092","ID":"a66f27ba8092","MemPerc":"0.46%","MemUsage":"34.75MiB / 7.38GiB","Name":"flash-cloud-bench-maintenance-1","NetIO":"179MB / 629MB","PIDs":"6"}
{"BlockIO":"0B / 0B","CPUPerc":"8.74%","Container":"6fea00feedc4","ID":"6fea00feedc4","MemPerc":"0.02%","MemUsage":"1.57MiB / 7.38GiB","Name":"flash-cloud-bench-pgbouncer-1","NetIO":"248MB / 248MB","PIDs":"1"}
{"BlockIO":"0B / 643kB","CPUPerc":"30.41%","Container":"d440893966b4","ID":"d440893966b4","MemPerc":"1.01%","MemUsage":"76.25MiB / 7.38GiB","Name":"flash-cloud-bench-postgres-1","NetIO":"62.6MB / 189MB","PIDs":"14"}
{"BlockIO":"0B / 5MB","CPUPerc":"68.61%","Container":"562ac1217807","ID":"562ac1217807","MemPerc":"5.76%","MemUsage":"435.6MiB / 7.38GiB","Name":"flash-cloud-bench-kafka-1","NetIO":"941kB / 725kB","PIDs":"100"}
{"BlockIO":"0B / 397kB","CPUPerc":"0.00%","Container":"bc21247794d5","ID":"bc21247794d5","MemPerc":"0.31%","MemUsage":"23.56MiB / 7.38GiB","Name":"flash-cloud-bench-prometheus-1","NetIO":"1.76MB / 289kB","PIDs":"9"}
2026-09-08T05:01:15Z
{"BlockIO":"0B / 3.48MB","CPUPerc":"49.16%","Container":"5440352fa90e","ID":"5440352fa90e","MemPerc":"1.00%","MemUsage":"75.58MiB / 7.38GiB","Name":"flash-cloud-bench-api-1","NetIO":"159MB / 118MB","PIDs":"7"}
{"BlockIO":"0B / 143MB","CPUPerc":"3.00%","Container":"0c0c4eec6cd3","ID":"0c0c4eec6cd3","MemPerc":"0.68%","MemUsage":"51.59MiB / 7.38GiB","Name":"flash-cloud-bench-redis-1","NetIO":"614MB / 155MB","PIDs":"6"}
{"BlockIO":"0B / 0B","CPUPerc":"2.18%","Container":"facf8315afea","ID":"facf8315afea","MemPerc":"0.46%","MemUsage":"34.68MiB / 7.38GiB","Name":"flash-cloud-bench-consumer-1","NetIO":"1.31MB / 2.06MB","PIDs":"7"}
{"BlockIO":"0B / 0B","CPUPerc":"2.98%","Container":"d790ff1ba173","ID":"d790ff1ba173","MemPerc":"0.46%","MemUsage":"34.7MiB / 7.38GiB","Name":"flash-cloud-bench-publisher-1","NetIO":"4.26MB / 5.81MB","PIDs":"7"}
{"BlockIO":"0B / 0B","CPUPerc":"3.67%","Container":"e0a44f45bbd7","ID":"e0a44f45bbd7","MemPerc":"0.46%","MemUsage":"34.73MiB / 7.38GiB","Name":"flash-cloud-bench-simulator-1","NetIO":"9.93MB / 12.5MB","PIDs":"10"}
{"BlockIO":"0B / 0B","CPUPerc":"5.53%","Container":"a66f27ba8092","ID":"a66f27ba8092","MemPerc":"0.46%","MemUsage":"34.75MiB / 7.38GiB","Name":"flash-cloud-bench-maintenance-1","NetIO":"180MB / 633MB","PIDs":"6"}
{"BlockIO":"0B / 0B","CPUPerc":"4.20%","Container":"6fea00feedc4","ID":"6fea00feedc4","MemPerc":"0.02%","MemUsage":"1.59MiB / 7.38GiB","Name":"flash-cloud-bench-pgbouncer-1","NetIO":"252MB / 252MB","PIDs":"1"}
{"BlockIO":"0B / 643kB","CPUPerc":"27.42%","Container":"d440893966b4","ID":"d440893966b4","MemPerc":"1.01%","MemUsage":"76.3MiB / 7.38GiB","Name":"flash-cloud-bench-postgres-1","NetIO":"65MB / 191MB","PIDs":"14"}
{"BlockIO":"0B / 5.1MB","CPUPerc":"44.11%","Container":"562ac1217807","ID":"562ac1217807","MemPerc":"6.15%","MemUsage":"464.7MiB / 7.38GiB","Name":"flash-cloud-bench-kafka-1","NetIO":"1.07MB / 824kB","PIDs":"119"}
{"BlockIO":"0B / 397kB","CPUPerc":"0.00%","Container":"bc21247794d5","ID":"bc21247794d5","MemPerc":"0.31%","MemUsage":"23.56MiB / 7.38GiB","Name":"flash-cloud-bench-prometheus-1","NetIO":"1.83MB / 299kB","PIDs":"9"}
2026-09-08T05:01:25Z
{"BlockIO":"0B / 3.65MB","CPUPerc":"19.65%","Container":"5440352fa90e","ID":"5440352fa90e","MemPerc":"1.00%","MemUsage":"75.73MiB / 7.38GiB","Name":"flash-cloud-bench-api-1","NetIO":"171MB / 127MB","PIDs":"8"}
{"BlockIO":"0B / 143MB","CPUPerc":"23.18%","Container":"0c0c4eec6cd3","ID":"0c0c4eec6cd3","MemPerc":"0.69%","MemUsage":"51.97MiB / 7.38GiB","Name":"flash-cloud-bench-redis-1","NetIO":"651MB / 166MB","PIDs":"6"}
{"BlockIO":"0B / 0B","CPUPerc":"1.91%","Container":"facf8315afea","ID":"facf8315afea","MemPerc":"0.46%","MemUsage":"34.68MiB / 7.38GiB","Name":"flash-cloud-bench-consumer-1","NetIO":"1.47MB / 2.3MB","PIDs":"7"}
{"BlockIO":"0B / 0B","CPUPerc":"2.40%","Container":"d790ff1ba173","ID":"d790ff1ba173","MemPerc":"0.46%","MemUsage":"34.7MiB / 7.38GiB","Name":"flash-cloud-bench-publisher-1","NetIO":"4.49MB / 6.14MB","PIDs":"7"}
{"BlockIO":"0B / 0B","CPUPerc":"3.69%","Container":"e0a44f45bbd7","ID":"e0a44f45bbd7","MemPerc":"0.46%","MemUsage":"34.73MiB / 7.38GiB","Name":"flash-cloud-bench-simulator-1","NetIO":"10.2MB / 12.9MB","PIDs":"10"}
{"BlockIO":"0B / 0B","CPUPerc":"29.99%","Container":"a66f27ba8092","ID":"a66f27ba8092","MemPerc":"0.46%","MemUsage":"34.75MiB / 7.38GiB","Name":"flash-cloud-bench-maintenance-1","NetIO":"191MB / 670MB","PIDs":"6"}
{"BlockIO":"0B / 0B","CPUPerc":"8.43%","Container":"6fea00feedc4","ID":"6fea00feedc4","MemPerc":"0.02%","MemUsage":"1.586MiB / 7.38GiB","Name":"flash-cloud-bench-pgbouncer-1","NetIO":"267MB / 266MB","PIDs":"1"}
{"BlockIO":"0B / 643kB","CPUPerc":"51.17%","Container":"d440893966b4","ID":"d440893966b4","MemPerc":"1.01%","MemUsage":"76.48MiB / 7.38GiB","Name":"flash-cloud-bench-postgres-1","NetIO":"68.5MB / 203MB","PIDs":"14"}
{"BlockIO":"0B / 5.25MB","CPUPerc":"7.44%","Container":"562ac1217807","ID":"562ac1217807","MemPerc":"5.81%","MemUsage":"438.9MiB / 7.38GiB","Name":"flash-cloud-bench-kafka-1","NetIO":"1.18MB / 918kB","PIDs":"100"}
{"BlockIO":"0B / 430kB","CPUPerc":"0.06%","Container":"bc21247794d5","ID":"bc21247794d5","MemPerc":"0.31%","MemUsage":"23.56MiB / 7.38GiB","Name":"flash-cloud-bench-prometheus-1","NetIO":"1.89MB / 308kB","PIDs":"9"}
2026-09-08T05:01:35Z
{"BlockIO":"0B / 3.84MB","CPUPerc":"18.93%","Container":"5440352fa90e","ID":"5440352fa90e","MemPerc":"1.00%","MemUsage":"75.73MiB / 7.38GiB","Name":"flash-cloud-bench-api-1","NetIO":"185MB / 137MB","PIDs":"8"}
{"BlockIO":"0B / 143MB","CPUPerc":"2.87%","Container":"0c0c4eec6cd3","ID":"0c0c4eec6cd3","MemPerc":"0.68%","MemUsage":"51.69MiB / 7.38GiB","Name":"flash-cloud-bench-redis-1","NetIO":"654MB / 180MB","PIDs":"6"}
{"BlockIO":"0B / 0B","CPUPerc":"2.00%","Container":"facf8315afea","ID":"facf8315afea","MemPerc":"0.46%","MemUsage":"34.68MiB / 7.38GiB","Name":"flash-cloud-bench-consumer-1","NetIO":"1.63MB / 2.54MB","PIDs":"7"}
{"BlockIO":"0B / 0B","CPUPerc":"2.56%","Container":"d790ff1ba173","ID":"d790ff1ba173","MemPerc":"0.46%","MemUsage":"34.73MiB / 7.38GiB","Name":"flash-cloud-bench-publisher-1","NetIO":"4.75MB / 6.5MB","PIDs":"7"}
{"BlockIO":"0B / 0B","CPUPerc":"3.99%","Container":"e0a44f45bbd7","ID":"e0a44f45bbd7","MemPerc":"0.46%","MemUsage":"34.73MiB / 7.38GiB","Name":"flash-cloud-bench-simulator-1","NetIO":"10.6MB / 13.3MB","PIDs":"10"}
{"BlockIO":"0B / 0B","CPUPerc":"5.24%","Container":"a66f27ba8092","ID":"a66f27ba8092","MemPerc":"0.46%","MemUsage":"34.75MiB / 7.38GiB","Name":"flash-cloud-bench-maintenance-1","NetIO":"192MB / 673MB","PIDs":"6"}
{"BlockIO":"0B / 0B","CPUPerc":"3.97%","Container":"6fea00feedc4","ID":"6fea00feedc4","MemPerc":"0.02%","MemUsage":"1.574MiB / 7.38GiB","Name":"flash-cloud-bench-pgbouncer-1","NetIO":"271MB / 270MB","PIDs":"1"}
{"BlockIO":"0B / 643kB","CPUPerc":"32.44%","Container":"d440893966b4","ID":"d440893966b4","MemPerc":"1.01%","MemUsage":"76.55MiB / 7.38GiB","Name":"flash-cloud-bench-postgres-1","NetIO":"70.8MB / 205MB","PIDs":"14"}
{"BlockIO":"0B / 5.41MB","CPUPerc":"2.41%","Container":"562ac1217807","ID":"562ac1217807","MemPerc":"5.91%","MemUsage":"446.5MiB / 7.38GiB","Name":"flash-cloud-bench-kafka-1","NetIO":"1.31MB / 1.02MB","PIDs":"100"}
{"BlockIO":"0B / 430kB","CPUPerc":"0.00%","Container":"bc21247794d5","ID":"bc21247794d5","MemPerc":"0.31%","MemUsage":"23.57MiB / 7.38GiB","Name":"flash-cloud-bench-prometheus-1","NetIO":"1.95MB / 318kB","PIDs":"9"}
2026-09-08T05:01:45Z
{"BlockIO":"0B / 4.03MB","CPUPerc":"19.16%","Container":"5440352fa90e","ID":"5440352fa90e","MemPerc":"1.00%","MemUsage":"75.75MiB / 7.38GiB","Name":"flash-cloud-bench-api-1","NetIO":"198MB / 146MB","PIDs":"8"}
{"BlockIO":"0B / 143MB","CPUPerc":"21.34%","Container":"0c0c4eec6cd3","ID":"0c0c4eec6cd3","MemPerc":"0.69%","MemUsage":"51.97MiB / 7.38GiB","Name":"flash-cloud-bench-redis-1","NetIO":"692MB / 193MB","PIDs":"6"}
{"BlockIO":"0B / 0B","CPUPerc":"2.26%","Container":"facf8315afea","ID":"facf8315afea","MemPerc":"0.46%","MemUsage":"34.69MiB / 7.38GiB","Name":"flash-cloud-bench-consumer-1","NetIO":"1.78MB / 2.78MB","PIDs":"7"}
{"BlockIO":"0B / 0B","CPUPerc":"2.91%","Container":"d790ff1ba173","ID":"d790ff1ba173","MemPerc":"0.46%","MemUsage":"34.75MiB / 7.38GiB","Name":"flash-cloud-bench-publisher-1","NetIO":"4.98MB / 6.84MB","PIDs":"7"}
{"BlockIO":"0B / 0B","CPUPerc":"3.53%","Container":"e0a44f45bbd7","ID":"e0a44f45bbd7","MemPerc":"0.46%","MemUsage":"34.73MiB / 7.38GiB","Name":"flash-cloud-bench-simulator-1","NetIO":"10.9MB / 13.7MB","PIDs":"10"}
{"BlockIO":"0B / 0B","CPUPerc":"30.10%","Container":"a66f27ba8092","ID":"a66f27ba8092","MemPerc":"0.46%","MemUsage":"34.75MiB / 7.38GiB","Name":"flash-cloud-bench-maintenance-1","NetIO":"203MB / 711MB","PIDs":"6"}
{"BlockIO":"0B / 0B","CPUPerc":"8.34%","Container":"6fea00feedc4","ID":"6fea00feedc4","MemPerc":"0.02%","MemUsage":"1.582MiB / 7.38GiB","Name":"flash-cloud-bench-pgbouncer-1","NetIO":"285MB / 285MB","PIDs":"1"}
{"BlockIO":"0B / 643kB","CPUPerc":"35.62%","Container":"d440893966b4","ID":"d440893966b4","MemPerc":"1.02%","MemUsage":"77MiB / 7.38GiB","Name":"flash-cloud-bench-postgres-1","NetIO":"74.3MB / 216MB","PIDs":"14"}
{"BlockIO":"0B / 5.59MB","CPUPerc":"2.22%","Container":"562ac1217807","ID":"562ac1217807","MemPerc":"5.99%","MemUsage":"452.9MiB / 7.38GiB","Name":"flash-cloud-bench-kafka-1","NetIO":"1.41MB / 1.1MB","PIDs":"100"}
{"BlockIO":"0B / 430kB","CPUPerc":"0.11%","Container":"bc21247794d5","ID":"bc21247794d5","MemPerc":"0.31%","MemUsage":"23.59MiB / 7.38GiB","Name":"flash-cloud-bench-prometheus-1","NetIO":"2.02MB / 327kB","PIDs":"9"}
2026-09-08T05:01:55Z
{"BlockIO":"0B / 4.23MB","CPUPerc":"19.48%","Container":"5440352fa90e","ID":"5440352fa90e","MemPerc":"1.00%","MemUsage":"75.75MiB / 7.38GiB","Name":"flash-cloud-bench-api-1","NetIO":"213MB / 156MB","PIDs":"8"}
{"BlockIO":"0B / 172MB","CPUPerc":"5.20%","Container":"0c0c4eec6cd3","ID":"0c0c4eec6cd3","MemPerc":"0.68%","MemUsage":"51.7MiB / 7.38GiB","Name":"flash-cloud-bench-redis-1","NetIO":"694MB / 207MB","PIDs":"6"}
{"BlockIO":"0B / 0B","CPUPerc":"2.07%","Container":"facf8315afea","ID":"facf8315afea","MemPerc":"0.46%","MemUsage":"34.69MiB / 7.38GiB","Name":"flash-cloud-bench-consumer-1","NetIO":"1.94MB / 3.02MB","PIDs":"7"}
{"BlockIO":"0B / 0B","CPUPerc":"2.74%","Container":"d790ff1ba173","ID":"d790ff1ba173","MemPerc":"0.46%","MemUsage":"34.78MiB / 7.38GiB","Name":"flash-cloud-bench-publisher-1","NetIO":"5.23MB / 7.2MB","PIDs":"7"}
{"BlockIO":"0B / 0B","CPUPerc":"3.88%","Container":"e0a44f45bbd7","ID":"e0a44f45bbd7","MemPerc":"0.46%","MemUsage":"34.73MiB / 7.38GiB","Name":"flash-cloud-bench-simulator-1","NetIO":"11.2MB / 14.1MB","PIDs":"10"}
{"BlockIO":"0B / 0B","CPUPerc":"5.48%","Container":"a66f27ba8092","ID":"a66f27ba8092","MemPerc":"0.46%","MemUsage":"34.75MiB / 7.38GiB","Name":"flash-cloud-bench-maintenance-1","NetIO":"204MB / 714MB","PIDs":"6"}
{"BlockIO":"0B / 0B","CPUPerc":"4.04%","Container":"6fea00feedc4","ID":"6fea00feedc4","MemPerc":"0.02%","MemUsage":"1.594MiB / 7.38GiB","Name":"flash-cloud-bench-pgbouncer-1","NetIO":"289MB / 288MB","PIDs":"1"}
{"BlockIO":"0B / 643kB","CPUPerc":"25.50%","Container":"d440893966b4","ID":"d440893966b4","MemPerc":"1.02%","MemUsage":"76.9MiB / 7.38GiB","Name":"flash-cloud-bench-postgres-1","NetIO":"76.6MB / 218MB","PIDs":"14"}
{"BlockIO":"0B / 5.82MB","CPUPerc":"4.40%","Container":"562ac1217807","ID":"562ac1217807","MemPerc":"6.10%","MemUsage":"461.2MiB / 7.38GiB","Name":"flash-cloud-bench-kafka-1","NetIO":"1.55MB / 1.21MB","PIDs":"100"}
{"BlockIO":"0B / 467kB","CPUPerc":"0.00%","Container":"bc21247794d5","ID":"bc21247794d5","MemPerc":"0.31%","MemUsage":"23.6MiB / 7.38GiB","Name":"flash-cloud-bench-prometheus-1","NetIO":"2.08MB / 337kB","PIDs":"9"}
2026-09-08T05:02:05Z
{"BlockIO":"0B / 4.44MB","CPUPerc":"28.64%","Container":"5440352fa90e","ID":"5440352fa90e","MemPerc":"1.01%","MemUsage":"76.08MiB / 7.38GiB","Name":"flash-cloud-bench-api-1","NetIO":"247MB / 178MB","PIDs":"11"}
{"BlockIO":"0B / 172MB","CPUPerc":"20.88%","Container":"0c0c4eec6cd3","ID":"0c0c4eec6cd3","MemPerc":"0.69%","MemUsage":"51.92MiB / 7.38GiB","Name":"flash-cloud-bench-redis-1","NetIO":"731MB / 241MB","PIDs":"6"}
{"BlockIO":"0B / 0B","CPUPerc":"3.29%","Container":"facf8315afea","ID":"facf8315afea","MemPerc":"0.46%","MemUsage":"34.7MiB / 7.38GiB","Name":"flash-cloud-bench-consumer-1","NetIO":"2.07MB / 3.22MB","PIDs":"7"}
{"BlockIO":"0B / 0B","CPUPerc":"3.51%","Container":"d790ff1ba173","ID":"d790ff1ba173","MemPerc":"0.46%","MemUsage":"34.79MiB / 7.38GiB","Name":"flash-cloud-bench-publisher-1","NetIO":"5.44MB / 7.5MB","PIDs":"7"}
{"BlockIO":"0B / 0B","CPUPerc":"3.35%","Container":"e0a44f45bbd7","ID":"e0a44f45bbd7","MemPerc":"0.46%","MemUsage":"34.73MiB / 7.38GiB","Name":"flash-cloud-bench-simulator-1","NetIO":"11.5MB / 14.5MB","PIDs":"10"}
{"BlockIO":"0B / 0B","CPUPerc":"30.90%","Container":"a66f27ba8092","ID":"a66f27ba8092","MemPerc":"0.46%","MemUsage":"34.75MiB / 7.38GiB","Name":"flash-cloud-bench-maintenance-1","NetIO":"214MB / 751MB","PIDs":"6"}
{"BlockIO":"0B / 0B","CPUPerc":"9.10%","Container":"6fea00feedc4","ID":"6fea00feedc4","MemPerc":"0.02%","MemUsage":"1.59MiB / 7.38GiB","Name":"flash-cloud-bench-pgbouncer-1","NetIO":"303MB / 302MB","PIDs":"1"}
{"BlockIO":"0B / 643kB","CPUPerc":"49.60%","Container":"d440893966b4","ID":"d440893966b4","MemPerc":"1.02%","MemUsage":"76.96MiB / 7.38GiB","Name":"flash-cloud-bench-postgres-1","NetIO":"79.9MB / 228MB","PIDs":"14"}
{"BlockIO":"0B / 6.03MB","CPUPerc":"3.20%","Container":"562ac1217807","ID":"562ac1217807","MemPerc":"6.19%","MemUsage":"467.6MiB / 7.38GiB","Name":"flash-cloud-bench-kafka-1","NetIO":"1.65MB / 1.29MB","PIDs":"100"}
{"BlockIO":"0B / 487kB","CPUPerc":"0.08%","Container":"bc21247794d5","ID":"bc21247794d5","MemPerc":"0.31%","MemUsage":"23.61MiB / 7.38GiB","Name":"flash-cloud-bench-prometheus-1","NetIO":"2.16MB / 347kB","PIDs":"9"}
2026-09-08T05:02:16Z
{"BlockIO":"0B / 4.66MB","CPUPerc":"29.94%","Container":"5440352fa90e","ID":"5440352fa90e","MemPerc":"1.01%","MemUsage":"76.11MiB / 7.38GiB","Name":"flash-cloud-bench-api-1","NetIO":"256MB / 185MB","PIDs":"8"}
{"BlockIO":"0B / 172MB","CPUPerc":"3.33%","Container":"0c0c4eec6cd3","ID":"0c0c4eec6cd3","MemPerc":"0.68%","MemUsage":"51.75MiB / 7.38GiB","Name":"flash-cloud-bench-redis-1","NetIO":"736MB / 248MB","PIDs":"6"}
{"BlockIO":"0B / 0B","CPUPerc":"7.34%","Container":"facf8315afea","ID":"facf8315afea","MemPerc":"0.46%","MemUsage":"34.71MiB / 7.38GiB","Name":"flash-cloud-bench-consumer-1","NetIO":"2.31MB / 3.57MB","PIDs":"7"}
{"BlockIO":"0B / 0B","CPUPerc":"3.55%","Container":"d790ff1ba173","ID":"d790ff1ba173","MemPerc":"0.46%","MemUsage":"34.82MiB / 7.38GiB","Name":"flash-cloud-bench-publisher-1","NetIO":"5.74MB / 7.93MB","PIDs":"7"}
{"BlockIO":"0B / 0B","CPUPerc":"3.76%","Container":"e0a44f45bbd7","ID":"e0a44f45bbd7","MemPerc":"0.46%","MemUsage":"34.73MiB / 7.38GiB","Name":"flash-cloud-bench-simulator-1","NetIO":"11.8MB / 14.9MB","PIDs":"10"}
{"BlockIO":"0B / 0B","CPUPerc":"6.03%","Container":"a66f27ba8092","ID":"a66f27ba8092","MemPerc":"0.46%","MemUsage":"34.75MiB / 7.38GiB","Name":"flash-cloud-bench-maintenance-1","NetIO":"216MB / 755MB","PIDs":"6"}
{"BlockIO":"0B / 0B","CPUPerc":"4.69%","Container":"6fea00feedc4","ID":"6fea00feedc4","MemPerc":"0.02%","MemUsage":"1.594MiB / 7.38GiB","Name":"flash-cloud-bench-pgbouncer-1","NetIO":"308MB / 307MB","PIDs":"1"}
{"BlockIO":"0B / 692kB","CPUPerc":"27.45%","Container":"d440893966b4","ID":"d440893966b4","MemPerc":"1.02%","MemUsage":"77.14MiB / 7.38GiB","Name":"flash-cloud-bench-postgres-1","NetIO":"82.8MB / 231MB","PIDs":"14"}
{"BlockIO":"0B / 6.21MB","CPUPerc":"2.90%","Container":"562ac1217807","ID":"562ac1217807","MemPerc":"6.48%","MemUsage":"489.8MiB / 7.38GiB","Name":"flash-cloud-bench-kafka-1","NetIO":"1.82MB / 1.43MB","PIDs":"100"}
{"BlockIO":"0B / 496kB","CPUPerc":"0.04%","Container":"bc21247794d5","ID":"bc21247794d5","MemPerc":"0.31%","MemUsage":"23.63MiB / 7.38GiB","Name":"flash-cloud-bench-prometheus-1","NetIO":"2.21MB / 356kB","PIDs":"9"}
2026-09-08T05:02:26Z
{"BlockIO":"0B / 4.89MB","CPUPerc":"34.58%","Container":"5440352fa90e","ID":"5440352fa90e","MemPerc":"1.01%","MemUsage":"76.37MiB / 7.38GiB","Name":"flash-cloud-bench-api-1","NetIO":"271MB / 197MB","PIDs":"11"}
{"BlockIO":"0B / 172MB","CPUPerc":"23.94%","Container":"0c0c4eec6cd3","ID":"0c0c4eec6cd3","MemPerc":"0.69%","MemUsage":"52.09MiB / 7.38GiB","Name":"flash-cloud-bench-redis-1","NetIO":"772MB / 262MB","PIDs":"6"}
{"BlockIO":"0B / 0B","CPUPerc":"3.75%","Container":"facf8315afea","ID":"facf8315afea","MemPerc":"0.46%","MemUsage":"34.72MiB / 7.38GiB","Name":"flash-cloud-bench-consumer-1","NetIO":"2.54MB / 3.92MB","PIDs":"7"}
{"BlockIO":"0B / 0B","CPUPerc":"3.69%","Container":"d790ff1ba173","ID":"d790ff1ba173","MemPerc":"0.46%","MemUsage":"34.84MiB / 7.38GiB","Name":"flash-cloud-bench-publisher-1","NetIO":"6.03MB / 8.35MB","PIDs":"7"}
{"BlockIO":"0B / 0B","CPUPerc":"3.06%","Container":"e0a44f45bbd7","ID":"e0a44f45bbd7","MemPerc":"0.46%","MemUsage":"34.73MiB / 7.38GiB","Name":"flash-cloud-bench-simulator-1","NetIO":"12.1MB / 15.3MB","PIDs":"10"}
{"BlockIO":"0B / 0B","CPUPerc":"29.44%","Container":"a66f27ba8092","ID":"a66f27ba8092","MemPerc":"0.46%","MemUsage":"34.75MiB / 7.38GiB","Name":"flash-cloud-bench-maintenance-1","NetIO":"226MB / 790MB","PIDs":"6"}
{"BlockIO":"0B / 0B","CPUPerc":"8.99%","Container":"6fea00feedc4","ID":"6fea00feedc4","MemPerc":"0.02%","MemUsage":"1.582MiB / 7.38GiB","Name":"flash-cloud-bench-pgbouncer-1","NetIO":"322MB / 322MB","PIDs":"1"}
{"BlockIO":"0B / 856kB","CPUPerc":"37.52%","Container":"d440893966b4","ID":"d440893966b4","MemPerc":"1.03%","MemUsage":"77.87MiB / 7.38GiB","Name":"flash-cloud-bench-postgres-1","NetIO":"86.7MB / 242MB","PIDs":"14"}
{"BlockIO":"0B / 6.52MB","CPUPerc":"81.09%","Container":"562ac1217807","ID":"562ac1217807","MemPerc":"6.48%","MemUsage":"489.9MiB / 7.38GiB","Name":"flash-cloud-bench-kafka-1","NetIO":"2MB / 1.57MB","PIDs":"100"}
{"BlockIO":"0B / 516kB","CPUPerc":"0.03%","Container":"bc21247794d5","ID":"bc21247794d5","MemPerc":"0.31%","MemUsage":"23.64MiB / 7.38GiB","Name":"flash-cloud-bench-prometheus-1","NetIO":"2.27MB / 365kB","PIDs":"9"}
2026-09-08T05:02:36Z
{"BlockIO":"0B / 5.12MB","CPUPerc":"36.49%","Container":"5440352fa90e","ID":"5440352fa90e","MemPerc":"1.02%","MemUsage":"76.71MiB / 7.38GiB","Name":"flash-cloud-bench-api-1","NetIO":"292MB / 212MB","PIDs":"11"}
{"BlockIO":"0B / 172MB","CPUPerc":"4.85%","Container":"0c0c4eec6cd3","ID":"0c0c4eec6cd3","MemPerc":"0.69%","MemUsage":"51.79MiB / 7.38GiB","Name":"flash-cloud-bench-redis-1","NetIO":"779MB / 283MB","PIDs":"6"}
{"BlockIO":"0B / 0B","CPUPerc":"8.30%","Container":"facf8315afea","ID":"facf8315afea","MemPerc":"0.46%","MemUsage":"34.74MiB / 7.38GiB","Name":"flash-cloud-bench-consumer-1","NetIO":"2.77MB / 4.27MB","PIDs":"7"}
{"BlockIO":"0B / 0B","CPUPerc":"3.47%","Container":"d790ff1ba173","ID":"d790ff1ba173","MemPerc":"0.46%","MemUsage":"34.84MiB / 7.38GiB","Name":"flash-cloud-bench-publisher-1","NetIO":"6.32MB / 8.77MB","PIDs":"7"}
{"BlockIO":"0B / 0B","CPUPerc":"3.56%","Container":"e0a44f45bbd7","ID":"e0a44f45bbd7","MemPerc":"0.46%","MemUsage":"34.73MiB / 7.38GiB","Name":"flash-cloud-bench-simulator-1","NetIO":"12.4MB / 15.7MB","PIDs":"10"}
{"BlockIO":"0B / 0B","CPUPerc":"6.62%","Container":"a66f27ba8092","ID":"a66f27ba8092","MemPerc":"0.46%","MemUsage":"34.75MiB / 7.38GiB","Name":"flash-cloud-bench-maintenance-1","NetIO":"228MB / 796MB","PIDs":"6"}
{"BlockIO":"0B / 0B","CPUPerc":"5.00%","Container":"6fea00feedc4","ID":"6fea00feedc4","MemPerc":"0.02%","MemUsage":"1.586MiB / 7.38GiB","Name":"flash-cloud-bench-pgbouncer-1","NetIO":"328MB / 327MB","PIDs":"1"}
{"BlockIO":"0B / 1.64MB","CPUPerc":"33.22%","Container":"d440893966b4","ID":"d440893966b4","MemPerc":"1.03%","MemUsage":"77.97MiB / 7.38GiB","Name":"flash-cloud-bench-postgres-1","NetIO":"89.6MB / 245MB","PIDs":"14"}
{"BlockIO":"0B / 6.74MB","CPUPerc":"41.46%","Container":"562ac1217807","ID":"562ac1217807","MemPerc":"6.80%","MemUsage":"514.2MiB / 7.38GiB","Name":"flash-cloud-bench-kafka-1","NetIO":"2.17MB / 1.71MB","PIDs":"119"}
{"BlockIO":"0B / 528kB","CPUPerc":"0.03%","Container":"bc21247794d5","ID":"bc21247794d5","MemPerc":"0.31%","MemUsage":"23.64MiB / 7.38GiB","Name":"flash-cloud-bench-prometheus-1","NetIO":"2.33MB / 374kB","PIDs":"9"}
2026-09-08T05:02:46Z
{"BlockIO":"0B / 5.37MB","CPUPerc":"60.64%","Container":"5440352fa90e","ID":"5440352fa90e","MemPerc":"1.02%","MemUsage":"76.77MiB / 7.38GiB","Name":"flash-cloud-bench-api-1","NetIO":"316MB / 228MB","PIDs":"9"}
{"BlockIO":"0B / 172MB","CPUPerc":"25.73%","Container":"0c0c4eec6cd3","ID":"0c0c4eec6cd3","MemPerc":"0.69%","MemUsage":"52.08MiB / 7.38GiB","Name":"flash-cloud-bench-redis-1","NetIO":"816MB / 305MB","PIDs":"6"}
{"BlockIO":"0B / 0B","CPUPerc":"3.04%","Container":"facf8315afea","ID":"facf8315afea","MemPerc":"0.46%","MemUsage":"34.75MiB / 7.38GiB","Name":"flash-cloud-bench-consumer-1","NetIO":"3MB / 4.62MB","PIDs":"7"}
{"BlockIO":"0B / 0B","CPUPerc":"3.28%","Container":"d790ff1ba173","ID":"d790ff1ba173","MemPerc":"0.46%","MemUsage":"34.85MiB / 7.38GiB","Name":"flash-cloud-bench-publisher-1","NetIO":"6.62MB / 9.2MB","PIDs":"7"}
{"BlockIO":"0B / 0B","CPUPerc":"3.35%","Container":"e0a44f45bbd7","ID":"e0a44f45bbd7","MemPerc":"0.46%","MemUsage":"34.73MiB / 7.38GiB","Name":"flash-cloud-bench-simulator-1","NetIO":"12.8MB / 16.1MB","PIDs":"10"}
{"BlockIO":"0B / 0B","CPUPerc":"34.27%","Container":"a66f27ba8092","ID":"a66f27ba8092","MemPerc":"0.46%","MemUsage":"35MiB / 7.38GiB","Name":"flash-cloud-bench-maintenance-1","NetIO":"238MB / 833MB","PIDs":"6"}
{"BlockIO":"0B / 0B","CPUPerc":"9.73%","Container":"6fea00feedc4","ID":"6fea00feedc4","MemPerc":"0.02%","MemUsage":"1.578MiB / 7.38GiB","Name":"flash-cloud-bench-pgbouncer-1","NetIO":"343MB / 342MB","PIDs":"1"}
{"BlockIO":"0B / 1.91MB","CPUPerc":"34.38%","Container":"d440893966b4","ID":"d440893966b4","MemPerc":"1.07%","MemUsage":"80.55MiB / 7.38GiB","Name":"flash-cloud-bench-postgres-1","NetIO":"93.6MB / 256MB","PIDs":"15"}
{"BlockIO":"0B / 6.98MB","CPUPerc":"8.47%","Container":"562ac1217807","ID":"562ac1217807","MemPerc":"6.57%","MemUsage":"496.4MiB / 7.38GiB","Name":"flash-cloud-bench-kafka-1","NetIO":"2.33MB / 1.84MB","PIDs":"100"}
{"BlockIO":"0B / 549kB","CPUPerc":"0.21%","Container":"bc21247794d5","ID":"bc21247794d5","MemPerc":"0.31%","MemUsage":"23.66MiB / 7.38GiB","Name":"flash-cloud-bench-prometheus-1","NetIO":"2.42MB / 386kB","PIDs":"9"}
2026-09-08T05:02:56Z
{"BlockIO":"0B / 5.62MB","CPUPerc":"64.68%","Container":"5440352fa90e","ID":"5440352fa90e","MemPerc":"1.02%","MemUsage":"76.87MiB / 7.38GiB","Name":"flash-cloud-bench-api-1","NetIO":"338MB / 244MB","PIDs":"10"}
{"BlockIO":"0B / 201MB","CPUPerc":"6.87%","Container":"0c0c4eec6cd3","ID":"0c0c4eec6cd3","MemPerc":"0.68%","MemUsage":"51.67MiB / 7.38GiB","Name":"flash-cloud-bench-redis-1","NetIO":"821MB / 327MB","PIDs":"6"}
{"BlockIO":"0B / 0B","CPUPerc":"3.25%","Container":"facf8315afea","ID":"facf8315afea","MemPerc":"0.46%","MemUsage":"34.77MiB / 7.38GiB","Name":"flash-cloud-bench-consumer-1","NetIO":"3.24MB / 4.97MB","PIDs":"7"}
{"BlockIO":"0B / 0B","CPUPerc":"3.63%","Container":"d790ff1ba173","ID":"d790ff1ba173","MemPerc":"0.46%","MemUsage":"34.86MiB / 7.38GiB","Name":"flash-cloud-bench-publisher-1","NetIO":"6.92MB / 9.63MB","PIDs":"7"}
{"BlockIO":"0B / 0B","CPUPerc":"3.31%","Container":"e0a44f45bbd7","ID":"e0a44f45bbd7","MemPerc":"0.46%","MemUsage":"34.73MiB / 7.38GiB","Name":"flash-cloud-bench-simulator-1","NetIO":"13.1MB / 16.5MB","PIDs":"10"}
{"BlockIO":"0B / 0B","CPUPerc":"5.95%","Container":"a66f27ba8092","ID":"a66f27ba8092","MemPerc":"0.46%","MemUsage":"34.75MiB / 7.38GiB","Name":"flash-cloud-bench-maintenance-1","NetIO":"240MB / 837MB","PIDs":"6"}
{"BlockIO":"0B / 0B","CPUPerc":"4.57%","Container":"6fea00feedc4","ID":"6fea00feedc4","MemPerc":"0.02%","MemUsage":"1.582MiB / 7.38GiB","Name":"flash-cloud-bench-pgbouncer-1","NetIO":"348MB / 347MB","PIDs":"1"}
{"BlockIO":"0B / 1.91MB","CPUPerc":"27.40%","Container":"d440893966b4","ID":"d440893966b4","MemPerc":"1.07%","MemUsage":"81.09MiB / 7.38GiB","Name":"flash-cloud-bench-postgres-1","NetIO":"96.4MB / 258MB","PIDs":"15"}
{"BlockIO":"0B / 7.23MB","CPUPerc":"2.30%","Container":"562ac1217807","ID":"562ac1217807","MemPerc":"6.50%","MemUsage":"491.1MiB / 7.38GiB","Name":"flash-cloud-bench-kafka-1","NetIO":"2.51MB / 1.99MB","PIDs":"100"}
{"BlockIO":"0B / 569kB","CPUPerc":"0.20%","Container":"bc21247794d5","ID":"bc21247794d5","MemPerc":"0.31%","MemUsage":"23.66MiB / 7.38GiB","Name":"flash-cloud-bench-prometheus-1","NetIO":"2.48MB / 395kB","PIDs":"9"}
2026-09-08T05:03:06Z
{"BlockIO":"0B / 5.89MB","CPUPerc":"41.94%","Container":"5440352fa90e","ID":"5440352fa90e","MemPerc":"1.14%","MemUsage":"86.35MiB / 7.38GiB","Name":"flash-cloud-bench-api-1","NetIO":"361MB / 260MB","PIDs":"12"}
{"BlockIO":"0B / 201MB","CPUPerc":"20.38%","Container":"0c0c4eec6cd3","ID":"0c0c4eec6cd3","MemPerc":"0.69%","MemUsage":"52.02MiB / 7.38GiB","Name":"flash-cloud-bench-redis-1","NetIO":"858MB / 349MB","PIDs":"6"}
{"BlockIO":"0B / 0B","CPUPerc":"12.62%","Container":"facf8315afea","ID":"facf8315afea","MemPerc":"0.46%","MemUsage":"34.77MiB / 7.38GiB","Name":"flash-cloud-bench-consumer-1","NetIO":"3.47MB / 5.32MB","PIDs":"7"}
{"BlockIO":"0B / 0B","CPUPerc":"3.27%","Container":"d790ff1ba173","ID":"d790ff1ba173","MemPerc":"0.46%","MemUsage":"34.86MiB / 7.38GiB","Name":"flash-cloud-bench-publisher-1","NetIO":"7.21MB / 10.1MB","PIDs":"7"}
{"BlockIO":"0B / 0B","CPUPerc":"3.33%","Container":"e0a44f45bbd7","ID":"e0a44f45bbd7","MemPerc":"0.46%","MemUsage":"34.73MiB / 7.38GiB","Name":"flash-cloud-bench-simulator-1","NetIO":"13.4MB / 16.9MB","PIDs":"10"}
{"BlockIO":"0B / 0B","CPUPerc":"29.74%","Container":"a66f27ba8092","ID":"a66f27ba8092","MemPerc":"0.46%","MemUsage":"34.75MiB / 7.38GiB","Name":"flash-cloud-bench-maintenance-1","NetIO":"251MB / 874MB","PIDs":"6"}
{"BlockIO":"0B / 0B","CPUPerc":"9.21%","Container":"6fea00feedc4","ID":"6fea00feedc4","MemPerc":"0.02%","MemUsage":"1.582MiB / 7.38GiB","Name":"flash-cloud-bench-pgbouncer-1","NetIO":"363MB / 362MB","PIDs":"1"}
{"BlockIO":"0B / 2.27MB","CPUPerc":"45.78%","Container":"d440893966b4","ID":"d440893966b4","MemPerc":"1.07%","MemUsage":"81.07MiB / 7.38GiB","Name":"flash-cloud-bench-postgres-1","NetIO":"100MB / 269MB","PIDs":"15"}
{"BlockIO":"0B / 7.49MB","CPUPerc":"6.23%","Container":"562ac1217807","ID":"562ac1217807","MemPerc":"6.50%","MemUsage":"491MiB / 7.38GiB","Name":"flash-cloud-bench-kafka-1","NetIO":"2.7MB / 2.14MB","PIDs":"100"}
{"BlockIO":"0B / 578kB","CPUPerc":"0.05%","Container":"bc21247794d5","ID":"bc21247794d5","MemPerc":"0.31%","MemUsage":"23.66MiB / 7.38GiB","Name":"flash-cloud-bench-prometheus-1","NetIO":"2.53MB / 403kB","PIDs":"9"}
2026-09-08T05:03:16Z
{"BlockIO":"0B / 6.16MB","CPUPerc":"35.67%","Container":"5440352fa90e","ID":"5440352fa90e","MemPerc":"1.02%","MemUsage":"76.89MiB / 7.38GiB","Name":"flash-cloud-bench-api-1","NetIO":"380MB / 273MB","PIDs":"8"}
{"BlockIO":"0B / 201MB","CPUPerc":"4.73%","Container":"0c0c4eec6cd3","ID":"0c0c4eec6cd3","MemPerc":"0.68%","MemUsage":"51.71MiB / 7.38GiB","Name":"flash-cloud-bench-redis-1","NetIO":"864MB / 369MB","PIDs":"6"}
{"BlockIO":"0B / 0B","CPUPerc":"3.31%","Container":"facf8315afea","ID":"facf8315afea","MemPerc":"0.46%","MemUsage":"34.78MiB / 7.38GiB","Name":"flash-cloud-bench-consumer-1","NetIO":"3.71MB / 5.67MB","PIDs":"7"}
{"BlockIO":"0B / 0B","CPUPerc":"3.36%","Container":"d790ff1ba173","ID":"d790ff1ba173","MemPerc":"0.46%","MemUsage":"34.87MiB / 7.38GiB","Name":"flash-cloud-bench-publisher-1","NetIO":"7.51MB / 10.5MB","PIDs":"7"}
{"BlockIO":"0B / 0B","CPUPerc":"3.76%","Container":"e0a44f45bbd7","ID":"e0a44f45bbd7","MemPerc":"0.46%","MemUsage":"34.73MiB / 7.38GiB","Name":"flash-cloud-bench-simulator-1","NetIO":"13.7MB / 17.2MB","PIDs":"10"}
{"BlockIO":"0B / 0B","CPUPerc":"6.03%","Container":"a66f27ba8092","ID":"a66f27ba8092","MemPerc":"0.46%","MemUsage":"34.75MiB / 7.38GiB","Name":"flash-cloud-bench-maintenance-1","NetIO":"252MB / 878MB","PIDs":"6"}
{"BlockIO":"0B / 0B","CPUPerc":"4.69%","Container":"6fea00feedc4","ID":"6fea00feedc4","MemPerc":"0.02%","MemUsage":"1.594MiB / 7.38GiB","Name":"flash-cloud-bench-pgbouncer-1","NetIO":"368MB / 367MB","PIDs":"1"}
{"BlockIO":"0B / 2.33MB","CPUPerc":"32.84%","Container":"d440893966b4","ID":"d440893966b4","MemPerc":"1.08%","MemUsage":"81.35MiB / 7.38GiB","Name":"flash-cloud-bench-postgres-1","NetIO":"103MB / 272MB","PIDs":"15"}
{"BlockIO":"0B / 7.75MB","CPUPerc":"2.08%","Container":"562ac1217807","ID":"562ac1217807","MemPerc":"6.50%","MemUsage":"491.2MiB / 7.38GiB","Name":"flash-cloud-bench-kafka-1","NetIO":"2.87MB / 2.28MB","PIDs":"100"}
{"BlockIO":"0B / 590kB","CPUPerc":"0.00%","Container":"bc21247794d5","ID":"bc21247794d5","MemPerc":"0.31%","MemUsage":"23.67MiB / 7.38GiB","Name":"flash-cloud-bench-prometheus-1","NetIO":"2.59MB / 412kB","PIDs":"9"}
