 Container flash-cloud-bench-simulator-1  Stopping
 Container flash-cloud-bench-api-1  Stopping
 Container flash-cloud-bench-prometheus-1  Stopping
 Container flash-cloud-bench-consumer-1  Stopping
 Container flash-cloud-bench-maintenance-1  Stopping
 Container flash-cloud-bench-publisher-1  Stopping
 Container flash-cloud-bench-prometheus-1  Stopped
 Container flash-cloud-bench-simulator-1  Stopped
 Container flash-cloud-bench-publisher-1  Stopped
 Container flash-cloud-bench-maintenance-1  Stopped
 Container flash-cloud-bench-api-1  Stopped
 Container flash-cloud-bench-consumer-1  Stopped
 Container flash-cloud-bench-redis-1  Stopping
 Container flash-cloud-bench-pgbouncer-1  Stopping
 Container flash-cloud-bench-migrate-1  Stopping
 Container flash-cloud-bench-kafka-1  Stopping
 Container flash-cloud-bench-migrate-1  Stopped
 Container flash-cloud-bench-pgbouncer-1  Stopped
 Container flash-cloud-bench-postgres-1  Stopping
 Container flash-cloud-bench-postgres-1  Stopped
 Container flash-cloud-bench-redis-1  Stopped
 Container flash-cloud-bench-kafka-1  Stopped
