 Container flash-cloud-bench-kafka-1  Running
 Container flash-cloud-bench-redis-1  Running
 Container flash-cloud-bench-postgres-1  Running
 Container flash-cloud-bench-pgbouncer-1  Running
 Container flash-cloud-bench-postgres-1  Waiting
 Container flash-cloud-bench-postgres-1  Waiting
 Container flash-cloud-bench-postgres-1  Healthy
 Container flash-cloud-bench-migrate-1  Starting
 Container flash-cloud-bench-postgres-1  Healthy
 Container flash-cloud-bench-migrate-1  Started
time="2026-09-08T12:24:45+08:00" level=warning msg="Docker Compose is configured to build using Bake, but buildx isn't installed"
#0 building with "default" instance using docker driver

#1 [tests internal] load build definition from Dockerfile
#1 transferring dockerfile: 562B done
#1 DONE 0.0s

#2 [tests internal] load metadata for docker.io/library/python:3.12-slim
#2 DONE 0.9s

#3 [tests internal] load .dockerignore
#3 transferring context: 101B done
#3 DONE 0.0s

#4 [tests internal] load build context
#4 transferring context: 5.39kB done
#4 DONE 0.0s

#5 [tests  1/10] FROM docker.io/library/python:3.12-slim@sha256:78387bc3881b8273120a12ebe6c1ab22b018ccc2c9adf565ae1ac9b536e184ea
#5 resolve docker.io/library/python:3.12-slim@sha256:78387bc3881b8273120a12ebe6c1ab22b018ccc2c9adf565ae1ac9b536e184ea 0.0s done
#5 DONE 0.0s

#6 [tests  3/10] COPY pyproject.toml ./
#6 CACHED

#7 [tests  5/10] RUN pip install --no-cache-dir -r requirements.lock
#7 CACHED

#8 [tests  8/10] COPY migrations ./migrations
#8 CACHED

#9 [tests  4/10] COPY requirements.lock ./
#9 CACHED

#10 [tests  6/10] COPY src ./src
#10 CACHED

#11 [tests  2/10] WORKDIR /app
#11 CACHED

#12 [tests  7/10] RUN pip install --no-cache-dir --no-deps . && useradd --uid 10001 --create-home ticketing
#12 CACHED

#13 [tests  9/10] COPY tests ./tests
#13 CACHED

#14 [tests 10/10] COPY scripts ./scripts
#14 DONE 0.0s

#15 [tests] exporting to image
#15 exporting layers 0.1s done
#15 exporting manifest sha256:695f7ab8f6242abcd6678075dba6ac5c4eff0688b9c7c82904a982c17f042d8d
#15 exporting manifest sha256:695f7ab8f6242abcd6678075dba6ac5c4eff0688b9c7c82904a982c17f042d8d 0.0s done
#15 exporting config sha256:5a0c429a424fa60e6251de45a54284408b1d87619db04ea13f6081d4fdc7ab11 0.0s done
#15 exporting attestation manifest sha256:e4802c69bf7d04b56d8c68f3018d5a666c149b6e8513afdf7bc34dc15500e83c 0.0s done
#15 exporting manifest list sha256:d7296243a02652b32151ad32dbf5ca058336072e3526150cbe55e3a2d465c12e 0.0s done
#15 naming to docker.io/library/flash-cloud-bench-tests:latest done
#15 unpacking to docker.io/library/flash-cloud-bench-tests:latest 0.0s done
#15 DONE 0.2s

#16 [tests] resolving provenance for metadata file
#16 DONE 0.0s
F......................................................................  [100%]
=================================== FAILURES ===================================
________________________ test_http_payment_kafka_ticket ________________________

    def test_http_payment_kafka_ticket():
        url = os.getenv("E2E_API_URL")
        if not url:
            pytest.skip("E2E_API_URL not configured")
        subject = "e2e-" + uuid4().hex
        token = jwt.encode(
            {
                "sub": subject,
                "aud": "ticketing",
                "iss": "ticketing",
                "exp": datetime.now(UTC) + timedelta(minutes=5),
            },
            Settings().jwt_secret,
            algorithm="HS256",
        )
        with httpx.Client(base_url=url, headers={"Authorization": "Bearer " + token}, timeout=5) as client:
            events = client.get("/v1/events").json()
>           assert events, "Run the seed command before E2E tests"
E           AssertionError: Run the seed command before E2E tests
E           assert []

tests/end_to_end/test_checkout.py:32: AssertionError
=============================== warnings summary ===============================
../usr/local/lib/python3.12/site-packages/fastapi/testclient.py:1
  /usr/local/lib/python3.12/site-packages/fastapi/testclient.py:1: StarletteDeprecationWarning: Using `httpx` with `starlette.testclient` is deprecated; install `httpx2` instead.
    from starlette.testclient import TestClient as TestClient  # noqa

../usr/local/lib/python3.12/site-packages/starlette/testclient.py:53
  /usr/local/lib/python3.12/site-packages/starlette/testclient.py:53: DeprecationWarning: The anyio.abc.BlockingPortal alias is deprecated, use anyio.from_thread.BlockingPortal instead.
    _PortalFactoryType = Callable[[], AbstractContextManager[anyio.abc.BlockingPortal]]

-- Docs: https://docs.pytest.org/en/stable/how-to/capture-warnings.html
=========================== short test summary info ============================
FAILED tests/end_to_end/test_checkout.py::test_http_payment_kafka_ticket - As...
1 failed, 70 passed, 2 warnings in 9.37s

