 Container flash-cloud-bench-redis-1  Recreate
 Container flash-cloud-bench-redis-1  Recreated
 Container flash-cloud-bench-redis-1  Starting
 Container flash-cloud-bench-redis-1  Started
0
2026-09-08T04:41:12Z
 Container flash-cloud-bench-redis-1  Running
 Container flash-cloud-bench-postgres-1  Starting
 Container flash-cloud-bench-kafka-1  Starting
 Container flash-cloud-bench-prometheus-1  Starting
 Container flash-cloud-bench-prometheus-1  Started
 Container flash-cloud-bench-kafka-1  Started
 Container flash-cloud-bench-postgres-1  Started
 Container flash-cloud-bench-postgres-1  Waiting
 Container flash-cloud-bench-postgres-1  Waiting
 Container flash-cloud-bench-postgres-1  Healthy
 Container flash-cloud-bench-pgbouncer-1  Starting
 Container flash-cloud-bench-postgres-1  Healthy
 Container flash-cloud-bench-migrate-1  Starting
 Container flash-cloud-bench-migrate-1  Started
 Container flash-cloud-bench-pgbouncer-1  Started
 Container flash-cloud-bench-kafka-1  Waiting
 Container flash-cloud-bench-migrate-1  Waiting
 Container flash-cloud-bench-redis-1  Waiting
 Container flash-cloud-bench-migrate-1  Waiting
 Container flash-cloud-bench-redis-1  Waiting
 Container flash-cloud-bench-kafka-1  Waiting
 Container flash-cloud-bench-migrate-1  Waiting
 Container flash-cloud-bench-redis-1  Waiting
 Container flash-cloud-bench-kafka-1  Waiting
 Container flash-cloud-bench-migrate-1  Waiting
 Container flash-cloud-bench-redis-1  Waiting
 Container flash-cloud-bench-kafka-1  Waiting
 Container flash-cloud-bench-migrate-1  Waiting
 Container flash-cloud-bench-redis-1  Waiting
 Container flash-cloud-bench-kafka-1  Waiting
 Container flash-cloud-bench-redis-1  Healthy
 Container flash-cloud-bench-redis-1  Healthy
 Container flash-cloud-bench-redis-1  Healthy
 Container flash-cloud-bench-redis-1  Healthy
 Container flash-cloud-bench-redis-1  Healthy
 Container flash-cloud-bench-migrate-1  Exited
 Container flash-cloud-bench-migrate-1  Exited
 Container flash-cloud-bench-migrate-1  Exited
 Container flash-cloud-bench-migrate-1  Exited
 Container flash-cloud-bench-migrate-1  Exited
 Container flash-cloud-bench-kafka-1  Healthy
 Container flash-cloud-bench-simulator-1  Starting
 Container flash-cloud-bench-kafka-1  Healthy
 Container flash-cloud-bench-api-1  Starting
 Container flash-cloud-bench-kafka-1  Healthy
 Container flash-cloud-bench-consumer-1  Starting
 Container flash-cloud-bench-kafka-1  Healthy
 Container flash-cloud-bench-kafka-1  Healthy
 Container flash-cloud-bench-publisher-1  Starting
 Container flash-cloud-bench-maintenance-1  Starting
 Container flash-cloud-bench-simulator-1  Started
 Container flash-cloud-bench-publisher-1  Started
 Container flash-cloud-bench-api-1  Started
 Container flash-cloud-bench-consumer-1  Started
 Container flash-cloud-bench-maintenance-1  Started
