{"phase": "measuring", "rate": 100, "seconds": 1800, "utc": "2026-09-09T19:03:20.651462+00:00"}
{"phase": "progress", "scheduled": 3000, "drops": 0}
{"phase": "progress", "scheduled": 6000, "drops": 0}
{"phase": "progress", "scheduled": 9000, "drops": 0}
{"phase": "progress", "scheduled": 12000, "drops": 0}
{"phase": "progress", "scheduled": 15000, "drops": 0}
{"phase": "progress", "scheduled": 18000, "drops": 0}
{"phase": "progress", "scheduled": 21000, "drops": 0}
{"phase": "progress", "scheduled": 24000, "drops": 0}
{"phase": "progress", "scheduled": 27000, "drops": 0}
{"phase": "progress", "scheduled": 30000, "drops": 0}
{"phase": "progress", "scheduled": 33000, "drops": 0}
{"phase": "progress", "scheduled": 36000, "drops": 0}
{"phase": "progress", "scheduled": 39000, "drops": 0}
{"phase": "progress", "scheduled": 42000, "drops": 0}
{"phase": "progress", "scheduled": 45000, "drops": 0}
{"phase": "progress", "scheduled": 48000, "drops": 0}
{"phase": "progress", "scheduled": 51000, "drops": 0}
{"phase": "progress", "scheduled": 54000, "drops": 0}
{"phase": "progress", "scheduled": 57000, "drops": 0}
{"phase": "progress", "scheduled": 60000, "drops": 0}
{"phase": "progress", "scheduled": 63000, "drops": 0}
{"phase": "progress", "scheduled": 66000, "drops": 0}
{"phase": "progress", "scheduled": 69000, "drops": 0}
{"phase": "progress", "scheduled": 72000, "drops": 0}
{"phase": "progress", "scheduled": 75000, "drops": 0}
{"phase": "progress", "scheduled": 78000, "drops": 0}
{"phase": "progress", "scheduled": 81000, "drops": 0}
{"phase": "progress", "scheduled": 84000, "drops": 0}
{"phase": "progress", "scheduled": 87000, "drops": 0}
{"phase": "progress", "scheduled": 90000, "drops": 0}
{"phase": "progress", "scheduled": 93000, "drops": 0}
{"phase": "progress", "scheduled": 96000, "drops": 0}
{"phase": "progress", "scheduled": 99000, "drops": 0}
{"phase": "progress", "scheduled": 102000, "drops": 0}
{"phase": "progress", "scheduled": 105000, "drops": 0}
{"phase": "progress", "scheduled": 108000, "drops": 0}
{"phase": "progress", "scheduled": 111000, "drops": 0}
{"phase": "progress", "scheduled": 114000, "drops": 0}
{"phase": "progress", "scheduled": 117000, "drops": 0}
{"phase": "progress", "scheduled": 120000, "drops": 0}
{"phase": "progress", "scheduled": 123000, "drops": 0}
{"phase": "progress", "scheduled": 126000, "drops": 0}
{"phase": "progress", "scheduled": 129000, "drops": 0}
{"phase": "progress", "scheduled": 132000, "drops": 0}
{"phase": "progress", "scheduled": 135000, "drops": 0}
{"phase": "progress", "scheduled": 138000, "drops": 0}
{"phase": "progress", "scheduled": 141000, "drops": 0}
{"phase": "progress", "scheduled": 144000, "drops": 0}
{"phase": "progress", "scheduled": 147000, "drops": 0}
{"phase": "progress", "scheduled": 150000, "drops": 0}
{"phase": "progress", "scheduled": 153000, "drops": 0}
{"phase": "progress", "scheduled": 156000, "drops": 0}
{"phase": "progress", "scheduled": 159000, "drops": 0}
{"phase": "progress", "scheduled": 162000, "drops": 0}
{"phase": "progress", "scheduled": 165000, "drops": 0}
{"phase": "progress", "scheduled": 168000, "drops": 0}
{"phase": "progress", "scheduled": 171000, "drops": 0}
{"phase": "progress", "scheduled": 174000, "drops": 0}
{"phase": "progress", "scheduled": 177000, "drops": 0}
{
  "mixed_hot_holds": true,
  "expected_hot_conflicts": 1800,
  "hot_failed_p95_ms": 15.160192000621464,
  "phases": {
    "0": {
      "statuses": {
        "hot_hold": {
          "409": 1800
        },
        "read": {
          "304": 94706,
          "200": 76293,
          "transport_error": 1
        },
        "hold": {
          "201": 7200
        }
      },
      "p95_ms": {
        "hot_hold": 15.160192000621464,
        "read": 9.409236001374666,
        "hold": 39.76506499748211
      }
    }
  },
  "read_hot_share": 0,
  "burst": false,
  "utc": "2026-09-09T19:33:20.702428+00:00",
  "measured_started_utc": "2026-09-09T19:03:20.651462+00:00",
  "manifest_id": "a54f81af-d399-4c40-9865-1a32be6c9888",
  "run_id": "51cb8737-cea3-40f3-906b-fddb2ed576ef",
  "target_origin": "http://10.1.137.69:8000",
  "generator_hostname": "generator-ecs",
  "platform": "Linux-6.8.0-136-generic-x86_64-with-glibc2.39",
  "topology_declared": "separate-host",
  "offered_rps": 100,
  "seconds": 1800,
  "show_count": 200,
  "seats_per_show": 300,
  "viewers": 2000,
  "write_percent": 5,
  "generator_drops": 0,
  "drop_reasons": {},
  "error_codes": {
    "hot_hold:409:SEAT_BUSY": 1611,
    "hot_hold:409:SEAT_UNAVAILABLE": 189
  },
  "error_examples": [
    {
      "operation": "hot_hold",
      "status": "409",
      "code": "SEAT_BUSY",
      "request_id": "4f2430d3-05a1-472e-86c9-64545c9d4d36"
    },
    {
      "operation": "hot_hold",
      "status": "409",
      "code": "SEAT_BUSY",
      "request_id": "008ec6de-345a-4317-8865-2e721eed56a4"
    },
    {
      "operation": "hot_hold",
      "status": "409",
      "code": "SEAT_UNAVAILABLE",
      "request_id": "d6d5abaf-e7c9-4260-9d18-25f1458ca886"
    },
    {
      "operation": "hot_hold",
      "status": "409",
      "code": "SEAT_BUSY",
      "request_id": "3337592b-7a2c-4c99-bf16-e8c06026ed5d"
    },
    {
      "operation": "hot_hold",
      "status": "409",
      "code": "SEAT_BUSY",
      "request_id": "00b60a64-3ec3-4ec9-b7ba-c73b477cce6b"
    },
    {
      "operation": "hot_hold",
      "status": "409",
      "code": "SEAT_BUSY",
      "request_id": "249637a9-60d3-48cd-8ace-abf043c54e54"
    },
    {
      "operation": "hot_hold",
      "status": "409",
      "code": "SEAT_BUSY",
      "request_id": "f1d6e136-5c43-4608-9b9b-45f07efa7ff6"
    },
    {
      "operation": "hot_hold",
      "status": "409",
      "code": "SEAT_BUSY",
      "request_id": "c8e76e9e-c16e-4bce-8e89-5a2f2c4ff19c"
    },
    {
      "operation": "hot_hold",
      "status": "409",
      "code": "SEAT_BUSY",
      "request_id": "9811cdd9-f497-447f-9a55-195957253920"
    },
    {
      "operation": "hot_hold",
      "status": "409",
      "code": "SEAT_BUSY",
      "request_id": "9c54cc43-ef4c-40e9-92c1-ef537aa52e28"
    },
    {
      "operation": "hot_hold",
      "status": "409",
      "code": "SEAT_BUSY",
      "request_id": "7f8fff57-b3e6-43a1-ac6a-00cdb154613c"
    },
    {
      "operation": "hot_hold",
      "status": "409",
      "code": "SEAT_BUSY",
      "request_id": "cb5f627a-e448-4b3b-a6b7-381855e43747"
    },
    {
      "operation": "hot_hold",
      "status": "409",
      "code": "SEAT_UNAVAILABLE",
      "request_id": "b49cc389-56ac-4473-910e-baec4b741f80"
    },
    {
      "operation": "hot_hold",
      "status": "409",
      "code": "SEAT_BUSY",
      "request_id": "3de2ca07-d222-4c2a-ab26-7f145b57c636"
    },
    {
      "operation": "hot_hold",
      "status": "409",
      "code": "SEAT_BUSY",
      "request_id": "9a51847a-4144-41de-aa0d-75b59c9cc15f"
    },
    {
      "operation": "hot_hold",
      "status": "409",
      "code": "SEAT_BUSY",
      "request_id": "30632570-89c6-44d2-9494-236d795a2861"
    },
    {
      "operation": "hot_hold",
      "status": "409",
      "code": "SEAT_UNAVAILABLE",
      "request_id": "197775b1-1445-4b9a-998f-190f3f2d083a"
    },
    {
      "operation": "hot_hold",
      "status": "409",
      "code": "SEAT_UNAVAILABLE",
      "request_id": "38ec9924-0676-4c7d-b340-1b97e16505ef"
    },
    {
      "operation": "hot_hold",
      "status": "409",
      "code": "SEAT_BUSY",
      "request_id": "dd6e45a2-91ed-499c-97fb-756a52df2c57"
    },
    {
      "operation": "hot_hold",
      "status": "409",
      "code": "SEAT_BUSY",
      "request_id": "b89418c8-7ad9-4e98-bdd8-323ae7c3db91"
    }
  ],
  "keepalive_expiry_seconds": 5.0,
  "measured_tcp_connect_events": {
    "hot_hold": {
      "started": 2,
      "complete": 2
    },
    "read": {
      "started": 368,
      "complete": 368
    },
    "hold": {
      "started": 5,
      "complete": 5
    }
  },
  "transport_error_types": {
    "ReadError": 1
  },
  "transport_diagnostics_enabled": true,
  "transport_failure_examples": [
    {
      "index": 155082,
      "operation": "read",
      "started_utc": "2026-09-09T19:29:11.472652+00:00",
      "elapsed_ms": 23.832,
      "connect_attempted": false,
      "events": [
        {
          "phase": "http11.send_request_headers.started",
          "elapsed_ms": 0.641
        },
        {
          "phase": "http11.send_request_headers.complete",
          "elapsed_ms": 0.836
        },
        {
          "phase": "http11.send_request_body.started",
          "elapsed_ms": 0.844
        },
        {
          "phase": "http11.send_request_body.complete",
          "elapsed_ms": 0.884
        },
        {
          "phase": "http11.receive_response_headers.started",
          "elapsed_ms": 0.887
        },
        {
          "phase": "http11.receive_response_headers.failed",
          "elapsed_ms": 23.53
        },
        {
          "phase": "http11.response_closed.started",
          "elapsed_ms": 23.639
        },
        {
          "phase": "http11.response_closed.complete",
          "elapsed_ms": 23.672
        }
      ],
      "exception_chain": [
        {
          "type": "ReadError"
        },
        {
          "type": "ReadError"
        },
        {
          "type": "BrokenResourceError"
        },
        {
          "type": "ConnectionResetError",
          "errno": 104
        }
      ]
    }
  ],
  "task_error_types": {},
  "scheduling_lag_p95_ms": 1.1278300007688813,
  "generator_cpu_seconds": 336.055169965,
  "elapsed_seconds": 1799.9931648269994,
  "completed_rps": 100.00037973327534,
  "statuses": {
    "hot_hold": {
      "409": 1800
    },
    "read": {
      "304": 94706,
      "200": 76293,
      "transport_error": 1
    },
    "hold": {
      "201": 7200
    }
  },
  "response_body_bytes": 1422981083,
  "latency_ms": {
    "hot_hold:409": {
      "p50": 6.4696269982960075,
      "p95": 15.160192000621464,
      "p99": 26.316873998439405
    },
    "read:304": {
      "p50": 2.757617003226187,
      "p95": 7.206007001514081,
      "p99": 16.139421000843868
    },
    "hold:201": {
      "p50": 21.461762000399176,
      "p95": 39.76506499748211,
      "p99": 61.81056700006593
    },
    "read:200": {
      "p50": 3.150967000692617,
      "p95": 11.12077799916733,
      "p99": 21.147736995771993
    },
    "read:transport_error": {
      "p50": 23.864447997766547,
      "p95": 23.864447997766547,
      "p99": 23.864447997766547
    }
  },
  "read_p95_ms": 9.409236001374666,
  "hold_p95_ms": 39.76506499748211,
  "local_read_gate_pass": false,
  "note": "95% reads/5% holds (mixed mode: 4% distinct, 1% hot). Known hot 409 codes remain in error_codes but are expected; bootstrap excluded. Topology is operator-declared, not verified. No backend durability/queue checks here.",
  "reservation_gate_pass": true,
  "accounting_pass": true,
  "workload_gate_pass": false,
  "phase_latency_gate_pass": true,
  "hot_contention_gate_pass": true
}
