procs -----------memory---------- ---swap-- -----io---- -system-- -------cpu------- -----timestamp-----
 r  b   swpd   free   buff  cache   si   so    bi    bo   in   cs us sy id wa st gu                 CST
 6  0      0 2478836 107832 3669960    0    0    18   762 5894   24 11  2 87  1  0  0 2026-09-09 20:26:43
 0  0      0 2454824 107832 3670592    0    0     0    98 12076 18109 22  4 75  0  0  0 2026-09-09 20:26:48
 1  0      0 2369708 107832 3670676    0    0     0    91 6850 10251 13  3 84  0  0  0 2026-09-09 20:26:53
 1  0      0 2454888 107832 3670644    0    0     0   754 10672 17289 12  3 83  1  0  0 2026-09-09 20:26:58
 0  0      0 2445064 107832 3670660    0    0     0  1139 12202 19313 16  4 78  2  0  0 2026-09-09 20:27:03
 0  0      0 2429676 107832 3670692    0    0     0  5923 7442 11490 15  4 81  0  0  0 2026-09-09 20:27:08
 1  0      0 2441040 107832 3670704    0    0     0   114 5818 9663  5  2 93  0  0  0 2026-09-09 20:27:13
 2  0      0 2436972 107832 3676396    0    0     0  2002 19246 34083 36  9 54  1  0  0 2026-09-09 20:27:18
 1  0      0 2415692 107832 3682540    0    0     0  2682 25025 44714 37 10 51  2  0  0 2026-09-09 20:27:23
 1  0      0 2406424 107832 3687908    0    0     0  1655 21408 36077 32  9 58  1  0  0 2026-09-09 20:27:28
 0  0      0 2373020 107832 3693212    0    0     0  2439 22460 36935 23  8 68  1  0  0 2026-09-09 20:27:33
 4  0      0 2360204 107832 3698144    0    0     0  2031 23732 40857 32 10 57  2  0  0 2026-09-09 20:27:38
 1  0      0 2359972 107832 3702868    0    0     0  2608 23078 43017 48 11 39  2  0  0 2026-09-09 20:27:43
 3  0      0 2336300 107832 3706940    0    0     0  1782 22732 37565 24  7 68  1  0  0 2026-09-09 20:27:48
 0  0      0 2324496 107832 3710972    0    0     0  1407 21443 35813 31  9 59  1  0  0 2026-09-09 20:27:53
 1  0      0 2324232 107832 3714996    0    0     0  1985 24177 41375 31  9 58  2  0  0 2026-09-09 20:27:58
 0  0      0 2321012 107832 3718708    0    0     0  2519 23985 43968 46 12 39  2  0  0 2026-09-09 20:28:03
 0  0      0 2302024 107832 3722096    0    0     0  8378 22297 36687 24  7 67  1  0  0 2026-09-09 20:28:08
 7  0      0 2273944 107832 3725208    0    0     0  1238 22203 36460 25  8 66  1  0  0 2026-09-09 20:28:13
 3  0      0 2291268 107832 3728812    0    0     0  1998 23263 39683 36  9 53  2  0  0 2026-09-09 20:28:18
 1  0      0 2289092 107832 3731832    0    0     0  2475 26091 45905 38 10 49  2  0  0 2026-09-09 20:28:23
procs -----------memory---------- ---swap-- -----io---- -system-- -------cpu------- -----timestamp-----
 r  b   swpd   free   buff  cache   si   so    bi    bo   in   cs us sy id wa st gu                 CST
 2  0      0 2259044 107832 3734808    0    0     0  2186 21114 35196 32  9 58  1  0  0 2026-09-09 20:28:28
 1  0      0 2257596 107832 3738028    0    0     0  1226 22888 37567 23  8 68  1  0  0 2026-09-09 20:28:33
 2  0      0 2236364 107832 3741124    0    0     0  1665 22314 38888 37 10 51  1  0  0 2026-09-09 20:28:38
 7  0      0 2236056 107832 3743660    0    0     0  2394 26074 45748 38 11 48  3  0  0 2026-09-09 20:28:43
 5  0      0 2191164 107832 3746504    0    0     0  2078 21947 37133 27  9 63  1  0  0 2026-09-09 20:28:48
 1  1      0 2225068 107832 3748928    0    0     0  1355 21181 34697 28  7 64  1  0  0 2026-09-09 20:28:53
 2  1      0 2214656 107832 3751624    0    0     0  1606 23920 40227 28  8 62  2  0  0 2026-09-09 20:28:58
 2  0      0 2175048 107832 3754384    0    0     0  2681 24021 44560 48 13 38  2  0  0 2026-09-09 20:29:03
 1  0      0 2198564 107832 3756872    0    0     0  8635 21462 35055 24  7 68  1  0  0 2026-09-09 20:29:08
 2  0      0 2173212 107832 3759332    0    0     0  2352 21875 37059 33  9 57  1  0  0 2026-09-09 20:29:13
 3  0      0 2171212 107832 3762072    0    0     0  2965 21923 38482 43  9 46  2  0  0 2026-09-09 20:29:18
11  0      0 2128580 107832 3764616    0    0     0  3823 20685 43420 65 13 21  2  0  0 2026-09-09 20:29:23
 1  0      0 2127388 107832 3767840    0    0     0  3419 19517 35625 55  9 34  1  0  0 2026-09-09 20:29:28
 3  0      0 2107008 107832 3770436    0    0     0  2769 21798 37739 46  8 44  2  0  0 2026-09-09 20:29:33
 2  0      0 2108276 107832 3773200    0    0     0  2760 20205 37810 57 11 30  2  0  0 2026-09-09 20:29:38
 1  0      0 2101876 107832 3778012    0    0     0  3495 21103 41882 62 12 24  3  0  0 2026-09-09 20:29:43
 2  0      0 2072692 107832 3780416    0    0     0  3183 19716 36467 55 11 32  2  0  0 2026-09-09 20:29:48
 1  0      0 2077332 107832 3782720    0    0     0  2719 21399 36971 45  9 45  2  0  0 2026-09-09 20:29:53
 5  0      0 2044084 107832 3784944    0    0     0  2662 21865 39548 50 10 38  2  0  0 2026-09-09 20:29:59
 6  0      0 2032376 107832 3787296    0    0     0  2929 19419 39689 68 12 18  2  0  0 2026-09-09 20:30:04
 2  0      0 2034780 107832 3789600    0    0     0  8374 21799 38409 48 10 41  2  0  0 2026-09-09 20:30:09
procs -----------memory---------- ---swap-- -----io---- -system-- -------cpu------- -----timestamp-----
 r  b   swpd   free   buff  cache   si   so    bi    bo   in   cs us sy id wa st gu                 CST
 2  0      0 2031908 107832 3791772    0    0     0  2858 20535 36994 52 10 36  1  0  0 2026-09-09 20:30:14
 3  0      0 2028228 107832 3793928    0    0     0  2812 21947 39186 49  9 40  2  0  0 2026-09-09 20:30:19
12  0      0 1977656 107832 3795952    0    0     0  3079 20950 42163 62 13 24  2  0  0 2026-09-09 20:30:24
 5  0      0 2034072 107832 3798128    0    0     0  2422 20922 37600 53  9 36  2  0  0 2026-09-09 20:30:29
 2  0      0 2033524 107832 3800324    0    0     0  2143 21765 37268 44  9 45  2  0  0 2026-09-09 20:30:34
 4  0      0 2014612 107832 3802496    0    0     0  2336 20456 38644 57 11 31  2  0  0 2026-09-09 20:30:39
 3  0      0 2032008 107832 3806384    0    0     0  3682 21059 41438 61 11 26  2  0  0 2026-09-09 20:30:44
 7  0      0 2014752 107832 3808448    0    0     0  2969 20983 39836 58 11 29  2  0  0 2026-09-09 20:30:49
 4  0      0 2020916 107832 3810152    0    0     0  2355 22127 37458 42  8 47  2  0  0 2026-09-09 20:30:54
 5  0      0 1981900 107832 3812296    0    0     0  2320 21682 39385 49 11 38  2  0  0 2026-09-09 20:30:59
 7  0      0 2021936 107832 3814396    0    0     0  2758 20119 40313 66 12 21  2  0  0 2026-09-09 20:31:04
 1  0      0 2023920 107832 3816252    0    0     0  3004 21959 39082 49  9 41  2  0  0 2026-09-09 20:31:09
 1  0      0 2028944 107832 3818280    0    0     0  7798 19598 35687 55 10 33  1  0  0 2026-09-09 20:31:14
 2  0      0 2023604 107832 3820244    0    0     0  2362 22430 39859 48  9 40  2  0  0 2026-09-09 20:31:19
 4  1      0 1951540 107832 3822140    0    0     0  2698 20389 41249 64 12 22  2  0  0 2026-09-09 20:31:24
 3  0      0 2015404 107832 3824144    0    0     0  3115 21991 39951 51  9 38  2  0  0 2026-09-09 20:31:29
 1  0      0 2010212 107832 3826020    0    0     0  2074 22067 37763 45  9 45  2  0  0 2026-09-09 20:31:34
 2  0      0 2018960 107832 3827864    0    0     0  2254 20514 38635 57 11 31  2  0  0 2026-09-09 20:31:39
 5  0      0 1993032 107832 3831948    0    0     0  2800 21243 41574 59 11 27  2  0  0 2026-09-09 20:31:44
 2  0      0 1988520 107832 3834012    0    0     0  3179 20628 39250 59 11 29  2  0  0 2026-09-09 20:31:49
 2  0      0 1993260 107832 3835892    0    0     0  2049 21805 37449 44  9 46  2  0  0 2026-09-09 20:31:54
procs -----------memory---------- ---swap-- -----io---- -system-- -------cpu------- -----timestamp-----
 r  b   swpd   free   buff  cache   si   so    bi    bo   in   cs us sy id wa st gu                 CST
 8  1      0 1953424 107832 3837712    0    0     0  2086 21427 38507 51 10 38  2  0  0 2026-09-09 20:31:59
 3  0      0 1999024 107832 3839764    0    0     0  2802 20612 41586 63 11 24  2  0  0 2026-09-09 20:32:04
 4  0      0 1987092 107836 3841572    0    0     0  2634 22305 39660 48 10 40  2  0  0 2026-09-09 20:32:09
 1  1      0 1991052 107836 3843668    0    0     0  8832 20321 37055 53 10 35  2  0  0 2026-09-09 20:32:14
 2  0      0 1987192 107836 3844256    0    0     0  2006 15524 25749 35  6 57  2  0  0 2026-09-09 20:32:19
 3  0      0 1981996 107836 3844476    0    0     0  2602 16812 29025 50  8 39  3  0  0 2026-09-09 20:32:24
 1  0      0 1994400 107836 3844740    0    0     0  2189 13520 22093 33  5 60  2  0  0 2026-09-09 20:32:29
 3  0      0 1956532 107836 3845152    0    0     0  1450 12055 19492 34  5 59  1  0  0 2026-09-09 20:32:34
 4  0      0 1963112 107836 3845568    0    0     0  1504 12658 21086 42  5 51  2  0  0 2026-09-09 20:32:39
 1  0      0 1984608 107836 3845868    0    0     0  2484 16791 27210 40  7 50  3  0  0 2026-09-09 20:32:44
 1  0      0 1976000 107836 3846052    0    0     0  1820 12946 21419 41  6 51  2  0  0 2026-09-09 20:32:49
 1  0      0 1989980 107836 3846292    0    0     0  1319 10140 15871 27  3 68  2  0  0 2026-09-09 20:32:54
 2  0      0 1990608 107836 3846560    0    0     0  1502 11509 18168 38  6 55  2  0  0 2026-09-09 20:32:59
11  0      0 1987740 107836 3847216    0    0     0  2387 18047 32208 46  8 44  3  0  0 2026-09-09 20:33:04
 4  0      0 1948476 107836 3849652    0    0     0  2836 23611 46559 57 12 29  2  0  0 2026-09-09 20:33:09
 3  0      0 1968256 107836 3852084    0    0    26  7799 23777 44705 56 11 32  2  0  0 2026-09-09 20:33:14
 2  0      0 1979376 107836 3854276    0    0     0  2468 25510 46806 50 10 38  2  0  0 2026-09-09 20:33:19
 2  0      0 1951064 107836 3856560    0    0     0  3518 21591 46456 68 13 17  2  0  0 2026-09-09 20:33:24
 6  0      0 1957420 107836 3858780    0    0     0  2798 24842 47339 53 11 34  2  0  0 2026-09-09 20:33:29
 3  0      0 1955268 107836 3810796    0    0     0  2547 23525 43787 55 10 33  1  0  0 2026-09-09 20:33:34
 1  0      0 2004860 107836 3812908    0    0     0  2190 25667 48306 51 10 37  2  0  0 2026-09-09 20:33:39
procs -----------memory---------- ---swap-- -----io---- -system-- -------cpu------- -----timestamp-----
 r  b   swpd   free   buff  cache   si   so    bi    bo   in   cs us sy id wa st gu                 CST
 2  1      0 1993216 107836 3817180    0    0     0  3495 23491 47669 61 12 25  2  0  0 2026-09-09 20:33:44
 0  1      0 1983328 107836 3819520    0    0     0  2647 22523 45119 63 12 24  1  0  0 2026-09-09 20:33:49
 4  0      0 1983840 107836 3821748    0    0     0  1853 25858 46721 47 10 41  2  0  0 2026-09-09 20:33:54
 1  0      0 1986764 107836 3823792    0    0     0  1962 22617 43815 59 12 28  1  0  0 2026-09-09 20:33:59
 2  1      0 1980308 107836 3826212    0    0     0  4036 23704 48939 61 12 25  2  0  0 2026-09-09 20:34:04
 5  0      0 1937396 107836 3828360    0    0     0  4422 23465 46474 58 12 28  2  0  0 2026-09-09 20:34:09
 3  0      0 1921888 107836 3830532    0    0     0  9051 23250 43327 57 10 31  1  0  0 2026-09-09 20:34:14
 2  1      0 1964408 107836 3832516    0    0     0  3899 31962 57784 42 12 43  3  0  0 2026-09-09 20:34:19
 4  0      0 1954140 107836 3834588    0    0     0  4267 26828 50893 49 14 35  2  0  0 2026-09-09 20:34:24
 3  0      0 1961552 107836 3836528    0    0     0  3105 28934 50964 35 10 53  2  0  0 2026-09-09 20:34:29
 1  0      0 1965068 107836 3838572    0    0     0  2095 25811 45022 36 10 52  1  0  0 2026-09-09 20:34:34
14  0      0 1955620 107836 3840584    0    0     0  2085 27965 47700 28  9 62  1  0  0 2026-09-09 20:34:39
 7  0      0 1909588 107836 3844712    0    0     0  3068 28234 51851 43 12 43  2  0  0 2026-09-09 20:34:44
 1  0      0 1949072 107836 3846732    0    0     0  3391 26559 49572 45 11 42  1  0  0 2026-09-09 20:34:49
 1  0      0 1937052 107836 3848848    0    0     0  1831 27732 46473 26  8 64  1  0  0 2026-09-09 20:34:54
 2  0      0 1935308 107836 3850916    0    0     0  2394 26431 46394 38 11 50  1  0  0 2026-09-09 20:34:59
10  0      0 1953360 107836 3852888    0    0     0  2765 27888 51482 44 11 43  2  0  0 2026-09-09 20:35:04
 2  0      0 1926800 107836 3855084    0    0     0  2765 20675 42024 63 11 24  2  0  0 2026-09-09 20:35:09
 4  0      0 1921772 107836 3857480    0    0     0  7926 22650 41601 51  9 39  1  0  0 2026-09-09 20:35:14
 5  0      0 1931052 107836 3859664    0    0     0  3786 22716 41628 50  9 39  1  0  0 2026-09-09 20:35:19
 5  0      0 1930320 107836 3861876    0    0     0  3043 20306 44159 69 12 17  2  0  0 2026-09-09 20:35:24
procs -----------memory---------- ---swap-- -----io---- -system-- -------cpu------- -----timestamp-----
 r  b   swpd   free   buff  cache   si   so    bi    bo   in   cs us sy id wa st gu                 CST
 1  0      0 1928164 107836 3863996    0    0     0  2617 22953 45537 59 10 29  2  0  0 2026-09-09 20:35:29
 2  0      0 1933388 107836 3866068    0    0     0  2242 21006 39984 60 10 29  1  0  0 2026-09-09 20:35:34
 3  0      0 1908444 107836 3867984    0    0     0  3387 22369 41341 51  9 38  1  0  0 2026-09-09 20:35:39
17  0      0 1855104 107836 3869884    0    0     0  2833 21194 43319 65 12 21  2  0  0 2026-09-09 20:35:44
 2  0      0 1917888 107836 3872140    0    0    22  2584 22170 44024 62 11 26  2  0  0 2026-09-09 20:35:49
 4  0      0 1911660 107836 3874200    0    0     0  2124 23025 41440 50  9 40  1  0  0 2026-09-09 20:35:54
 2  1      0 1898540 107836 3876192    0    0     0  3190 21435 40344 58 10 31  1  0  0 2026-09-09 20:35:59
 3  1      0 1910932 107836 3878112    0    0     0  2774 22383 45940 62 11 25  2  0  0 2026-09-09 20:36:04
 1  0      0 1893404 107836 3880092    0    0     0  2607 20272 42606 68 12 19  1  0  0 2026-09-09 20:36:09
 3  0      0 1898236 107836 3881976    0    0     0  1824 22336 40867 51  9 39  1  0  0 2026-09-09 20:36:14
 2  1      0 1889216 107836 3883932    0    0     0  8874 22115 40647 52  9 38  1  0  0 2026-09-09 20:36:19
 1  0      0 1905052 107836 3885896    0    0     0  2754 20805 43801 68 11 19  2  0  0 2026-09-09 20:36:24
 3  0      0 1920828 107836 3887752    0    0     0  2668 22601 45655 61 11 27  2  0  0 2026-09-09 20:36:29
 1  0      0 1902572 107836 3889832    0    0     0  1994 21564 39942 57 10 32  1  0  0 2026-09-09 20:36:34
 4  0      0 1901596 107836 3891784    0    0     0  2986 22923 41548 50  9 40  1  0  0 2026-09-09 20:36:39
 7  0      0 1842804 107836 3893712    0    0     0  2527 21117 43219 67 12 20  1  0  0 2026-09-09 20:36:44
 3  0      0 1885532 107836 3895792    0    0     0  2626 21044 43913 66 11 22  2  0  0 2026-09-09 20:36:49
 4  0      0 1898904 107836 3897716    0    0     0  1868 23530 41997 49  9 41  1  0  0 2026-09-09 20:36:54
 4  0      0 1903716 107836 3899572    0    0     0  3168 21528 40536 57 10 32  1  0  0 2026-09-09 20:36:59
 8  0      0 1903060 107836 3901508    0    0     0  2892 21940 45126 61 11 26  2  0  0 2026-09-09 20:37:04
 2  0      0 1899048 107836 3903584    0    0     0  2503 20192 43059 68 12 18  1  0  0 2026-09-09 20:37:09
procs -----------memory---------- ---swap-- -----io---- -system-- -------cpu------- -----timestamp-----
 r  b   swpd   free   buff  cache   si   so    bi    bo   in   cs us sy id wa st gu                 CST
 3  0      0 1896948 107836 3905628    0    0     0  1943 22996 40994 50  9 41  1  0  0 2026-09-09 20:37:14
 8  0      0 1873840 107836 3907516    0    0     0  8719 22391 41556 52 10 37  1  0  0 2026-09-09 20:37:19
 5  0      0 1890504 107836 3909280    0    0     0  2724 20334 43533 68 12 19  1  0  0 2026-09-09 20:37:24
 2  0      0 1894612 107836 3911476    0    0     0  2584 22533 45320 61 11 27  2  0  0 2026-09-09 20:37:29
 6  0      0 1874320 107836 3913368    0    0     0  1727 21595 40205 57 10 31  1  0  0 2026-09-09 20:37:34
 5  0      0 1885420 107836 3915320    0    0     0  3089 22928 41741 51  9 39  1  0  0 2026-09-09 20:37:39
 4  1      0 1832732 107836 3917316    0    0     0  5854 20801 43514 66 12 21  2  0  0 2026-09-09 20:37:44
 3  0      0 1871960 107836 3919240    0    0     0  3026 21227 43699 64 11 22  2  0  0 2026-09-09 20:37:49
 6  0      0 1874312 107836 3921104    0    0     0  2071 23509 42427 50  9 40  1  0  0 2026-09-09 20:37:54
 5  0      0 1850868 107836 3923136    0    0     0  5514 21174 39397 57 10 31  1  0  0 2026-09-09 20:37:59
 2  0      0 1869748 107836 3924624    0    0     0  4026 20447 39891 56 10 32  2  0  0 2026-09-09 20:38:04
 2  0      0 1860168 107836 3924840    0    0     0  2044 13422 22322 49  7 42  2  0  0 2026-09-09 20:38:09
 1  0      0 1868528 107836 3925004    0    0     0  1708 8829 13203 29  3 66  2  0  0 2026-09-09 20:38:14
 7  0      0 1828364 107836 3925320    0    0     0  7326 9966 15523 39  5 55  1  0  0 2026-09-09 20:38:19
 1  1      0 1876076 107840 3925456    0    0     0  2251 13812 21807 44  5 48  2  0  0 2026-09-09 20:38:24
 1  0      0 1853736 107840 3925688    0    0     0  2086 14218 23370 41  6 51  3  0  0 2026-09-09 20:38:29
 1  0      0 1895628 107840 3909484    0    0     0  1504 9605 14558 39  5 54  1  0  0 2026-09-09 20:38:34
 1  0      0 1904252 107840 3909564    0    0     0   964 8952 13340 31  3 64  1  0  0 2026-09-09 20:38:39
 2  0      0 1882028 107840 3909892    0    0     0  1726 13512 22680 50  7 41  2  0  0 2026-09-09 20:38:44
 1  0      0 1882708 107840 3910100    0    0     0  1988 14040 22526 41  6 51  2  0  0 2026-09-09 20:38:49
 5  0      0 1822584 107840 3910312    0    0     0  1006 9827 15061 39  5 55  1  0  0 2026-09-09 20:38:54
procs -----------memory---------- ---swap-- -----io---- -system-- -------cpu------- -----timestamp-----
 r  b   swpd   free   buff  cache   si   so    bi    bo   in   cs us sy id wa st gu                 CST
 1  0      0 1889652 107840 3910476    0    0     0  1046 9131 13766 32  3 63  1  0  0 2026-09-09 20:38:59
 2  0      0 1873772 107844 3910680    0    0     0  2234 14361 23111 42  5 51  2  0  0 2026-09-09 20:39:04
 1  0      0 1865984 107844 3910884    0    0     0  2688 13138 21971 50  7 41  2  0  0 2026-09-09 20:39:09
 1  0      0 1851644 107844 3914940    0    0     0  1890 9040 13784 35  4 60  1  0  0 2026-09-09 20:39:14
 1  0      0 1859400 107844 3915148    0    0     0  7591 10071 15526 41  5 53  1  0  0 2026-09-09 20:39:19
 1  0      0 1867976 107844 3915316    0    0     0  3083 13930 21944 41  6 51  2  0  0 2026-09-09 20:39:24
 3  0      0 1781760 107844 3915580    0    0     0  2699 14528 23826 50  7 41  2  0  0 2026-09-09 20:39:29
 3  0      0 1848640 107844 3915712    0    0     0  1702 8702 12922 30  3 66  1  0  0 2026-09-09 20:39:34
 1  0      0 1866800 107844 3915932    0    0     0  1928 8805 13210 30  3 65  1  0  0 2026-09-09 20:39:39
 5  0      0 1861476 107844 3916168    0    0     0  2425 13613 22859 49  7 42  2  0  0 2026-09-09 20:39:44
 1  0      0 1871288 107844 3916364    0    0     0  3338 13606 21478 41  5 51  2  0  0 2026-09-09 20:39:49
 2  0      0 1807448 107844 3917096    0    0     0  2177 10091 15429 54  6 39  1  0  0 2026-09-09 20:39:54
 2  0      0 1762352 107844 3967276    0    0     0  2249 10749 19986 61  7 30  1  0  0 2026-09-09 20:39:59
 5  0      0 1732104 107848 3967476    0    0     0 11219 11256 19304 72  7 19  2  0  0 2026-09-09 20:40:04
 1  0      0 1736804 107848 4029480    0    0     0  5082 22350 46791 52 14 30  4  0  0 2026-09-09 20:40:09
 0  0      0 1740248 107848 4029540    0    0     0   833 7468 12434  7  3 90  1  0  0 2026-09-09 20:40:14
 0  0      0 1715544 107848 4029608    0    0     0  6434 7445 11220 15  4 81  0  0  0 2026-09-09 20:40:19
 0  0      0 1740704 107848 4029600    0    0     0 11191 10938 17313 14  4 80  1  0  0 2026-09-09 20:40:24
 0  0      0 1736696 107848 4029620    0    0     0  3612 11780 19386 24  6 69  1  0  0 2026-09-09 20:40:29
 0  0      0 1726004 107848 4029660    0    0     0   481 5499 8923  5  2 93  0  0  0 2026-09-09 20:40:34
 0  0      0 1679980 107848 4029712    0    0     0   529 6434 9389 13  3 83  0  0  0 2026-09-09 20:40:39
procs -----------memory---------- ---swap-- -----io---- -system-- -------cpu------- -----timestamp-----
 r  b   swpd   free   buff  cache   si   so    bi    bo   in   cs us sy id wa st gu                 CST
 0  0      0 1737484 107848 4029704    0    0     0  4582 12153 19292 20  5 73  1  0  0 2026-09-09 20:40:44
 0  0      0 1747544 107848 4029700    0    0     0  1500 12422 19388 15  4 79  2  0  0 2026-09-09 20:40:49
 0  0      0 1722724 107848 4030112    0    0     0   544 13678 19688 28  5 67  0  0  0 2026-09-09 20:40:54
 1  0      0 1724292 107848 4030120    0    0     0   492 5390 8836  4  2 94  0  0  0 2026-09-09 20:40:59
 0  0      0 1747204 107848 4030148    0    0     0  1329 12224 18821 22  5 71  2  0  0 2026-09-09 20:41:04
 0  0      0 1746268 107848 4030152    0    0     0  1327 12406 19925 16  4 79  2  0  0 2026-09-09 20:41:09
 0  0      0 1736136 107848 4030156    0    0     0   275 7318 10688 13  3 83  0  0  0 2026-09-09 20:41:14
 1  0      0 1732332 107848 4030564    0    0     0   256 6419 10714  5  2 93  0  0  0 2026-09-09 20:41:19
 6  0      0 1707616 107848 4031276    0    0     0  8307 20389 35484 33  9 56  2  0  0 2026-09-09 20:41:24
 1  0      0 1760900 107848 4032552    0    0     0  3290 23727 41316 37 10 50  2  0  0 2026-09-09 20:41:29
 2  0      0 1760876 107848 4033924    0    0     0  1690 22180 36139 23  7 69  1  0  0 2026-09-09 20:41:34
 3  0      0 1727572 107848 4035444    0    0     0  1854 21050 34800 31  9 59  1  0  0 2026-09-09 20:41:39
 3  0      0 1759084 107848 4036800    0    0     0  2500 24714 42220 33  9 56  2  0  0 2026-09-09 20:41:44
 3  0      0 1767472 107848 4038208    0    0     0  2817 22674 41066 42 11 45  2  0  0 2026-09-09 20:41:49
 0  0      0 1748788 107848 4039608    0    0     0  2987 21546 34906 22  7 70  1  0  0 2026-09-09 20:41:54
 9  0      0 1703992 107848 4040984    0    0     0  1919 21752 35781 28  8 63  1  0  0 2026-09-09 20:41:59
 2  0      0 1751904 107848 4042296    0    0     0  2698 24159 41163 36 10 52  2  0  0 2026-09-09 20:42:04
 1  0      0 1748932 107848 4043628    0    0     0  2585 25073 43176 34  9 54  2  0  0 2026-09-09 20:42:09
 0  0      0 1743720 107848 4045072    0    0     0  2323 21276 34860 31  8 59  1  0  0 2026-09-09 20:42:14
 4  1      0 1725928 107848 4046472    0    0     0  1795 21976 35798 23  7 68  1  0  0 2026-09-09 20:42:19
 3  0      0 1736508 107848 4047904    0    0     0  8251 22803 40661 43 12 44  2  0  0 2026-09-09 20:42:24
procs -----------memory---------- ---swap-- -----io---- -system-- -------cpu------- -----timestamp-----
 r  b   swpd   free   buff  cache   si   so    bi    bo   in   cs us sy id wa st gu                 CST
 1  0      0 1741888 107848 4049276    0    0     0  3170 24798 41854 33  9 55  2  0  0 2026-09-09 20:42:29
 4  0      0 1680432 107848 4050808    0    0     0  1650 21554 35917 30  9 61  1  0  0 2026-09-09 20:42:34
 1  0      0 1737188 107848 4052136    0    0     0  1597 21560 34535 24  7 68  1  0  0 2026-09-09 20:42:39
 4  0      0 1726968 107848 4053548    0    0     0  2380 24864 42200 33 10 55  2  0  0 2026-09-09 20:42:44
 2  0      0 1731084 107848 4054968    0    0     0  3709 23573 41923 43 11 44  2  0  0 2026-09-09 20:42:49
 2  0      0 1730172 107848 4056344    0    0     0  1824 21938 35335 22  7 70  1  0  0 2026-09-09 20:42:54
 2  0      0 1726756 107848 4057668    0    0     0  1842 21601 35694 32  8 59  1  0  0 2026-09-09 20:42:59
 2  0      0 1719488 107848 4059036    0    0     0  2355 24402 41111 32  9 57  2  0  0 2026-09-09 20:43:04
 7  0      0 1666680 107848 4060492    0    0     0  2667 23463 42146 42 11 44  2  0  0 2026-09-09 20:43:09
 3  0      0 1725480 107848 4061808    0    0     0  3230 21674 34961 23  7 69  1  0  0 2026-09-09 20:43:14
 7  0      0 1722728 107848 4063216    0    0     0  1777 22014 35295 22  7 70  1  0  0 2026-09-09 20:43:19
 4  0      0 1719696 107848 4064712    0    0     0  8350 20465 39219 57 12 30  2  0  0 2026-09-09 20:43:24
 5  0      0 1727436 107848 4066256    0    0     0  2839 22141 41320 55 11 32  3  0  0 2026-09-09 20:43:29
 4  0      0 1717548 107848 4067936    0    0     0  2393 20336 36287 53  9 36  2  0  0 2026-09-09 20:43:34
 5  0      0 1715920 107848 4069536    0    0     0  2945 21932 37243 45  8 45  2  0  0 2026-09-09 20:43:39
10  0      0 1634496 107848 4071104    0    0     0  2470 21494 40647 56 11 31  2  0  0 2026-09-09 20:43:44
 5  0      0 1715796 107848 4072700    0    0     0  2652 21049 40470 60 11 27  2  0  0 2026-09-09 20:43:49
 4  0      0 1695276 107848 4074328    0    0     0  2211 21568 36910 46  9 44  2  0  0 2026-09-09 20:43:54
 3  0      0 1698104 107848 4075932    0    0     0  2870 20864 37704 53 10 35  2  0  0 2026-09-09 20:43:59
 4  1      0 1703100 107848 4077396    0    0     0  3062 21619 39151 53 10 35  2  0  0 2026-09-09 20:44:04
 2  0      0 1702796 107848 4079048    0    0     0  4120 20126 40617 65 12 21  2  0  0 2026-09-09 20:44:09
procs -----------memory---------- ---swap-- -----io---- -system-- -------cpu------- -----timestamp-----
 r  b   swpd   free   buff  cache   si   so    bi    bo   in   cs us sy id wa st gu                 CST
 1  0      0 1695492 107848 4080608    0    0     0  3384 22106 37088 44  8 46  2  0  0 2026-09-09 20:44:14
 6  0      0 1684976 107848 4082152    0    0     0  4046 21657 37003 45  9 45  2  0  0 2026-09-09 20:44:19
 2  0      0 1691928 107848 4083752    0    0     0  9350 19548 38308 62 11 25  2  0  0 2026-09-09 20:44:24
 5  0      0 1696312 107848 4085228    0    0     0  4004 22557 41600 56 10 31  3  0  0 2026-09-09 20:44:29
 1  0      0 1688600 107848 4086832    0    0     0  2759 20179 36334 54 10 35  2  0  0 2026-09-09 20:44:34
 1  1      0 1693764 107848 4088408    0    0     0  3785 21978 36738 44  8 46  2  0  0 2026-09-09 20:44:39
 9  0      0 1612144 107848 4089932    0    0     0  3239 20892 39821 60 11 27  2  0  0 2026-09-09 20:44:44
 3  0      0 1686116 107848 4091664    0    0     0  3249 19817 38791 63 11 24  2  0  0 2026-09-09 20:44:49
 3  0      0 1682340 107848 4093248    0    0     0  3086 21851 36860 45  8 45  2  0  0 2026-09-09 20:44:54
 4  0      0 1674652 107848 4094748    0    0     0  2439 20422 36274 51 10 38  2  0  0 2026-09-09 20:44:59
 6  0      0 1684316 107848 4096240    0    0     0  4323 22414 40348 53 10 35  3  0  0 2026-09-09 20:45:04
 5  0      0 1647016 107848 4097916    0    0     0  3098 19810 40387 66 12 20  2  0  0 2026-09-09 20:45:09
 2  0      0 1673348 107848 4099516    0    0     0  2502 21725 37145 46  9 44  2  0  0 2026-09-09 20:45:14
10  0      0 1664252 107848 4101008    0    0     0  2414 21480 36689 45  9 44  2  0  0 2026-09-09 20:45:19
 4  0      0 1668480 107848 4102664    0    0     0  8695 20172 38871 62 10 25  2  0  0 2026-09-09 20:45:24
 3  0      0 1671564 107848 4104320    0    0     0  4529 22412 41552 55 11 32  2  0  0 2026-09-09 20:45:29
 2  0      0 1669952 107848 4105884    0    0     0  2749 20678 37244 54 10 34  1  0  0 2026-09-09 20:45:34
 6  0      0 1671888 107848 4107256    0    0     0  2523 21877 36451 44  8 46  2  0  0 2026-09-09 20:45:39
 7  0      0 1591544 107848 4108976    0    0     0  2640 20411 39401 61 11 26  2  0  0 2026-09-09 20:45:44
 2  0      0 1675176 107848 4110472    0    0     0  2907 21982 41155 56 11 31  2  0  0 2026-09-09 20:45:49
 1  0      0 1670920 107848 4112012    0    0     0  2493 22155 37688 45  9 44  2  0  0 2026-09-09 20:45:54
procs -----------memory---------- ---swap-- -----io---- -system-- -------cpu------- -----timestamp-----
 r  b   swpd   free   buff  cache   si   so    bi    bo   in   cs us sy id wa st gu                 CST
 3  0      0 1664608 107848 4113696    0    0     0  3557 20242 36309 52 10 36  2  0  0 2026-09-09 20:45:59
 2  0      0 1666984 107848 4115196    0    0     0  2882 22451 40753 52 10 35  2  0  0 2026-09-09 20:46:04
 3  0      0 1652572 107848 4116776    0    0     0  2850 19982 39923 64 12 22  2  0  0 2026-09-09 20:46:09
 5  0      0 1636428 107848 4118364    0    0     0  2474 22009 37333 46  9 44  2  0  0 2026-09-09 20:46:14
 8  0      0 1613140 107848 4120008    0    0     0  3122 21340 36878 48 10 41  2  0  0 2026-09-09 20:46:19
 3  1      0 1655888 107848 4121540    0    0     0  2765 21656 40079 56 10 32  2  0  0 2026-09-09 20:46:24
 2  0      0 1657748 107848 4123080    0    0     0  8920 22020 41203 56 11 31  2  0  0 2026-09-09 20:46:29
 2  0      0 1644264 107848 4124704    0    0     0  2967 20054 36675 57 10 31  1  0  0 2026-09-09 20:46:34
 2  0      0 1654656 107848 4126420    0    0     0  2298 21856 36709 44  9 45  2  0  0 2026-09-09 20:46:39
 2  0      0 1602204 107848 4127944    0    0     0  2481 19100 36922 61 11 26  2  0  0 2026-09-09 20:46:44
 2  1      0 1635628 107848 4146328    0    0     0 15385 21953 41197 56 11 29  3  0  0 2026-09-09 20:46:49
 3  0      0 1605656 107848 4147692    0    0     0  3269 21888 37992 48  9 41  2  0  0 2026-09-09 20:46:54
 1  0      0 1634140 107848 4149340    0    0     0  2532 20636 36614 53  9 37  2  0  0 2026-09-09 20:46:59
 6  0      0 1618184 107848 4150812    0    0     0  3131 22250 39715 52 10 36  2  0  0 2026-09-09 20:47:04
 4  0      0 1602680 107848 4152272    0    0     0 13905 19476 38704 64 12 22  2  0  0 2026-09-09 20:47:09
 1  0      0 1616232 107848 4153716    0    0     0  2752 22017 37906 47  9 43  2  0  0 2026-09-09 20:47:14
 1  0      0 1558092 107848 4155244    0    0     0  2741 20137 35204 52 10 37  2  0  0 2026-09-09 20:47:19
 1  1      0 1627408 107848 4156632    0    0     0  3318 22321 40709 52 10 36  2  0  0 2026-09-09 20:47:24
 1  1      0 1620132 107848 4158128    0    0     0  9804 21690 40077 56 10 31  2  0  0 2026-09-09 20:47:29
 2  0      0 1606848 107848 4159796    0    0     0  2438 19546 36159 55 10 33  1  0  0 2026-09-09 20:47:34
 2  0      0 1622764 107848 4161228    0    0     0  2824 21385 36403 45  8 44  2  0  0 2026-09-09 20:47:39
procs -----------memory---------- ---swap-- -----io---- -system-- -------cpu------- -----timestamp-----
 r  b   swpd   free   buff  cache   si   so    bi    bo   in   cs us sy id wa st gu                 CST
 3  0      0 1613720 107848 4162688    0    0     0  2881 19743 37298 60 11 28  2  0  0 2026-09-09 20:47:44
 2  0      0 1645868 107848 4164000    0    0     0  4558 22678 41969 55 11 31  3  0  0 2026-09-09 20:47:49
 7  0      0 1588448 107848 4165572    0    0     0  2568 20522 37023 53 10 35  2  0  0 2026-09-09 20:47:54
 3  0      0 1594280 107848 4183908    0    0     0  5625 21396 36499 46  8 44  2  0  0 2026-09-09 20:47:59
 2  0      0 1602552 107848 4185376    0    0     0  2814 22275 40267 52 10 36  2  0  0 2026-09-09 20:48:04
 3  0      0 1600220 107848 4186868    0    0     0  3959 20352 39663 64 12 22  2  0  0 2026-09-09 20:48:09
 2  1      0 1603000 107848 4188336    0    0     0  2607 21789 38117 47  9 42  2  0  0 2026-09-09 20:48:14
 4  0      0 1603312 107848 4189856    0    0     0  2262 20482 36130 52 10 37  1  0  0 2026-09-09 20:48:19
 8  0      0 1585812 107848 4191272    0    0     0  2694 22041 40088 52 10 37  2  0  0 2026-09-09 20:48:24
 9  0      0 1584792 107848 4192992    0    0     0  8926 20873 39607 57 12 29  2  0  0 2026-09-09 20:48:29
 1  1      0 1591116 107848 4194312    0    0     0  3714 20138 36483 54 10 35  2  0  0 2026-09-09 20:48:34
 1  0      0 1595564 107848 4195864    0    0     0  2259 21776 36444 44  8 46  2  0  0 2026-09-09 20:48:39
 3  1      0 1584996 107848 4197320    0    0     0  2788 19203 37062 62 11 26  1  0  0 2026-09-09 20:48:44
 5  0      0 1576024 107848 4198792    0    0     0  5993 22236 41769 57 11 30  2  0  0 2026-09-09 20:48:49
 2  0      0 1516120 107848 4200320    0    0     0  3537 20449 36802 55 10 33  2  0  0 2026-09-09 20:48:54
 1  0      0 1578744 107848 4201704    0    0     0  2457 21919 37502 45  8 45  2  0  0 2026-09-09 20:48:59
 2  0      0 1584608 107848 4203344    0    0     0  3577 22273 39849 51 10 37  2  0  0 2026-09-09 20:49:04
 4  0      0 1587912 107848 4204776    0    0     0  4892 20106 39014 63 12 23  2  0  0 2026-09-09 20:49:09
 2  0      0 1582996 107848 4206436    0    0     0  4733 22086 39100 48  9 41  2  0  0 2026-09-09 20:49:14
 3  0      0 1582312 107848 4207944    0    0     0  3481 20083 35308 52  9 37  2  0  0 2026-09-09 20:49:19
 5  0      0 1571472 107848 4209604    0    0     0  4024 22254 39954 51  9 37  2  0  0 2026-09-09 20:49:24
procs -----------memory---------- ---swap-- -----io---- -system-- -------cpu------- -----timestamp-----
 r  b   swpd   free   buff  cache   si   so    bi    bo   in   cs us sy id wa st gu                 CST
 6  0      0 1518892 107848 4211216    0    0     0  9774 20360 39517 61 12 25  2  0  0 2026-09-09 20:49:29
 1  0      0 1561552 107848 4212692    0    0     0  3958 21046 37015 51  9 38  2  0  0 2026-09-09 20:49:34
 1  0      0 1570092 107848 4214356    0    0     0  3422 22372 37824 44  9 45  2  0  0 2026-09-09 20:49:39
 8  0      0 1523460 107848 4215856    0    0     0  4619 20224 38014 59 11 28  2  0  0 2026-09-09 20:49:44
 2  1      0 1575424 107848 4217468    0    0     0  4196 21774 41222 58 10 29  2  0  0 2026-09-09 20:49:49
 4  0      0 1555136 107848 4219000    0    0     0  4330 20509 37381 56 10 32  2  0  0 2026-09-09 20:49:54
 2  1      0 1561424 107848 4220560    0    0     0  2962 21668 36751 44  8 46  2  0  0 2026-09-09 20:49:59
13  0      0 1513936 107848 4222028    0    0     0  3696 21950 39556 52 11 35  2  0  0 2026-09-09 20:50:04
 2  0      0 1557912 107848 4223540    0    0     0  3958 20811 39426 61 10 27  2  0  0 2026-09-09 20:50:09
 1  0      0 1565020 107848 4225208    0    0     0  3782 21699 38396 48  9 41  2  0  0 2026-09-09 20:50:14
 1  0      0 1555100 107848 4226728    0    0     0  2814 20121 35628 52  9 37  2  0  0 2026-09-09 20:50:19
 2  0      0 1553344 107848 4228248    0    0     0  2958 21939 39301 51  9 37  2  0  0 2026-09-09 20:50:24
 2  0      0 1482684 107848 4229928    0    0     0  8932 19764 39205 65 12 22  2  0  0 2026-09-09 20:50:29
 1  0      0 1557784 107848 4231356    0    0     0  3690 21827 38054 49  9 40  2  0  0 2026-09-09 20:50:34
 1  0      0 1552280 107848 4232900    0    0     0  2550 22018 37473 44  8 45  2  0  0 2026-09-09 20:50:39
 2  0      0 1545888 107848 4234552    0    0     0  3111 20323 37725 59 11 29  2  0  0 2026-09-09 20:50:44
 1  1      0 1531172 107848 4236096    0    0     0  3790 22571 42355 55 11 32  2  0  0 2026-09-09 20:50:49
 3  0      0 1546296 107848 4237732    0    0     0  2473 20365 37327 57 11 31  2  0  0 2026-09-09 20:50:54
 2  0      0 1534444 107848 4239268    0    0     0  2205 21911 36612 44  9 46  2  0  0 2026-09-09 20:50:59
 9  1      0 1485840 107848 4240784    0    0     0  2782 20988 39238 57 11 31  2  0  0 2026-09-09 20:51:04
 3  0      0 1538944 107848 4242368    0    0     0  3590 21447 40127 57 11 30  2  0  0 2026-09-09 20:51:09
procs -----------memory---------- ---swap-- -----io---- -system-- -------cpu------- -----timestamp-----
 r  b   swpd   free   buff  cache   si   so    bi    bo   in   cs us sy id wa st gu                 CST
 3  0      0 1530404 107848 4243860    0    0     0  2333 21978 39443 50  9 38  2  0  0 2026-09-09 20:51:14
 6  0      0 1512056 107848 4245440    0    0     0  2212 19837 35066 52 10 37  1  0  0 2026-09-09 20:51:19
 5  0      0 1514996 107848 4246984    0    0     0  2347 22624 40345 49 10 39  2  0  0 2026-09-09 20:51:24
 5  0      0 1526128 107848 4249876    0    0     0  3408 20044 39487 62 12 24  2  0  0 2026-09-09 20:51:29
 3  0      0 1529916 107848 4250100    0    0     0  8091 21224 37559 50  9 39  2  0  0 2026-09-09 20:51:34
 6  0      0 1485624 107848 4251612    0    0     0  2140 21269 37219 48  9 41  2  0  0 2026-09-09 20:51:39
 2  0      0 1519028 107848 4253156    0    0     0  2226 20518 37334 56  9 33  2  0  0 2026-09-09 20:51:44
 3  0      0 1513492 107848 4254808    0    0     0  3217 22055 41371 55 11 32  2  0  0 2026-09-09 20:51:49
 2  0      0 1524844 107848 4256356    0    0     0  2246 19755 36587 57 11 31  1  0  0 2026-09-09 20:51:54
 1  0      0 1521820 107848 4257924    0    0     0  2055 21799 36648 44  8 46  2  0  0 2026-09-09 20:51:59
 6  0      0 1457340 107848 4259424    0    0     0  3886 19836 37731 58 11 29  2  0  0 2026-09-09 20:52:04
 4  0      0 1518408 107848 4260948    0    0     0  3116 22108 40744 55 10 32  2  0  0 2026-09-09 20:52:09
 3  0      0 1491668 107848 4262492    0    0     0  2664 22051 39766 51  9 38  2  0  0 2026-09-09 20:52:14
 1  0      0 1509796 107848 4264124    0    0     0  2240 19716 35060 53 10 36  2  0  0 2026-09-09 20:52:19
 3  0      0 1510856 107848 4265520    0    0     0  2419 21735 38961 49  9 40  2  0  0 2026-09-09 20:52:24
 2  0      0 1487788 107848 4267172    0    0     0  2831 19528 38907 64 12 23  2  0  0 2026-09-09 20:52:29
 2  0      0 1515140 107848 4268784    0    0     0  9882 21676 38307 50 10 38  2  0  0 2026-09-09 20:52:34
 9  0      0 1445176 107848 4270324    0    0     0  2162 20683 36391 50 10 38  2  0  0 2026-09-09 20:52:39
 7  1      0 1475212 107848 4271912    0    0     0  2749 21442 37966 51  9 37  2  0  0 2026-09-09 20:52:44
 1  0      0 1493764 107848 4273540    0    0     0  3474 21537 40975 58 11 29  2  0  0 2026-09-09 20:52:49
 3  0      0 1487736 107848 4275080    0    0     0  3262 19902 37192 57 11 31  1  0  0 2026-09-09 20:52:54
procs -----------memory---------- ---swap-- -----io---- -system-- -------cpu------- -----timestamp-----
 r  b   swpd   free   buff  cache   si   so    bi    bo   in   cs us sy id wa st gu                 CST
 1  0      0 1500840 107848 4276652    0    0     0  2108 21664 36314 44  8 46  2  0  0 2026-09-09 20:52:59
 2  0      0 1480740 107848 4278156    0    0     0  2637 19831 37563 58 10 30  2  0  0 2026-09-09 20:53:04
 1  0      0 1493096 107848 4279720    0    0     0  2888 22306 41195 55 11 32  2  0  0 2026-09-09 20:53:09
 7  0      0 1449548 107848 4281272    0    0     0  2890 21863 39578 52 10 36  2  0  0 2026-09-09 20:53:14
 2  0      0 1486128 107848 4282824    0    0     0  1929 20370 35829 53  9 37  1  0  0 2026-09-09 20:53:19
 3  0      0 1480192 107848 4284388    0    0     0  3801 21875 38734 50  9 39  2  0  0 2026-09-09 20:53:24
 3  0      0 1483700 107848 4285892    0    0     0  2774 20491 40899 64 12 22  2  0  0 2026-09-09 20:53:29
 2  1      0 1454468 107848 4304280    0    0     0 11870 21141 38149 52 10 36  2  0  0 2026-09-09 20:53:34
 2  0      0 1398264 107848 4305896    0    0     0  1840 19978 35934 53 10 36  1  0  0 2026-09-09 20:53:39
 4  0      0 1466220 107848 4307416    0    0     0  3179 21683 38192 49  9 40  2  0  0 2026-09-09 20:53:44
 3  0      0 1458184 107848 4309000    0    0     0  2913 22545 42387 55 11 31  2  0  0 2026-09-09 20:53:49
 3  0      0 1444340 107848 4310464    0    0     0  2685 19921 37303 58 11 30  1  0  0 2026-09-09 20:53:54
 2  0      0 1462300 107848 4312056    0    0     0  2022 22218 37027 43  8 48  2  0  0 2026-09-09 20:53:59
 3  0      0 1435464 107848 4313688    0    0     0  2792 19816 37681 58 11 29  2  0  0 2026-09-09 20:54:04
 4  0      0 1459236 107848 4315220    0    0     0  5010 22204 41102 55 11 32  2  0  0 2026-09-09 20:54:09
 4  0      0 1405168 107848 4316812    0    0     0  3720 21317 38971 54 10 34  2  0  0 2026-09-09 20:54:14
 2  0      0 1474360 107848 4318316    0    0     0  3246 20786 35806 48  9 42  2  0  0 2026-09-09 20:54:19
 2  0      0 1477520 107848 4319752    0    0     0  3354 22384 39223 48 10 40  2  0  0 2026-09-09 20:54:24
 3  0      0 1466556 107848 4321412    0    0     0  4721 20088 39726 64 11 23  2  0  0 2026-09-09 20:54:29
 2  0      0 1456920 107848 4322968    0    0     0  8957 21824 38853 51 10 37  2  0  0 2026-09-09 20:54:34
 3  0      0 1429840 107848 4324508    0    0     0  2997 20429 36543 53 10 35  2  0  0 2026-09-09 20:54:39
procs -----------memory---------- ---swap-- -----io---- -system-- -------cpu------- -----timestamp-----
 r  b   swpd   free   buff  cache   si   so    bi    bo   in   cs us sy id wa st gu                 CST
 5  0      0 1433140 107848 4325984    0    0     0  3058 21071 37418 50 10 39  2  0  0 2026-09-09 20:54:44
 6  0      0 1447948 107848 4327668    0    0    26  4752 21339 40698 57 11 30  2  0  0 2026-09-09 20:54:49
 1  0      0 1446552 107848 4329296    0    0     0  2818 19899 37460 58 10 30  2  0  0 2026-09-09 20:54:54
 2  0      0 1438308 107848 4330776    0    0     0  2570 21920 36651 44  8 46  2  0  0 2026-09-09 20:54:59
 2  0      0 1446364 107848 4332388    0    0     0  2700 20257 37585 58 11 30  2  0  0 2026-09-09 20:55:04
 3  1      0 1440876 107848 4333968    0    0     0  4112 21968 40689 55 11 32  3  0  0 2026-09-09 20:55:09
 8  0      0 1351396 107848 4335512    0    0     0  2757 20792 38507 58 10 30  2  0  0 2026-09-09 20:55:14
 3  0      0 1441560 107848 4336976    0    0     0  2945 21809 36862 44  8 46  2  0  0 2026-09-09 20:55:19
 2  1      0 1441924 107848 4338584    0    0     0  2781 22289 38844 49  9 39  2  0  0 2026-09-09 20:55:24
 1  0      0 1434216 107848 4340176    0    0     0  3841 19953 39648 64 11 23  2  0  0 2026-09-09 20:55:29
 3  0      0 1425504 107848 4341812    0    0     0  8670 21573 38703 51 10 37  2  0  0 2026-09-09 20:55:34
 1  0      0 1385500 107848 4343292    0    0     0  2322 20253 36206 53 10 36  2  0  0 2026-09-09 20:55:39
 5  0      0 1414648 107848 4344716    0    0     0  2934 21896 38307 49  9 40  2  0  0 2026-09-09 20:55:44
 8  0      0 1396268 107848 4346324    0    0     0  4610 21310 40399 59 11 28  2  0  0 2026-09-09 20:55:49
 2  0      0 1425920 107848 4347936    0    0     0  2800 20007 38182 58 10 30  2  0  0 2026-09-09 20:55:54
 2  0      0 1430456 107848 4349448    0    0     0  2472 22014 36911 44  8 46  2  0  0 2026-09-09 20:55:59
 4  0      0 1407300 107848 4350956    0    0     0  2553 20009 37265 57 11 31  2  0  0 2026-09-09 20:56:04
 2  0      0 1424952 107848 4352604    0    0     0  4243 22417 41037 54 11 32  2  0  0 2026-09-09 20:56:09
 1  0      0 1411244 107848 4354168    0    0     2  2418 20458 38015 59 11 28  2  0  0 2026-09-09 20:56:14
 1  0      0 1420840 107848 4355668    0    0     0  2354 22160 37912 44  9 45  2  0  0 2026-09-09 20:56:19
 6  0      0 1413472 107848 4357224    0    0     0  2453 21943 38168 49  9 41  2  0  0 2026-09-09 20:56:24
procs -----------memory---------- ---swap-- -----io---- -system-- -------cpu------- -----timestamp-----
 r  b   swpd   free   buff  cache   si   so    bi    bo   in   cs us sy id wa st gu                 CST
 2  0      0 1410780 107848 4358796    0    0     0  4028 19965 39604 64 11 23  2  0  0 2026-09-09 20:56:29
 3  0      0 1418256 107848 4364040    0    0     0  2331 22041 38950 50 10 38  2  0  0 2026-09-09 20:56:34
 2  0      0 1409672 107848 4361900    0    0     0  8294 19793 35586 54 10 35  2  0  0 2026-09-09 20:56:39
 4  0      0 1399184 107848 4363340    0    0     0  2300 21926 38627 50  9 39  2  0  0 2026-09-09 20:56:44
 7  0      0 1357924 107848 4364984    0    0     0  3219 20070 38929 62 11 25  2  0  0 2026-09-09 20:56:49
 3  0      0 1409028 107848 4366504    0    0     0  3469 21756 39837 54 10 34  2  0  0 2026-09-09 20:56:54
 2  0      0 1415404 107848 4368080    0    0     0  2213 21365 36332 45  9 44  2  0  0 2026-09-09 20:56:59
 4  1      0 1384148 107848 4369624    0    0     0  2430 20165 37078 56 10 32  2  0  0 2026-09-09 20:57:04
 3  0      0 1413980 107848 4371156    0    0     0  3102 22234 41158 55 11 31  2  0  0 2026-09-09 20:57:09
 2  0      0 1399292 107848 4372780    0    0     0  3517 20360 38585 59 11 27  2  0  0 2026-09-09 20:57:14
 2  0      0 1382804 107848 4374276    0    0     0  2292 21944 37422 44  8 46  2  0  0 2026-09-09 20:57:19
 8  0      0 1368212 107848 4375864    0    0     0  2489 21139 37708 50 10 38  2  0  0 2026-09-09 20:57:24
 2  0      0 1388856 107848 4377444    0    0     0  2948 20152 39336 61 11 26  2  0  0 2026-09-09 20:57:29
 1  0      0 1403388 107848 4378948    0    0     0  2616 21935 39425 52 10 36  2  0  0 2026-09-09 20:57:34
 1  0      0 1373288 107848 4380620    0    0     0  9120 19795 35137 53 10 35  2  0  0 2026-09-09 20:57:39
 3  0      0 1391780 107848 4382112    0    0     0  4326 22315 38854 48  9 41  2  0  0 2026-09-09 20:57:44
 5  0      0 1321760 107848 4383640    0    0     0 12206 19845 38892 63 12 22  2  0  0 2026-09-09 20:57:49
 1  0      0 1372980 107848 4385104    0    0     0 13316 20142 37432 60 10 28  2  0  0 2026-09-09 20:57:54
 2  0      0 1380384 107848 4386596    0    0     0  3020 21559 36247 43  8 46  2  0  0 2026-09-09 20:57:59
 4  0      0 1365556 107848 4388132    0    0     0  3094 20432 37479 55 10 32  2  0  0 2026-09-09 20:58:04
 4  0      0 1379704 107848 4389616    0    0     0  3086 22065 41222 56 10 31  2  0  0 2026-09-09 20:58:09
procs -----------memory---------- ---swap-- -----io---- -system-- -------cpu------- -----timestamp-----
 r  b   swpd   free   buff  cache   si   so    bi    bo   in   cs us sy id wa st gu                 CST
 2  0      0 1368968 107848 4391120    0    0     0  3853 19223 37753 63 12 23  2  0  0 2026-09-09 20:58:14
 3  0      0 1373520 107848 4392616    0    0     0  3955 22210 37810 44  8 46  2  0  0 2026-09-09 20:58:19
11  1      0 1328420 107848 4394100    0    0     0  2887 20769 37006 52 10 36  2  0  0 2026-09-09 20:58:24
 2  0      0 1374220 107848 4395552    0    0     0  3438 21127 40133 58 11 29  2  0  0 2026-09-09 20:58:29
 2  0      0 1375680 107848 4396904    0    0     0  4227 22064 39910 53 10 35  2  0  0 2026-09-09 20:58:34
 1  0      0 1377040 107848 4398632    0    0     0  8414 19537 34280 53 10 36  2  0  0 2026-09-09 20:58:39
 4  0      0 1378640 107848 4400048    0    0     0  2916 22226 38951 47  9 42  2  0  0 2026-09-09 20:58:44
 2  0      0 1359480 107848 4401576    0    0     0  3342 20500 39456 64 12 23  2  0  0 2026-09-09 20:58:49
 3  0      0 1469788 107848 4300164    0    0     0  4230 22121 40398 53 10 35  2  0  0 2026-09-09 20:58:54
 7  0      0 1468092 107848 4301672    0    0     0  2870 21562 36783 45  9 44  2  0  0 2026-09-09 20:58:59
 9  0      0 1488516 107848 4303088    0    0     0  3538 20773 36367 53  9 35  2  0  0 2026-09-09 20:59:04
 4  0      0 1481028 107848 4304520    0    0     0  5110 22015 41115 56 11 31  3  0  0 2026-09-09 20:59:09
 1  0      0 1489984 107848 4305960    0    0     0  4194 19840 37996 60 11 27  2  0  0 2026-09-09 20:59:14
 3  0      0 1496364 107848 4307484    0    0     0  4634 21896 37272 44  8 45  2  0  0 2026-09-09 20:59:19
 2  0      0 1420704 107848 4308932    0    0     0  3847 19954 35872 54 10 34  2  0  0 2026-09-09 20:59:24
 5  0      0 1465232 107848 4310364    0    0     0  4650 22074 41158 56 10 32  2  0  0 2026-09-09 20:59:29
 2  0      0 1480944 107848 4311668    0    0     0  4080 21983 40112 53 10 35  2  0  0 2026-09-09 20:59:34
 1  0      0 1474768 107848 4313324    0    0     0 10510 19554 35138 55 10 33  2  0  0 2026-09-09 20:59:39
 1  0      0 1474652 107848 4314840    0    0     0  4048 22273 38717 47  9 42  2  0  0 2026-09-09 20:59:44
 2  0      0 1466420 107848 4316304    0    0     0  3946 20235 38912 63 12 24  2  0  0 2026-09-09 20:59:49
 1  0      0 1475300 107848 4317852    0    0     0  5047 21937 40466 53 10 35  2  0  0 2026-09-09 20:59:54
procs -----------memory---------- ---swap-- -----io---- -system-- -------cpu------- -----timestamp-----
 r  b   swpd   free   buff  cache   si   so    bi    bo   in   cs us sy id wa st gu                 CST
 7  0      0 1438692 107848 4319368    0    0     0  3182 21183 36750 48  9 40  2  0  0 2026-09-09 20:59:59
 1  0      0 1476156 107848 4320768    0    0     0  3700 21221 36807 50  9 38  2  0  0 2026-09-09 21:00:04
 4  1      0 1471212 107848 4322332    0    0     0  4690 22161 41354 55 11 32  2  0  0 2026-09-09 21:00:09
 2  0      0 1460152 107848 4323884    0    0     0  3667 19967 37859 60 11 26  2  0  0 2026-09-09 21:00:14
 2  0      0 1457928 107848 4325392    0    0     0  2995 21855 37325 44  8 45  2  0  0 2026-09-09 21:00:19
 1  0      0 1463976 107848 4326928    0    0     0  3218 19925 35971 54 10 34  2  0  0 2026-09-09 21:00:24
 2  0      0 1457332 107848 4328240    0    0     0  4398 22347 41034 55 10 33  3  0  0 2026-09-09 21:00:29
 3  0      0 1454744 107848 4329824    0    0     0  3176 21757 40679 54 11 33  2  0  0 2026-09-09 21:00:34
 2  0      0 1443808 107848 4331460    0    0     0  8505 20132 34973 53  9 36  2  0  0 2026-09-09 21:00:39
 2  0      0 1447524 107848 4332960    0    0     0  3656 21678 37710 47  9 42  2  0  0 2026-09-09 21:00:44
 2  2      0 1420660 107848 4334600    0    0     0  4107 19018 37890 66 11 21  2  0  0 2026-09-09 21:00:49
 2  1      0 1456488 107848 4336040    0    0     0  3800 22020 40630 54 10 33  2  0  0 2026-09-09 21:00:54
 2  0      0 1383300 107848 4337584    0    0     0  8054 20232 35943 54 10 34  2  0  0 2026-09-09 21:00:59
 4  0      0 1444160 107848 4338952    0    0     0  3664 22279 37851 46  9 43  2  0  0 2026-09-09 21:01:04
 3  0      0 1452712 107848 4340512    0    0     0  3322 22278 41380 54 11 32  2  0  0 2026-09-09 21:01:09
 7  0      0 1444856 107848 4342076    0    0     0  3018 19876 38356 61 11 25  2  0  0 2026-09-09 21:01:14
 5  0      0 1434080 107848 4343628    0    0     0  3381 22045 37387 45  8 45  2  0  0 2026-09-09 21:01:19
 3  0      0 1413540 107848 4345116    0    0     0  2465 20344 36899 55 10 33  2  0  0 2026-09-09 21:01:24
 2  0      0 1430552 107848 4346616    0    0     0  2984 22186 40427 54 10 33  2  0  0 2026-09-09 21:01:29
 5  0      0 1377968 107848 4348116    0    0     0  2762 21556 41205 59 12 27  2  0  0 2026-09-09 21:01:34
 2  0      0 1443596 107848 4353924    0    0     0  2966 20998 35729 46  9 43  2  0  0 2026-09-09 21:01:39
procs -----------memory---------- ---swap-- -----io---- -system-- -------cpu------- -----timestamp-----
 r  b   swpd   free   buff  cache   si   so    bi    bo   in   cs us sy id wa st gu                 CST
 4  0      0 1420796 107848 4351132    0    0     0  8354 21545 37515 47  9 42  2  0  0 2026-09-09 21:01:44
 1  1      0 1445220 107848 4352716    0    0     0  2780 19676 38850 63 12 23  2  0  0 2026-09-09 21:01:49
 1  0      0 1426860 107848 4354252    0    0     0  2630 21087 38791 55 10 32  2  0  0 2026-09-09 21:01:54
 2  0      0 1398900 107848 4355748    0    0     0  1865 20163 36252 54 10 35  2  0  0 2026-09-09 21:01:59
 1  0      0 1418544 107848 4357268    0    0     0  3270 21732 37402 47  9 42  2  0  0 2026-09-09 21:02:04
 4  0      0 1403288 107848 4358804    0    0     0  3112 21880 41238 56 11 30  2  0  0 2026-09-09 21:02:09
 2  0      0 1425724 107848 4360316    0    0     0  2946 20295 38495 61 10 27  2  0  0 2026-09-09 21:02:14
 1  0      0 1423588 107848 4361816    0    0     0  2574 22034 37541 45  9 45  2  0  0 2026-09-09 21:02:19
 1  0      0 1402964 107848 4363348    0    0     0  3284 20355 36358 54 10 34  2  0  0 2026-09-09 21:02:24
 8  0      0 1420156 107848 4364752    0    0     0  3550 22252 40546 54 10 34  2  0  0 2026-09-09 21:02:29
 4  0      0 1365024 107848 4366424    0    0     0  3426 20489 40224 63 12 23  2  0  0 2026-09-09 21:02:34
 2  1      0 1413760 107848 4367936    0    0     0  2353 21307 35680 44  8 46  2  0  0 2026-09-09 21:02:39
 5  0      0 1400984 107848 4369360    0    0     0  8682 21054 37055 49  9 40  2  0  0 2026-09-09 21:02:44
 2  0      0 1402852 107848 4370980    0    0     0  4012 19566 38626 63 12 24  2  0  0 2026-09-09 21:02:49
 3  0      0 1411648 107848 4372412    0    0     0  2850 22394 41126 54 10 33  2  0  0 2026-09-09 21:02:54
 5  0      0 1390984 107848 4390256    0    0     0  5658 20384 36196 52 10 36  2  0  0 2026-09-09 21:02:59
 4  0      0 1403044 107848 4391808    0    0     0  2441 22303 37562 46  8 44  2  0  0 2026-09-09 21:03:04
 8  0      0 1351824 107848 4393288    0    0     0  2910 20443 40185 62 11 25  2  0  0 2026-09-09 21:03:09
 2  0      0 1400560 107848 4394860    0    0     0  4296 21346 39950 58 11 29  2  0  0 2026-09-09 21:03:14
 4  0      0 1397948 107848 4396436    0    0     0  2717 21925 36726 44  8 46  2  0  0 2026-09-09 21:03:19
 3  0      0 1382228 107848 4397868    0    0     0  2577 20355 36966 55 10 34  1  0  0 2026-09-09 21:03:24
procs -----------memory---------- ---swap-- -----io---- -system-- -------cpu------- -----timestamp-----
 r  b   swpd   free   buff  cache   si   so    bi    bo   in   cs us sy id wa st gu                 CST
 3  0      0 1384896 107848 4399384    0    0     0  3350 22526 40759 54 10 33  2  0  0 2026-09-09 21:03:29
 1  0      0 1382104 107848 4400852    0    0     0  3902 20353 40148 63 12 23  2  0  0 2026-09-09 21:03:34
 1  0      0 1383320 107848 4402360    0    0     0  2044 21622 36460 44  9 46  2  0  0 2026-09-09 21:03:39
 7  1      0 1374400 107848 4403928    0    0     0  7974 21434 37169 47  9 42  2  0  0 2026-09-09 21:03:44
 3  0      0 1377984 107848 4405488    0    0     0  2746 20048 39007 62 11 25  2  0  0 2026-09-09 21:03:49
 1  0      0 1370200 107848 4407036    0    0     0  3557 22529 41013 54 10 33  3  0  0 2026-09-09 21:03:54
 2  0      0 1366792 107848 4408484    0    0     0  1898 20280 35982 53 10 36  2  0  0 2026-09-09 21:03:59
 2  0      0 1376688 107848 4410100    0    0     0  3313 21835 37110 45  9 44  2  0  0 2026-09-09 21:04:04
 8  0      0 1297632 107848 4411512    0    0     0  4245 21288 41039 61 11 26  2  0  0 2026-09-09 21:04:09
 1  0      0 1368844 107848 4413300    0    0     0  4303 22131 40957 55 11 32  2  0  0 2026-09-09 21:04:14
 2  0      0 1370912 107848 4414836    0    0     0  3978 21867 36754 44  8 46  2  0  0 2026-09-09 21:04:19
 3  1      0 1341492 107848 4416380    0    0     0  3302 20395 36879 54 10 34  2  0  0 2026-09-09 21:04:24
 3  0      0 1344892 107848 4417968    0    0    24  3702 22113 40881 55 10 32  2  0  0 2026-09-09 21:04:29
 7  0      0 1354664 107848 4419596    0    0     0  4331 20085 39676 64 11 23  2  0  0 2026-09-09 21:04:34
 1  0      0 1350484 107848 4421120    0    0     0  3016 21794 36703 44  8 46  2  0  0 2026-09-09 21:04:39
 8  0      0 1307608 107848 4422700    0    0     0  8754 21008 36601 49  9 39  2  0  0 2026-09-09 21:04:44
 2  0      0 1366544 107848 4424320    0    0     0  4000 19962 38298 61 10 27  2  0  0 2026-09-09 21:04:49
 3  0      0 1357720 107848 4425760    0    0     0  3333 22186 40847 55 10 32  3  0  0 2026-09-09 21:04:54
 3  0      0 1350936 107848 4427340    0    0     0  2794 20393 36402 52 10 37  1  0  0 2026-09-09 21:04:59
 3  0      0 1354388 107848 4428764    0    0     0  3338 21714 36611 45  8 45  2  0  0 2026-09-09 21:05:04
 9  0      0 1272144 107848 4430404    0    0     0  3238 20612 39918 62 12 25  2  0  0 2026-09-09 21:05:09
procs -----------memory---------- ---swap-- -----io---- -system-- -------cpu------- -----timestamp-----
 r  b   swpd   free   buff  cache   si   so    bi    bo   in   cs us sy id wa st gu                 CST
 2  0      0 1341568 107848 4431988    0    0     0  3539 22071 40611 55 11 33  2  0  0 2026-09-09 21:05:14
 1  0      0 1354544 107848 4433540    0    0     0  2784 21927 36966 44  8 45  2  0  0 2026-09-09 21:05:19
 5  0      0 1352896 107848 4435048    0    0     0  3282 20680 37130 54  9 35  2  0  0 2026-09-09 21:05:24
 7  0      0 1329772 107848 4436680    0    0     0  3336 22484 41015 53 10 34  2  0  0 2026-09-09 21:05:29
 1  0      0 1328192 107848 4438272    0    0     0  3034 19581 40109 65 12 21  2  0  0 2026-09-09 21:05:34
 1  0      0 1350384 107848 4439840    0    0     0  3374 21736 36335 43  8 46  2  0  0 2026-09-09 21:05:39
 9  0      0 1289056 107848 4441444    0    0     0  8274 20585 36077 50  9 39  2  0  0 2026-09-09 21:05:44
 3  0      0 1339500 107848 4442924    0    0     0  3372 21023 39516 59 10 29  2  0  0 2026-09-09 21:05:49
 1  0      0 1335004 107848 4444524    0    0     0  3302 22334 41113 55 10 32  3  0  0 2026-09-09 21:05:54
 2  0      0 1307936 107848 4446104    0    0     0  3606 20548 36760 53 10 36  2  0  0 2026-09-09 21:05:59
 2  0      0 1337068 107848 4447612    0    0     0  2470 21933 37264 45  9 45  2  0  0 2026-09-09 21:06:04
 3  0      0 1287228 107848 4449196    0    0     0  2998 20147 39617 63 11 24  2  0  0 2026-09-09 21:06:09
 2  0      0 1334224 107848 4450692    0    0     0  3361 22550 42186 55 11 31  3  0  0 2026-09-09 21:06:14
 5  0      0 1329584 107848 4452200    0    0     0  2365 22067 37325 44  9 45  2  0  0 2026-09-09 21:06:19
 3  0      0 1314392 107848 4453848    0    0     0  3176 20600 36480 53 10 36  2  0  0 2026-09-09 21:06:24
 3  0      0 1333400 107848 4455364    0    0     0  2970 22063 40624 54 11 33  2  0  0 2026-09-09 21:06:29
 4  0      0 1310072 107848 4456980    0    0     0  3142 19558 38929 64 12 23  2  0  0 2026-09-09 21:06:34
 3  0      0 1321504 107848 4458412    0    0     0  2394 21791 37162 46  9 44  2  0  0 2026-09-09 21:06:39
 8  0      0 1230384 107848 4466220    0    0     0  4037 20490 35799 52  9 37  2  0  0 2026-09-09 21:06:44
 3  0      0 1310716 107848 4461632    0    0     0  8079 21960 40679 55 10 32  2  0  0 2026-09-09 21:06:49
 1  0      0 1307388 107848 4463152    0    0     0  3139 22412 41239 55 11 32  3  0  0 2026-09-09 21:06:54
procs -----------memory---------- ---swap-- -----io---- -system-- -------cpu------- -----timestamp-----
 r  b   swpd   free   buff  cache   si   so    bi    bo   in   cs us sy id wa st gu                 CST
 3  0      0 1291952 107848 4464796    0    0     0  2161 20331 36016 53 10 36  2  0  0 2026-09-09 21:06:59
 1  0      0 1310220 107848 4466216    0    0     0  3193 22124 36994 44  8 46  2  0  0 2026-09-09 21:07:04
 2  0      0 1300436 107848 4467828    0    0     0  3186 20118 39669 63 12 24  2  0  0 2026-09-09 21:07:09
 2  0      0 1314120 107848 4469312    0    0     0  2930 22345 41046 55 10 32  2  0  0 2026-09-09 21:07:14
 7  0      0 1266080 107848 4470976    0    0     0  2406 20980 36215 48 10 40  2  0  0 2026-09-09 21:07:19
 3  0      0 1304388 107848 4472432    0    0     0  3248 21014 36537 48  9 42  2  0  0 2026-09-09 21:07:24
 2  1      0 1305960 107848 4474016    0    0     0  3051 22417 40898 54 10 33  3  0  0 2026-09-09 21:07:29
 4  0      0 1292664 107848 4475592    0    0     0  2770 19853 39633 64 12 22  2  0  0 2026-09-09 21:07:34
 2  0      0 1305252 107848 4477180    0    0     0  2309 21948 36985 44  8 46  2  0  0 2026-09-09 21:07:39
 2  0      0 1268856 107848 4478776    0    0     0  3358 19850 34807 53 10 36  2  0  0 2026-09-09 21:07:44
 0  1      0 1290268 107848 4480284    0    0     0  9054 20905 39887 57 11 30  2  0  0 2026-09-09 21:07:49
 6  0      0 1279800 107848 4482020    0    0     0  3281 21818 41024 56 12 30  2  0  0 2026-09-09 21:07:54
 1  0      0 1293116 107848 4483584    0    0     0  2572 20169 36175 54  9 35  2  0  0 2026-09-09 21:07:59
 4  0      0 1290336 107848 4485108    0    0     0  2516 22067 37077 43  8 46  2  0  0 2026-09-09 21:08:04
 1  0      0 1281200 107848 4486600    0    0     0  3984 20059 38493 61 11 26  2  0  0 2026-09-09 21:08:09
 4  0      0 1285116 107848 4488108    0    0     0  3216 22121 41829 56 11 31  2  0  0 2026-09-09 21:08:14
 1  0      0 1217780 107848 4489752    0    0     0  2210 20338 35669 52 10 36  2  0  0 2026-09-09 21:08:19
 3  0      0 1290380 107848 4491136    0    0     0  2650 21669 36916 45  8 45  2  0  0 2026-09-09 21:08:24
 3  0      0 1278916 107848 4492760    0    0     0  3767 22099 40383 53 10 34  2  0  0 2026-09-09 21:08:29
 1  0      0 1279588 107848 4494308    0    0     0  3238 20079 39880 64 12 22  2  0  0 2026-09-09 21:08:34
 1  0      0 1269484 107848 4495888    0    0     0  2498 21989 37380 44  9 45  2  0  0 2026-09-09 21:08:39
procs -----------memory---------- ---swap-- -----io---- -system-- -------cpu------- -----timestamp-----
 r  b   swpd   free   buff  cache   si   so    bi    bo   in   cs us sy id wa st gu                 CST
 2  0      0 1283536 107848 4497476    0    0     0  2163 19876 35135 52 10 36  2  0  0 2026-09-09 21:08:44
 4  1      0 1277508 107848 4499080    0    0     0  8346 21850 41038 56 11 32  2  0  0 2026-09-09 21:08:49
 9  0      0 1235724 107848 4500556    0    0     0  2899 21298 40446 59 12 27  2  0  0 2026-09-09 21:08:54
 1  0      0 1253352 107848 4502148    0    0     0  1902 20338 36554 51  9 38  2  0  0 2026-09-09 21:08:59
 3  1      0 1264240 107848 4503728    0    0     0  2444 21853 36655 44  8 46  2  0  0 2026-09-09 21:09:04
 2  0      0 1267240 107848 4505248    0    0     0  5573 20352 39208 62 11 25  2  0  0 2026-09-09 21:09:09
 1  0      0 1267148 107848 4506696    0    0     0  4295 22027 41107 55 11 32  2  0  0 2026-09-09 21:09:14
 1  0      0 1271772 107848 4508416    0    0     0  3414 20289 35931 54 10 35  2  0  0 2026-09-09 21:09:19
 1  1      0 1250956 107848 4509924    0    0     0  3350 22256 37727 43  9 46  2  0  0 2026-09-09 21:09:24
 5  0      0 1237332 107848 4511400    0    0     0  4962 21969 40585 54 11 33  2  0  0 2026-09-09 21:09:29
 6  0      0 1258000 107848 4513076    0    0     0  3554 20445 39149 62 11 25  2  0  0 2026-09-09 21:09:34
 9  0      0 1261388 107848 4514596    0    0     0  3642 22310 38411 46  9 43  2  0  0 2026-09-09 21:09:39
 3  0      0 1245384 107848 4516164    0    0     0  2838 19912 34911 52 10 37  2  0  0 2026-09-09 21:09:44
 2  1      0 1260460 107848 4517812    0    0     0  9763 20512 39161 59 10 29  2  0  0 2026-09-09 21:09:49
11  0      0 1187448 107848 4519288    0    0     0  3810 20103 39629 64 12 23  2  0  0 2026-09-09 21:09:54
 4  0      0 1214056 107848 4520800    0    0     0  3611 21357 37331 47  9 43  2  0  0 2026-09-09 21:09:59
 4  0      0 1249528 107848 4522324    0    0     0  2922 21643 36672 45  9 44  2  0  0 2026-09-09 21:10:04
 2  0      0 1239036 107848 4523952    0    0     0  3269 20373 38676 61 11 26  2  0  0 2026-09-09 21:10:09
10  0      0 1243512 107848 4525500    0    0     0  3462 22082 41527 56 11 31  3  0  0 2026-09-09 21:10:14
 1  0      0 1256448 107848 4527052    0    0     0  3799 20435 36165 54 10 35  2  0  0 2026-09-09 21:10:19
 0  1      0 1236532 107848 4528640    0    0     0  2802 22013 37688 44  9 45  2  0  0 2026-09-09 21:10:24
procs -----------memory---------- ---swap-- -----io---- -system-- -------cpu------- -----timestamp-----
 r  b   swpd   free   buff  cache   si   so    bi    bo   in   cs us sy id wa st gu                 CST
11  0      0 1195396 107848 4530132    0    0     0  3375 21651 39742 56 11 31  2  0  0 2026-09-09 21:10:29
11  0      0 1220200 107848 4531736    0    0     0  3438 20941 39488 59 11 28  2  0  0 2026-09-09 21:10:34
 1  0      0 1230296 107848 4533340    0    0     0  3665 22418 38600 45  9 44  2  0  0 2026-09-09 21:10:39
 1  1      0 1239400 107848 4534892    0    0     0  2578 19960 35230 53 10 36  2  0  0 2026-09-09 21:10:44
 1  0      0 1218884 107848 4536388    0    0     0  9040 21697 40125 54 10 33  2  0  0 2026-09-09 21:10:49
 2  0      0 1229392 107848 4538004    0    0     0  3984 20209 39591 63 12 23  2  0  0 2026-09-09 21:10:54
 3  0      0 1220144 107848 4539576    0    0     0  2730 22225 38416 47  9 43  2  0  0 2026-09-09 21:10:59
 5  0      0 1234792 107848 4541108    0    0     0  2661 21766 36884 44  9 45  2  0  0 2026-09-09 21:11:04
 1  0      0 1238620 107848 4542676    0    0     0  2923 20287 38425 60 11 26  2  0  0 2026-09-09 21:11:09
 4  0      0 1219436 107848 4544248    0    0     0  3865 22123 41393 55 11 32  3  0  0 2026-09-09 21:11:14
 2  1      0 1218196 107848 4545884    0    0     0  2420 20374 36298 54 10 34  2  0  0 2026-09-09 21:11:19
 2  0      0 1218048 107848 4546348    0    0     0  1738 15115 24738 33  5 60  2  0  0 2026-09-09 21:11:24
 2  1      0 1159044 107848 4546568    0    0     0  2522 14984 24778 44  7 46  3  0  0 2026-09-09 21:11:29
 0  0      0 1220316 107848 4546680    0    0     0  2606 15673 25653 38  6 53  3  0  0 2026-09-09 21:11:34
 1  0      0 1217844 107848 4546844    0    0     0  2099 11886 19143 29  4 65  2  0  0 2026-09-09 21:11:39
 2  1      0 1160892 107848 4549916    0    0     0  1858 10733 16123 44  6 49  1  0  0 2026-09-09 21:11:44
 6  0      0 1182608 107848 4557236    0    0     0  3692 12438 20696 65  6 27  2  0  0 2026-09-09 21:11:49
 9  0      0 1015044 107848 4683156    0    0     0 12510 17343 59626 76 18  6  1  0  0 2026-09-09 21:11:54
 2  0      0 870272 107848 4847532    0    0     0 32953 14850 40851 71 16 12  1  0  0 2026-09-09 21:11:59
 2  0      0 829332 107856 4847748    0    0     0  1814 11307 17613 57  5 36  2  0  0 2026-09-09 21:12:04
 2  0      0 896748 107856 4847868    0    0     0  2385 14362 22664 37  6 55  2  0  0 2026-09-09 21:12:09
procs -----------memory---------- ---swap-- -----io---- -system-- -------cpu------- -----timestamp-----
 r  b   swpd   free   buff  cache   si   so    bi    bo   in   cs us sy id wa st gu                 CST
 1  0      0 915336 107856 4848008    0    0     0  2450 14919 24550 36  6 56  2  0  0 2026-09-09 21:12:14
 2  0      0 883584 107856 4848164    0    0     0 11718 11636 19250 39  6 53  2  0  0 2026-09-09 21:12:19
 1  0      0 903980 107856 4848304    0    0     0 12866 10341 16265 27  3 68  2  0  0 2026-09-09 21:12:24
 2  0      0 908996 107856 4848452    0    0     0  2306 13726 22838 44  7 47  2  0  0 2026-09-09 21:12:29
 2  0      0 916552 107856 4848664    0    0     0  2655 14590 23409 36  5 56  3  0  0 2026-09-09 21:12:34
 3  0      0 857400 107856 4848836    0    0     0  1858 12914 20777 37  6 55  2  0  0 2026-09-09 21:12:39
 1  0      0 890652 107856 4848968    0    0     0  1631 10127 15607 28  4 67  1  0  0 2026-09-09 21:12:44
 3  0      0 887584 107856 4849092    0    0     0  2253 14928 24569 35  5 57  2  0  0 2026-09-09 21:12:49
 1  1      0 897672 107860 4850092    0    0     0 15297 16211 31695 64 11 23  2  0  0 2026-09-09 21:12:54
 1  0      0 902380 107860 4850168    0    0     0  3066 12388 19610 30  5 63  2  0  0 2026-09-09 21:12:59
 0  0      0 884140 107860 4850300    0    0     0  1419 11598 18297 36  5 57  1  0  0 2026-09-09 21:13:04
 2  0      0 906304 107860 4850452    0    0     0  2162 13954 22262 34  5 59  2  0  0 2026-09-09 21:13:09
 7  0      0 854996 107860 4850636    0    0     0  2303 14931 24738 42  7 49  3  0  0 2026-09-09 21:13:14
 2  0      0 899916 107860 4850744    0    0     0  1930 11822 18760 33  4 61  2  0  0 2026-09-09 21:13:19
 0  0      0 895360 107860 4850788    0    0     0   697 8272 13609 13  2 85  1  0  0 2026-09-09 21:13:24
 1  0      0 901588 107860 4850812    0    0     0  1270 11234 17359 22  5 73  1  0  0 2026-09-09 21:13:29
 3  1      0 803856 107860 4851380    0    0     0  4999 11662 18290 19  5 74  2  0  0 2026-09-09 21:13:34
 0  0      0 855044 107860 4850836    0    0     0  2594 9943 15077 24  7 68  1  0  0 2026-09-09 21:13:39
 0  0      0 889516 107860 4850844    0    0     0   511 4658 7641  5  2 93  0  0  0 2026-09-09 21:13:44
 1  0      0 837580 107860 4850888    0    0     0  1622 10526 16877 21  5 73  1  0  0 2026-09-09 21:13:49
 0  0      0 909868 107860 4850916    0    0     0  6922 10791 17168 15  4 79  2  0  0 2026-09-09 21:13:54
procs -----------memory---------- ---swap-- -----io---- -system-- -------cpu------- -----timestamp-----
 r  b   swpd   free   buff  cache   si   so    bi    bo   in   cs us sy id wa st gu                 CST
 0  0      0 914304 107860 4850912    0    0     0  1281 7293 11473  9  3 88  1  0  0 2026-09-09 21:13:59
 0  0      0 882356 107860 4847788    0    0     0   406 8513 12967 15  4 81  0  0  0 2026-09-09 21:14:04
 1  0      0 906276 107860 4847800    0    0     0  5645 10195 15688 11  3 84  1  0  0 2026-09-09 21:14:09
 0  0      0 901328 107860 4847824    0    0     0  1270 12092 19074 23  5 70  1  0  0 2026-09-09 21:14:14
 2  1      0 1335892 107864 4862908    0    0     0 13758 11365 18051 16  6 75  2  0  0 2026-09-09 21:14:19
 0  0      0 2541604 107864 4723224    0    0    21  5146 2816 3819  2  2 95  1  0  0 2026-09-09 21:14:24
 0  0      0 2551888 107864 4723224    0    0     0    11  344  367  0  0 100  0  0  0 2026-09-09 21:14:29
 0  0      0 2551888 107864 4723228    0    0     0     5  341  338  0  0 100  0  0  0 2026-09-09 21:14:34
 0  0      0 2543700 107864 4723228    0    0     0     7  397  396  0  0 100  0  0  0 2026-09-09 21:14:39
 0  0      0 2543700 107864 4723236    0    0     0    28  266  265  0  0 100  0  0  0 2026-09-09 21:14:44
 0  0      0 2539920 107864 4723236    0    0     0     4  291  312  0  0 100  0  0  0 2026-09-09 21:14:49
 0  0      0 2540172 107864 4723236    0    0     0    40  277  272  0  0 100  0  0  0 2026-09-09 21:14:54
 0  0      0 2550168 107864 4723236    0    0     0     6  431  405  0  0 100  0  0  0 2026-09-09 21:14:59
 0  0      0 2550952 107864 4723240    0    0     0     6  340  294  0  0 100  0  0  0 2026-09-09 21:15:04
 0  0      0 2549888 107864 4723244    0    0     0    82  316  329  0  0 100  0  0  0 2026-09-09 21:15:09
