{"phase": "measuring", "rate": 75, "seconds": 180, "utc": "2026-09-08T10:51:33.242607+00:00"}
{"phase": "progress", "scheduled": 2250, "drops": 0}
{"phase": "progress", "scheduled": 4500, "drops": 0}
{"phase": "progress", "scheduled": 6750, "drops": 0}
{"phase": "progress", "scheduled": 9000, "drops": 0}
{"phase": "progress", "scheduled": 11250, "drops": 0}
{
  "utc": "2026-09-08T10:54:33.242684+00:00",
  "measured_started_utc": "2026-09-08T10:51:33.242607+00:00",
  "manifest_id": "654adf3d-2fa7-4cdf-9f1a-9e472c68a549",
  "run_id": "eceffa76-729d-4721-ac25-15fe766cc264",
  "target_origin": "http://10.1.137.69:8000",
  "generator_hostname": "generator-ecs",
  "platform": "Linux-6.8.0-136-generic-x86_64-with-glibc2.39",
  "topology_declared": "separate-host",
  "offered_rps": 75,
  "seconds": 180,
  "show_count": 200,
  "seats_per_show": 300,
  "viewers": 2000,
  "write_percent": 5,
  "generator_drops": 0,
  "drop_reasons": {},
  "transport_error_types": {},
  "task_error_types": {},
  "scheduling_lag_p95_ms": 1.166128666682198,
  "generator_cpu_seconds": 24.827722061,
  "elapsed_seconds": 179.99920899000017,
  "completed_rps": 75.0003295889483,
  "statuses": {
    "hold": {
      "201": 675
    },
    "read": {
      "304": 8407,
      "200": 4418
    }
  },
  "response_body_bytes": 82401110,
  "latency_ms": {
    "hold:201": {
      "p50": 11.810797999942224,
      "p95": 27.23179200006598,
      "p99": 45.99296900005356
    },
    "read:304": {
      "p50": 3.093927000008989,
      "p95": 8.018533000040406,
      "p99": 11.924166999961017
    },
    "read:200": {
      "p50": 6.271973999901093,
      "p95": 12.439638999921954,
      "p99": 18.581218000008448
    }
  },
  "read_p95_ms": 10.92471599986311,
  "hold_p95_ms": 27.23179200006598,
  "local_read_gate_pass": true,
  "note": "95% reads/5% holds; bootstrap excluded. Topology is operator-declared, not verified. No backend durability/queue checks here.",
  "reservation_gate_pass": true,
  "accounting_pass": true,
  "workload_gate_pass": true
}
