{"phase": "measuring", "rate": 75, "seconds": 180, "utc": "2026-09-08T10:51:33.266837+00:00"}
{"phase": "progress", "scheduled": 2250, "drops": 0}
{"phase": "progress", "scheduled": 4500, "drops": 0}
{"phase": "progress", "scheduled": 6750, "drops": 0}
{"phase": "progress", "scheduled": 9000, "drops": 0}
{"phase": "progress", "scheduled": 11250, "drops": 0}
{
  "utc": "2026-09-08T10:54:33.263805+00:00",
  "measured_started_utc": "2026-09-08T10:51:33.266837+00:00",
  "manifest_id": "654adf3d-2fa7-4cdf-9f1a-9e472c68a549",
  "run_id": "54afd874-764e-4b73-aad9-4bd530dbc8f4",
  "target_origin": "http://10.1.137.69:8000",
  "generator_hostname": "generator-ecs",
  "platform": "Linux-6.8.0-136-generic-x86_64-with-glibc2.39",
  "topology_declared": "separate-host",
  "offered_rps": 75,
  "seconds": 180,
  "show_count": 200,
  "seats_per_show": 300,
  "viewers": 2000,
  "write_percent": 5,
  "generator_drops": 0,
  "drop_reasons": {},
  "transport_error_types": {},
  "task_error_types": {},
  "scheduling_lag_p95_ms": 1.5961676665483537,
  "generator_cpu_seconds": 24.837656744,
  "elapsed_seconds": 179.99568541500003,
  "completed_rps": 75.00179778684279,
  "statuses": {
    "hold": {
      "201": 675
    },
    "read": {
      "304": 8406,
      "200": 4419
    }
  },
  "response_body_bytes": 82420063,
  "latency_ms": {
    "hold:201": {
      "p50": 14.866955999877973,
      "p95": 35.03038600001673,
      "p99": 54.158865999852424
    },
    "read:304": {
      "p50": 3.1849429999510903,
      "p95": 5.2417350000268925,
      "p99": 10.333054000057018
    },
    "read:200": {
      "p50": 8.135736999975052,
      "p95": 11.973111000088466,
      "p99": 23.104996000029132
    }
  },
  "read_p95_ms": 10.183401999938724,
  "hold_p95_ms": 35.03038600001673,
  "local_read_gate_pass": true,
  "note": "95% reads/5% holds; bootstrap excluded. Topology is operator-declared, not verified. No backend durability/queue checks here.",
  "reservation_gate_pass": true,
  "accounting_pass": true,
  "workload_gate_pass": true
}
