{"phase": "measuring", "rate": 100, "seconds": 300, "utc": "2026-09-09T12:27:15.213825+00:00"}
{"phase": "progress", "scheduled": 3000, "drops": 0}
{"phase": "progress", "scheduled": 6000, "drops": 0}
{"phase": "progress", "scheduled": 9000, "drops": 0}
{"phase": "progress", "scheduled": 12000, "drops": 0}
{"phase": "progress", "scheduled": 15000, "drops": 0}
{"phase": "progress", "scheduled": 18000, "drops": 0}
{"phase": "progress", "scheduled": 21000, "drops": 0}
{"phase": "progress", "scheduled": 24000, "drops": 0}
{"phase": "progress", "scheduled": 27000, "drops": 0}
{
  "utc": "2026-09-09T12:32:15.208641+00:00",
  "measured_started_utc": "2026-09-09T12:27:15.213825+00:00",
  "manifest_id": "b2e538e8-6493-4b15-874e-7426d587dda2",
  "run_id": "fc6436ca-86c9-4ef1-b011-ce30f061d444",
  "target_origin": "http://10.1.137.69:8000",
  "generator_hostname": "generator-ecs",
  "platform": "Linux-6.8.0-136-generic-x86_64-with-glibc2.39",
  "topology_declared": "separate-host",
  "offered_rps": 100,
  "seconds": 300,
  "show_count": 200,
  "seats_per_show": 300,
  "viewers": 2000,
  "write_percent": 5,
  "generator_drops": 0,
  "drop_reasons": {},
  "error_codes": {},
  "error_examples": [],
  "transport_error_types": {},
  "task_error_types": {},
  "scheduling_lag_p95_ms": 1.2540610041469336,
  "generator_cpu_seconds": 54.087184485,
  "elapsed_seconds": 299.99333845599904,
  "completed_rps": 100.00222056397493,
  "statuses": {
    "read": {
      "304": 16807,
      "200": 11693
    },
    "hold": {
      "201": 1500
    }
  },
  "response_body_bytes": 218239514,
  "latency_ms": {
    "read:304": {
      "p50": 3.1574000022374094,
      "p95": 7.212213997263461,
      "p99": 17.598471997189336
    },
    "hold:201": {
      "p50": 22.29175499815028,
      "p95": 45.05272700043861,
      "p99": 67.00151499535423
    },
    "read:200": {
      "p50": 3.602083001169376,
      "p95": 12.531959000625648,
      "p99": 27.689547001500614
    }
  },
  "read_p95_ms": 10.166713000216987,
  "hold_p95_ms": 45.05272700043861,
  "local_read_gate_pass": true,
  "note": "95% reads/5% holds; bootstrap excluded. Topology is operator-declared, not verified. No backend durability/queue checks here.",
  "reservation_gate_pass": true,
  "accounting_pass": true,
  "workload_gate_pass": true
}
