{"phase": "measuring", "rate": 100, "seconds": 300, "utc": "2026-09-09T14:51:02.604460+00:00"}
{"phase": "progress", "scheduled": 3000, "drops": 0}
{"phase": "progress", "scheduled": 6000, "drops": 0}
{"phase": "progress", "scheduled": 9000, "drops": 0}
{"phase": "progress", "scheduled": 12000, "drops": 0}
{"phase": "progress", "scheduled": 15000, "drops": 0}
{"phase": "progress", "scheduled": 18000, "drops": 0}
{"phase": "progress", "scheduled": 21000, "drops": 0}
{"phase": "progress", "scheduled": 24000, "drops": 0}
{"phase": "progress", "scheduled": 27000, "drops": 0}
{
  "phases": {
    "0": {
      "statuses": {
        "read": {
          "304": 16863,
          "200": 11637
        },
        "hold": {
          "201": 1500
        }
      },
      "p95_ms": {
        "read": 15.58613299857825,
        "hold": 51.49038299714448
      }
    }
  },
  "read_hot_share": 0,
  "burst": false,
  "utc": "2026-09-09T14:56:02.606908+00:00",
  "measured_started_utc": "2026-09-09T14:51:02.604460+00:00",
  "manifest_id": "3df76ef0-6689-40f5-95b5-6b1facc01cdd",
  "run_id": "a5683b82-13d2-4f13-be40-15270e924bec",
  "target_origin": "http://10.1.137.69:8000",
  "generator_hostname": "generator-ecs",
  "platform": "Linux-6.8.0-136-generic-x86_64-with-glibc2.39",
  "topology_declared": "separate-host",
  "offered_rps": 100,
  "seconds": 300,
  "show_count": 200,
  "seats_per_show": 300,
  "viewers": 2000,
  "write_percent": 5,
  "generator_drops": 0,
  "drop_reasons": {},
  "error_codes": {},
  "error_examples": [],
  "transport_error_types": {},
  "task_error_types": {},
  "scheduling_lag_p95_ms": 1.61596700490918,
  "generator_cpu_seconds": 54.907113493,
  "elapsed_seconds": 299.99601667500247,
  "completed_rps": 100.00132779262928,
  "statuses": {
    "read": {
      "304": 16863,
      "200": 11637
    },
    "hold": {
      "201": 1500
    }
  },
  "response_body_bytes": 217194999,
  "latency_ms": {
    "read:304": {
      "p50": 5.292796995490789,
      "p95": 11.554013995919377,
      "p99": 31.84175999922445
    },
    "hold:201": {
      "p50": 27.174609000212513,
      "p95": 51.49038299714448,
      "p99": 77.44406800338766
    },
    "read:200": {
      "p50": 5.946422999841161,
      "p95": 18.095296996762045,
      "p99": 38.44307099643629
    }
  },
  "read_p95_ms": 15.58613299857825,
  "hold_p95_ms": 51.49038299714448,
  "local_read_gate_pass": true,
  "note": "95% reads/5% holds; bootstrap excluded. Topology is operator-declared, not verified. No backend durability/queue checks here.",
  "reservation_gate_pass": true,
  "accounting_pass": true,
  "workload_gate_pass": true,
  "phase_latency_gate_pass": true
}
