{"phase": "measuring", "rate": 100, "seconds": 300, "utc": "2026-09-09T17:21:54.305031+00:00"}
{"phase": "progress", "scheduled": 3000, "drops": 0}
{"phase": "progress", "scheduled": 6000, "drops": 0}
{"phase": "progress", "scheduled": 9000, "drops": 0}
{"phase": "progress", "scheduled": 12000, "drops": 0}
{"phase": "progress", "scheduled": 15000, "drops": 0}
{"phase": "progress", "scheduled": 18000, "drops": 0}
{"phase": "progress", "scheduled": 21000, "drops": 0}
{"phase": "progress", "scheduled": 24000, "drops": 0}
{"phase": "progress", "scheduled": 27000, "drops": 0}
{
  "phases": {
    "0": {
      "statuses": {
        "read": {
          "200": 13752,
          "304": 14748
        },
        "hold": {
          "201": 1500
        }
      },
      "p95_ms": {
        "read": 16.20723200176144,
        "hold": 54.01926499325782
      }
    }
  },
  "read_hot_share": 0,
  "burst": false,
  "utc": "2026-09-09T17:26:54.311342+00:00",
  "measured_started_utc": "2026-09-09T17:21:54.305031+00:00",
  "manifest_id": "944189bb-4258-4971-a087-4ccbdc1b451f",
  "run_id": "e7f51dcd-1729-4c06-8123-06b67cd919f1",
  "target_origin": "http://10.1.137.69:8000",
  "generator_hostname": "generator-ecs",
  "platform": "Linux-6.8.0-136-generic-x86_64-with-glibc2.39",
  "topology_declared": "separate-host",
  "offered_rps": 100,
  "seconds": 300,
  "show_count": 200,
  "seats_per_show": 300,
  "viewers": 2000,
  "write_percent": 5,
  "generator_drops": 0,
  "drop_reasons": {},
  "error_codes": {},
  "error_examples": [],
  "keepalive_expiry_seconds": 5.0,
  "measured_tcp_connect_events": {
    "read": {
      "started": 70,
      "complete": 70
    },
    "hold": {
      "started": 2,
      "complete": 2
    }
  },
  "transport_error_types": {},
  "transport_diagnostics_enabled": true,
  "transport_failure_examples": [],
  "task_error_types": {},
  "scheduling_lag_p95_ms": 1.6668809985276312,
  "generator_cpu_seconds": 58.983028317000006,
  "elapsed_seconds": 299.99656849099847,
  "completed_rps": 100.0011438494176,
  "statuses": {
    "read": {
      "200": 13752,
      "304": 14748
    },
    "hold": {
      "201": 1500
    }
  },
  "response_body_bytes": 256613532,
  "latency_ms": {
    "read:200": {
      "p50": 5.438217995106243,
      "p95": 18.400665001536254,
      "p99": 35.64439500041772
    },
    "hold:201": {
      "p50": 28.4694850051892,
      "p95": 54.01926499325782,
      "p99": 81.3618870015489
    },
    "read:304": {
      "p50": 4.746644000988454,
      "p95": 11.695276996761095,
      "p99": 27.688502006640192
    }
  },
  "read_p95_ms": 16.20723200176144,
  "hold_p95_ms": 54.01926499325782,
  "local_read_gate_pass": true,
  "note": "95% reads/5% holds; bootstrap excluded. Topology is operator-declared, not verified. No backend durability/queue checks here.",
  "reservation_gate_pass": true,
  "accounting_pass": true,
  "workload_gate_pass": true,
  "phase_latency_gate_pass": true
}
