{"phase": "measuring", "rate": 100, "seconds": 300, "utc": "2026-09-09T15:49:02.033246+00:00"}
{"phase": "progress", "scheduled": 3000, "drops": 0}
{"phase": "progress", "scheduled": 6000, "drops": 0}
{"phase": "progress", "scheduled": 9000, "drops": 0}
{"phase": "progress", "scheduled": 12000, "drops": 0}
{"phase": "progress", "scheduled": 15000, "drops": 0}
{"phase": "progress", "scheduled": 18000, "drops": 0}
{"phase": "progress", "scheduled": 21000, "drops": 0}
{"phase": "progress", "scheduled": 24000, "drops": 0}
{"phase": "progress", "scheduled": 27000, "drops": 0}
{
  "phases": {
    "0": {
      "statuses": {
        "read": {
          "304": 16521,
          "200": 11979
        },
        "hold": {
          "201": 1500
        }
      },
      "p95_ms": {
        "read": 12.879505004093517,
        "hold": 49.1434260038659
      }
    }
  },
  "read_hot_share": 0,
  "burst": false,
  "utc": "2026-09-09T15:54:02.034156+00:00",
  "measured_started_utc": "2026-09-09T15:49:02.033246+00:00",
  "manifest_id": "47127ca9-831b-4fa5-b387-1853f0d886db",
  "run_id": "c02a7294-25b4-4658-96a9-5e932f7b247a",
  "target_origin": "http://10.1.137.69:8000",
  "generator_hostname": "generator-ecs",
  "platform": "Linux-6.8.0-136-generic-x86_64-with-glibc2.39",
  "topology_declared": "separate-host",
  "offered_rps": 100,
  "seconds": 300,
  "show_count": 200,
  "seats_per_show": 300,
  "viewers": 2000,
  "write_percent": 5,
  "generator_drops": 0,
  "drop_reasons": {},
  "error_codes": {},
  "error_examples": [],
  "transport_error_types": {},
  "task_error_types": {},
  "scheduling_lag_p95_ms": 1.3519179992727004,
  "generator_cpu_seconds": 55.015319586,
  "elapsed_seconds": 299.994119526993,
  "completed_rps": 100.00196019609193,
  "statuses": {
    "read": {
      "304": 16521,
      "200": 11979
    },
    "hold": {
      "201": 1500
    }
  },
  "response_body_bytes": 223543185,
  "latency_ms": {
    "read:304": {
      "p50": 3.5184049993404187,
      "p95": 11.247861999436282,
      "p99": 27.854915999341756
    },
    "hold:201": {
      "p50": 23.229491998790763,
      "p95": 49.1434260038659,
      "p99": 86.12256199558033
    },
    "read:200": {
      "p50": 4.099246994883288,
      "p95": 14.94713199645048,
      "p99": 34.62300999672152
    }
  },
  "read_p95_ms": 12.879505004093517,
  "hold_p95_ms": 49.1434260038659,
  "local_read_gate_pass": true,
  "note": "95% reads/5% holds; bootstrap excluded. Topology is operator-declared, not verified. No backend durability/queue checks here.",
  "reservation_gate_pass": true,
  "accounting_pass": true,
  "workload_gate_pass": true,
  "phase_latency_gate_pass": true
}
