{"phase": "measuring", "rate": 100, "seconds": 300, "utc": "2026-09-09T17:05:18.648456+00:00"}
{"phase": "progress", "scheduled": 3000, "drops": 0}
{"phase": "progress", "scheduled": 6000, "drops": 0}
{"phase": "progress", "scheduled": 9000, "drops": 0}
{"phase": "progress", "scheduled": 12000, "drops": 0}
{"phase": "progress", "scheduled": 15000, "drops": 0}
{"phase": "progress", "scheduled": 18000, "drops": 0}
{"phase": "progress", "scheduled": 21000, "drops": 0}
{"phase": "progress", "scheduled": 24000, "drops": 0}
{"phase": "progress", "scheduled": 27000, "drops": 0}
{
  "phases": {
    "0": {
      "statuses": {
        "read": {
          "304": 16932,
          "200": 11568
        },
        "hold": {
          "201": 1500
        }
      },
      "p95_ms": {
        "read": 11.984806995315012,
        "hold": 49.03287599881878
      }
    }
  },
  "read_hot_share": 0,
  "burst": false,
  "utc": "2026-09-09T17:10:18.649161+00:00",
  "measured_started_utc": "2026-09-09T17:05:18.648456+00:00",
  "manifest_id": "944189bb-4258-4971-a087-4ccbdc1b451f",
  "run_id": "8f49d61f-8466-40ba-a5c2-351582db448d",
  "target_origin": "http://10.1.137.69:8000",
  "generator_hostname": "generator-ecs",
  "platform": "Linux-6.8.0-136-generic-x86_64-with-glibc2.39",
  "topology_declared": "separate-host",
  "offered_rps": 100,
  "seconds": 300,
  "show_count": 200,
  "seats_per_show": 300,
  "viewers": 2000,
  "write_percent": 5,
  "generator_drops": 0,
  "drop_reasons": {},
  "error_codes": {},
  "error_examples": [],
  "keepalive_expiry_seconds": 5.0,
  "measured_tcp_connect_events": {
    "read": {
      "started": 75,
      "complete": 75
    },
    "hold": {
      "started": 5,
      "complete": 5
    }
  },
  "transport_error_types": {},
  "transport_diagnostics_enabled": true,
  "transport_failure_examples": [],
  "task_error_types": {},
  "scheduling_lag_p95_ms": 1.3402340046013705,
  "generator_cpu_seconds": 57.370002198,
  "elapsed_seconds": 299.99442967899813,
  "completed_rps": 100.00185680814401,
  "statuses": {
    "read": {
      "304": 16932,
      "200": 11568
    },
    "hold": {
      "201": 1500
    }
  },
  "response_body_bytes": 215909740,
  "latency_ms": {
    "read:304": {
      "p50": 3.701819005073048,
      "p95": 8.932582997658756,
      "p99": 25.519080001686234
    },
    "hold:201": {
      "p50": 22.56153800408356,
      "p95": 49.03287599881878,
      "p99": 82.63845799956471
    },
    "read:200": {
      "p50": 4.357548998086713,
      "p95": 14.398373001313303,
      "p99": 34.82173999509541
    }
  },
  "read_p95_ms": 11.984806995315012,
  "hold_p95_ms": 49.03287599881878,
  "local_read_gate_pass": true,
  "note": "95% reads/5% holds; bootstrap excluded. Topology is operator-declared, not verified. No backend durability/queue checks here.",
  "reservation_gate_pass": true,
  "accounting_pass": true,
  "workload_gate_pass": true,
  "phase_latency_gate_pass": true
}
