{"phase": "measuring", "rate": 100, "seconds": 300, "utc": "2026-09-09T17:05:18.636240+00:00"}
{"phase": "progress", "scheduled": 3000, "drops": 0}
{"phase": "progress", "scheduled": 6000, "drops": 0}
{"phase": "progress", "scheduled": 9000, "drops": 0}
{"phase": "progress", "scheduled": 12000, "drops": 0}
{"phase": "progress", "scheduled": 15000, "drops": 0}
{"phase": "progress", "scheduled": 18000, "drops": 0}
{"phase": "progress", "scheduled": 21000, "drops": 0}
{"phase": "progress", "scheduled": 24000, "drops": 0}
{"phase": "progress", "scheduled": 27000, "drops": 0}
{
  "phases": {
    "0": {
      "statuses": {
        "hold": {
          "201": 1500
        },
        "read": {
          "304": 16923,
          "200": 11577
        }
      },
      "p95_ms": {
        "hold": 38.26573200058192,
        "read": 10.702342005970422
      }
    }
  },
  "read_hot_share": 0,
  "burst": false,
  "utc": "2026-09-09T17:10:18.635931+00:00",
  "measured_started_utc": "2026-09-09T17:05:18.636240+00:00",
  "manifest_id": "944189bb-4258-4971-a087-4ccbdc1b451f",
  "run_id": "dbdb040b-8349-405a-be20-f4208041c3b6",
  "target_origin": "http://10.1.137.69:8000",
  "generator_hostname": "generator-ecs",
  "platform": "Linux-6.8.0-136-generic-x86_64-with-glibc2.39",
  "topology_declared": "separate-host",
  "offered_rps": 100,
  "seconds": 300,
  "show_count": 200,
  "seats_per_show": 300,
  "viewers": 2000,
  "write_percent": 5,
  "generator_drops": 0,
  "drop_reasons": {},
  "error_codes": {},
  "error_examples": [],
  "keepalive_expiry_seconds": 5.0,
  "measured_tcp_connect_events": {
    "hold": {
      "started": 6,
      "complete": 6
    },
    "read": {
      "started": 78,
      "complete": 78
    }
  },
  "transport_error_types": {},
  "transport_diagnostics_enabled": true,
  "transport_failure_examples": [],
  "task_error_types": {},
  "scheduling_lag_p95_ms": 1.3286840039654635,
  "generator_cpu_seconds": 57.120916446,
  "elapsed_seconds": 299.9933138609995,
  "completed_rps": 100.0022287626729,
  "statuses": {
    "hold": {
      "201": 1500
    },
    "read": {
      "304": 16923,
      "200": 11577
    }
  },
  "response_body_bytes": 216077355,
  "latency_ms": {
    "hold:201": {
      "p50": 13.119766001182143,
      "p95": 38.26573200058192,
      "p99": 71.9946710014483
    },
    "read:304": {
      "p50": 2.9085200003464706,
      "p95": 9.381800999108236,
      "p99": 26.01847899495624
    },
    "read:200": {
      "p50": 3.393216997210402,
      "p95": 12.214989998028614,
      "p99": 32.583981002971996
    }
  },
  "read_p95_ms": 10.702342005970422,
  "hold_p95_ms": 38.26573200058192,
  "local_read_gate_pass": true,
  "note": "95% reads/5% holds; bootstrap excluded. Topology is operator-declared, not verified. No backend durability/queue checks here.",
  "reservation_gate_pass": true,
  "accounting_pass": true,
  "workload_gate_pass": true,
  "phase_latency_gate_pass": true
}
