{"phase": "measuring", "rate": 100, "seconds": 300, "utc": "2026-09-09T17:05:18.648469+00:00"}
{"phase": "progress", "scheduled": 3000, "drops": 0}
{"phase": "progress", "scheduled": 6000, "drops": 0}
{"phase": "progress", "scheduled": 9000, "drops": 0}
{"phase": "progress", "scheduled": 12000, "drops": 0}
{"phase": "progress", "scheduled": 15000, "drops": 0}
{"phase": "progress", "scheduled": 18000, "drops": 0}
{"phase": "progress", "scheduled": 21000, "drops": 0}
{"phase": "progress", "scheduled": 24000, "drops": 0}
{"phase": "progress", "scheduled": 27000, "drops": 0}
{
  "phases": {
    "0": {
      "statuses": {
        "read": {
          "304": 16924,
          "200": 11576
        },
        "hold": {
          "201": 1500
        }
      },
      "p95_ms": {
        "read": 11.948521998419892,
        "hold": 48.906592004641425
      }
    }
  },
  "read_hot_share": 0,
  "burst": false,
  "utc": "2026-09-09T17:10:18.650037+00:00",
  "measured_started_utc": "2026-09-09T17:05:18.648469+00:00",
  "manifest_id": "944189bb-4258-4971-a087-4ccbdc1b451f",
  "run_id": "a55f3d65-31d2-4aee-9964-5b5e48821eaa",
  "target_origin": "http://10.1.137.69:8000",
  "generator_hostname": "generator-ecs",
  "platform": "Linux-6.8.0-136-generic-x86_64-with-glibc2.39",
  "topology_declared": "separate-host",
  "offered_rps": 100,
  "seconds": 300,
  "show_count": 200,
  "seats_per_show": 300,
  "viewers": 2000,
  "write_percent": 5,
  "generator_drops": 0,
  "drop_reasons": {},
  "error_codes": {},
  "error_examples": [],
  "keepalive_expiry_seconds": 5.0,
  "measured_tcp_connect_events": {
    "read": {
      "started": 81,
      "complete": 81
    },
    "hold": {
      "started": 5,
      "complete": 5
    }
  },
  "transport_error_types": {},
  "transport_diagnostics_enabled": true,
  "transport_failure_examples": [],
  "task_error_types": {},
  "scheduling_lag_p95_ms": 1.317106005444657,
  "generator_cpu_seconds": 56.934950039,
  "elapsed_seconds": 299.9948386239994,
  "completed_rps": 100.00172048826717,
  "statuses": {
    "read": {
      "304": 16924,
      "200": 11576
    },
    "hold": {
      "201": 1500
    }
  },
  "response_body_bytes": 216059140,
  "latency_ms": {
    "read:304": {
      "p50": 3.686170995933935,
      "p95": 8.937072001572233,
      "p99": 25.653235999925528
    },
    "hold:201": {
      "p50": 22.46353100053966,
      "p95": 48.906592004641425,
      "p99": 82.01563599868678
    },
    "read:200": {
      "p50": 4.33812799747102,
      "p95": 14.52775899815606,
      "p99": 34.8333809961332
    }
  },
  "read_p95_ms": 11.948521998419892,
  "hold_p95_ms": 48.906592004641425,
  "local_read_gate_pass": true,
  "note": "95% reads/5% holds; bootstrap excluded. Topology is operator-declared, not verified. No backend durability/queue checks here.",
  "reservation_gate_pass": true,
  "accounting_pass": true,
  "workload_gate_pass": true,
  "phase_latency_gate_pass": true
}
