procs -----------memory---------- ---swap-- -----io---- -system-- -------cpu------- -----timestamp-----
 r  b   swpd   free   buff  cache   si   so    bi    bo   in   cs us sy id wa st gu                 CST
 0  0      0 3703336 103812 2223648    0    0    30  1117 9262   37 16  4 80  1  0  0 2026-09-09 10:19:06
 3  0      0 3661244 103812 2223788    0    0     0   994 11983 18982 21  5 72  1  0  0 2026-09-09 10:19:11
 0  0      0 3702284 103812 2223752    0    0     0   906 10526 16513 16  4 79  1  0  0 2026-09-09 10:19:16
 0  0      0 3702044 103812 2225836    0    0     0   555 9131 15359  9  3 88  0  0  0 2026-09-09 10:19:21
 1  0      0 3676096 103816 2231228    0    0     0  1788 19643 32900 31  8 60  1  0  0 2026-09-09 10:19:26
 2  0      0 3671840 103816 2236496    0    0     0  2330 23556 41017 34  9 56  2  0  0 2026-09-09 10:19:31
 2  0      0 3656500 103816 2241068    0    0     0  2626 21835 39220 43 10 45  2  0  0 2026-09-09 10:19:36
 1  0      0 3672460 103816 2245104    0    0     0  1376 20725 33695 24  6 68  1  0  0 2026-09-09 10:19:41
 5  0      0 3583392 103816 2248656    0    0     0  1273 20299 34002 35  8 56  1  0  0 2026-09-09 10:19:46
 3  0      0 3652500 103816 2251932    0    0     0  2698 23311 40164 35  9 54  2  0  0 2026-09-09 10:19:51
 2  0      0 3654220 103816 2255116    0    0     0  2463 24007 41509 36  9 52  2  0  0 2026-09-09 10:19:56
 2  1      0 3659808 103816 2258024    0    0     0  6994 20265 33898 36  8 54  1  0  0 2026-09-09 10:20:01
 0  0      0 3634680 103816 2261120    0    0     0  1161 21468 35037 27  7 66  1  0  0 2026-09-09 10:20:06
 5  0      0 3652336 103816 2263752    0    0     0  1809 21969 39239 44 10 44  2  0  0 2026-09-09 10:20:11
 1  0      0 3638952 103816 2266504    0    0     0  2044 24357 42389 38  9 50  2  0  0 2026-09-09 10:20:16
 2  0      0 3570008 103816 2269064    0    0     0  2410 20376 34226 36  8 55  1  0  0 2026-09-09 10:20:21
 1  0      0 3649832 103816 2271308    0    0     0  1162 20975 33801 27  7 66  1  0  0 2026-09-09 10:20:26
 2  0      0 3610248 103816 2274344    0    0    75  1962 21974 38686 43  9 46  2  0  0 2026-09-09 10:20:31
 0  0      0 3615200 103816 2276464    0    0     0  2002 21828 40029 46 11 41  2  0  0 2026-09-09 10:20:36
 0  0      0 3622896 103816 2278540    0    0     0  1067 20999 33785 25  7 67  1  0  0 2026-09-09 10:20:41
 0  0      0 3605316 103816 2280640    0    0     0  1049 20547 34705 36  8 55  1  0  0 2026-09-09 10:20:46
procs -----------memory---------- ---swap-- -----io---- -system-- -------cpu------- -----timestamp-----
 r  b   swpd   free   buff  cache   si   so    bi    bo   in   cs us sy id wa st gu                 CST
 3  0      0 3596424 103816 2282568    0    0     0  2885 23278 39573 34  8 55  2  0  0 2026-09-09 10:20:51
 1  0      0 3534124 103816 2284576    0    0     0  2099 23180 41985 49 11 38  2  0  0 2026-09-09 10:20:56
 0  0      0 3581532 103816 2286332    0    0     0  6905 20598 33821 27  7 65  1  0  0 2026-09-09 10:21:01
 5  0      0 3602928 103816 2288120    0    0     0  1022 21117 34254 26  6 67  1  0  0 2026-09-09 10:21:06
 2  0      0 3578356 103816 2289944    0    0     0  1750 22570 39723 43 10 45  2  0  0 2026-09-09 10:21:11
 4  0      0 3587196 103816 2291568    0    0     0  2779 24640 42077 38  9 51  2  0  0 2026-09-09 10:21:16
 2  0      0 3575248 103816 2293484    0    0     0  1234 20426 34945 41  8 49  1  0  0 2026-09-09 10:21:21
 2  0      0 3590212 103816 2295712    0    0     0  2218 21352 36388 47  8 43  2  0  0 2026-09-09 10:21:26
13  0      0 3614332 103816 2195044    0    0     0  2100 20008 37460 60 10 28  2  0  0 2026-09-09 10:21:31
 8  1      0 3661352 103816 2199132    0    0     0 10578 18782 39763 68 12 18  2  0  0 2026-09-09 10:21:36
 2  0      0 3661316 103816 2204416    0    0     0  7114 19709 35644 57  9 32  2  0  0 2026-09-09 10:21:41
 1  0      0 3645680 103816 2210032    0    0     0  1811 20540 37469 57 10 31  1  0  0 2026-09-09 10:21:46
 6  0      0 3639872 103816 2214964    0    0     0  2120 21236 38911 55  9 33  2  0  0 2026-09-09 10:21:51
 2  0      0 3629076 103816 2220012    0    0     0  3843 19031 40363 71 12 15  2  0  0 2026-09-09 10:21:56
 3  0      0 3629728 103816 2224472    0    0     0  9703 21644 38470 53  9 36  2  0  0 2026-09-09 10:22:01
 2  0      0 3631160 103816 2228884    0    0     0  8670 21330 36872 50  9 39  2  0  0 2026-09-09 10:22:06
 6  0      0 3634696 103816 2232300    0    0     0  3949 20296 38600 63 10 25  2  0  0 2026-09-09 10:22:11
 2  0      0 3642524 103816 2235900    0    0     0  3910 21245 41103 61 11 26  2  0  0 2026-09-09 10:22:16
 1  0      0 3627364 103816 2238396    0    0     0  2786 20123 38348 61 11 26  2  0  0 2026-09-09 10:22:21
 4  0      0 3630208 103816 2241664    0    0     0  2668 21731 36527 47  8 44  2  0  0 2026-09-09 10:22:26
13  0      0 3552448 103816 2244820    0    0     0  2910 19739 37002 61 11 27  2  0  0 2026-09-09 10:22:31
procs -----------memory---------- ---swap-- -----io---- -system-- -------cpu------- -----timestamp-----
 r  b   swpd   free   buff  cache   si   so    bi    bo   in   cs us sy id wa st gu                 CST
 2  1      0 3614404 103816 2247324    0    0     0  4396 21173 42312 61 11 25  2  0  0 2026-09-09 10:22:36
 5  0      0 3623720 103816 2250452    0    0     0  2864 21718 38306 52  9 38  2  0  0 2026-09-09 10:22:41
 8  0      0 3596192 103816 2252376    0    0     0  2242 20512 37467 59 10 30  1  0  0 2026-09-09 10:22:46
 5  0      0 3608204 103816 2254396    0    0     0  2757 21491 38579 54  9 35  2  0  0 2026-09-09 10:22:51
 4  0      0 3562512 103816 2255996    0    0     0  3794 19235 40403 71 12 16  2  0  0 2026-09-09 10:22:56
 2  0      0 3593960 103816 2257392    0    0     0  8367 21242 38879 56  9 33  2  0  0 2026-09-09 10:23:01
 3  1      0 3579232 103816 2258912    0    0     0  2125 21286 36815 50  9 39  2  0  0 2026-09-09 10:23:06
 3  0      0 3582804 103816 2260280    0    0     0  2511 20370 38665 62 10 27  2  0  0 2026-09-09 10:23:11
 3  0      0 3595020 103816 2261940    0    0     0  3810 21338 41702 61 11 26  2  0  0 2026-09-09 10:23:16
 2  0      0 3598912 103816 2263684    0    0     0  2276 20138 38401 62 10 26  2  0  0 2026-09-09 10:23:21
 2  0      0 3607696 103816 2265352    0    0     0  2018 21466 36132 47  8 43  2  0  0 2026-09-09 10:23:26
 9  1      0 3507808 103816 2267116    0    0     0  2362 19754 37013 60 10 28  1  0  0 2026-09-09 10:23:31
 5  0      0 3586148 103816 2271080    0    0     0  5028 21346 42580 61 11 25  3  0  0 2026-09-09 10:23:36
 1  0      0 3596040 103816 2273240    0    0     0  4554 21426 38333 52  9 37  2  0  0 2026-09-09 10:23:41
 2  0      0 3579232 103816 2275628    0    0     0  2372 19963 36912 58 10 31  2  0  0 2026-09-09 10:23:46
 1  0      0 3583620 103816 2277888    0    0     0  2357 21700 38258 52  9 37  2  0  0 2026-09-09 10:23:51
10  0      0 3564912 103816 2280232    0    0     0  2728 19343 40476 68 12 18  2  0  0 2026-09-09 10:23:56
 1  0      0 3562792 103816 2282600    0    0     0  8804 20707 37785 56  9 33  2  0  0 2026-09-09 10:24:01
 2  0      0 3526952 103816 2284960    0    0     0  1894 20719 36021 52  9 37  2  0  0 2026-09-09 10:24:06
 2  0      0 3566396 103816 2287256    0    0     0  2362 21325 39509 57 10 31  2  0  0 2026-09-09 10:24:11
 4  0      0 3567604 103816 2289744    0    0     0  2907 21346 41618 60 12 26  2  0  0 2026-09-09 10:24:16
procs -----------memory---------- ---swap-- -----io---- -system-- -------cpu------- -----timestamp-----
 r  b   swpd   free   buff  cache   si   so    bi    bo   in   cs us sy id wa st gu                 CST
 3  0      0 3553592 103816 2291996    0    0     0  3382 19962 38244 60 11 27  2  0  0 2026-09-09 10:24:21
 1  0      0 3580000 103816 2293836    0    0     0  1827 21551 36662 47  8 43  2  0  0 2026-09-09 10:24:26
11  0      0 3535832 103816 2295360    0    0     0  2270 20030 37233 60 10 28  1  0  0 2026-09-09 10:24:31
 4  0      0 3556064 103816 2299192    0    0     0  2764 19985 40210 64 11 23  2  0  0 2026-09-09 10:24:36
 3  0      0 3545984 103816 2300936    0    0     0  3320 22574 40405 51  9 37  2  0  0 2026-09-09 10:24:41
 1  0      0 3558120 103816 2302316    0    0     0  2154 20047 36143 58  9 32  2  0  0 2026-09-09 10:24:46
 3  0      0 3565700 103816 2303612    0    0    14  2292 20878 38244 54  9 34  2  0  0 2026-09-09 10:24:51
 4  0      0 3557904 103816 2304908    0    0     0  2970 19368 39890 68 12 18  2  0  0 2026-09-09 10:24:56
 2  0      0 3550968 103816 2306196    0    0     0  2449 21756 39682 53 10 35  2  0  0 2026-09-09 10:25:01
 2  0      0 3499100 103816 2307560    0    0     0  8479 19739 35210 57  9 33  2  0  0 2026-09-09 10:25:06
 4  0      0 3551148 103816 2308824    0    0     0  2496 21707 39731 55  9 34  2  0  0 2026-09-09 10:25:11
 2  1      0 3550980 103816 2310092    0    0     0  3878 21495 41425 60 10 27  3  0  0 2026-09-09 10:25:16
 3  0      0 3526388 103816 2311464    0    0     0  2301 20149 38761 62 11 26  2  0  0 2026-09-09 10:25:21
 2  0      0 3542200 103816 2312704    0    0     0  2594 22054 37744 49  8 42  2  0  0 2026-09-09 10:25:26
 4  0      0 3545776 103816 2314108    0    0     0  2174 19879 36990 60 10 28  2  0  0 2026-09-09 10:25:31
 3  0      0 3545440 103816 2315460    0    0     0  3089 21138 42047 62 11 25  2  0  0 2026-09-09 10:25:36
 8  0      0 3528216 103816 2316820    0    0     0  2531 21803 39780 55 10 33  2  0  0 2026-09-09 10:25:41
 3  0      0 3500512 103816 2318148    0    0     0  2613 19962 36248 57  9 33  2  0  0 2026-09-09 10:25:46
 7  0      0 3531580 103816 2319428    0    0     0  2376 21998 38953 51  9 37  2  0  0 2026-09-09 10:25:51
 3  0      0 3544516 103816 2320712    0    0     0  2858 19075 39021 68 11 19  2  0  0 2026-09-09 10:25:56
 2  0      0 3523136 103816 2322100    0    0     0  2351 21781 40460 54  9 34  2  0  0 2026-09-09 10:26:01
procs -----------memory---------- ---swap-- -----io---- -system-- -------cpu------- -----timestamp-----
 r  b   swpd   free   buff  cache   si   so    bi    bo   in   cs us sy id wa st gu                 CST
 4  0      0 3471016 103820 2323512    0    0     0  8635 19282 34879 58 10 31  1  0  0 2026-09-09 10:26:06
 5  0      0 3530880 103820 2324756    0    0     0  2346 21801 39585 53  9 35  2  0  0 2026-09-09 10:26:11
 7  0      0 3533236 103820 2326092    0    0     0  2966 21718 41986 60 10 27  2  0  0 2026-09-09 10:26:16
 1  1      0 3516676 103820 2327428    0    0     0  2277 19867 38070 62 11 26  2  0  0 2026-09-09 10:26:21
 2  0      0 3514928 103820 2328492    0    0     0  3127 21537 37373 49  9 40  2  0  0 2026-09-09 10:26:26
 4  0      0 3508992 103820 2329928    0    0     0  1819 19808 37365 61 11 27  1  0  0 2026-09-09 10:26:31
 4  0      0 3489004 103820 2331304    0    0     0  3606 19583 39610 66 11 22  2  0  0 2026-09-09 10:26:36
 7  0      0 3485988 103820 2332644    0    0     0  2757 21072 39214 57 11 31  2  0  0 2026-09-09 10:26:41
 2  0      0 3504040 103820 2333912    0    0     0  1839 20570 36622 56  9 34  2  0  0 2026-09-09 10:26:46
 5  1      0 3505840 103820 2335252    0    0     0  2670 21627 38238 51  9 38  2  0  0 2026-09-09 10:26:51
 5  1      0 3506560 103820 2336624    0    0     0  3046 19598 40115 66 12 20  2  0  0 2026-09-09 10:26:56
 2  1      0 3517072 103820 2337964    0    0     0  3698 21620 40278 56 10 32  2  0  0 2026-09-09 10:27:01
 2  0      0 3443228 103820 2339344    0    0     0  9986 19607 34763 58 10 31  2  0  0 2026-09-09 10:27:06
 4  0      0 3493488 103820 2340684    0    0     0  3018 21859 38828 51  9 38  2  0  0 2026-09-09 10:27:11
 2  0      0 3504136 103820 2341972    0    0     0  3631 21591 41421 60 11 27  2  0  0 2026-09-09 10:27:16
 2  0      0 3499736 103820 2343300    0    0     0  2991 19594 37715 63 11 25  2  0  0 2026-09-09 10:27:21
 1  0      0 3496348 103820 2344592    0    0     0  2582 21835 37834 50  8 40  2  0  0 2026-09-09 10:27:26
 2  0      0 3498008 103820 2345916    0    0     0  2577 19571 36531 59 10 29  2  0  0 2026-09-09 10:27:31
 8  0      0 3495592 103820 2347244    0    0     0  4541 21546 41816 60 11 27  2  0  0 2026-09-09 10:27:36
 4  0      0 3454452 103820 2348592    0    0     0  3010 20641 38850 58 11 29  2  0  0 2026-09-09 10:27:41
 2  0      0 3499352 103820 2349900    0    0     0  2208 20991 36694 53  9 37  2  0  0 2026-09-09 10:27:46
procs -----------memory---------- ---swap-- -----io---- -system-- -------cpu------- -----timestamp-----
 r  b   swpd   free   buff  cache   si   so    bi    bo   in   cs us sy id wa st gu                 CST
 4  0      0 3476116 103820 2351208    0    0     0  2750 21426 38408 52  9 37  2  0  0 2026-09-09 10:27:51
 2  1      0 3496116 103820 2352544    0    0     0  3866 19514 39541 68 12 19  2  0  0 2026-09-09 10:27:56
 2  0      0 3476080 103820 2353928    0    0     0  3030 22144 41242 55 10 33  2  0  0 2026-09-09 10:28:01
 3  0      0 3451916 103820 2355280    0    0     0  7903 19770 35602 57 10 32  1  0  0 2026-09-09 10:28:06
 4  0      0 3477544 103820 2356584    0    0     0  2498 22258 39244 50  9 39  2  0  0 2026-09-09 10:28:11
 7  0      0 3480424 103820 2357896    0    0     0  3258 21551 41700 60 11 27  3  0  0 2026-09-09 10:28:16
 1  0      0 3481676 103820 2359220    0    0     0  3370 19846 38436 63 11 25  2  0  0 2026-09-09 10:28:21
 1  0      0 3484372 103820 2360528    0    0     0  2122 21940 37774 47  8 43  2  0  0 2026-09-09 10:28:26
 1  0      0 3466224 103820 2361836    0    0     0  2305 19625 36153 58 10 30  2  0  0 2026-09-09 10:28:31
 3  0      0 3468328 103820 2363168    0    0     0  3115 21552 42175 61 10 26  3  0  0 2026-09-09 10:28:36
 6  0      0 3425900 103820 2364592    0    0     0  2709 20610 39279 61 11 26  2  0  0 2026-09-09 10:28:41
 3  0      0 3474696 103820 2365924    0    0     0  3074 21223 36673 51  8 39  2  0  0 2026-09-09 10:28:46
 2  0      0 3477508 103820 2367156    0    0     0  2348 21748 38378 50  8 39  2  0  0 2026-09-09 10:28:51
13  0      0 3442408 103820 2368496    0    0     0  2726 19623 40449 68 12 18  2  0  0 2026-09-09 10:28:56
 1  0      0 3449424 103820 2369892    0    0     0  2278 21267 40480 59 10 29  2  0  0 2026-09-09 10:29:01
 2  0      0 3451720 103820 2371176    0    0     0  7668 19888 36540 59 10 30  2  0  0 2026-09-09 10:29:06
 6  0      0 3474052 103820 2372484    0    0     0  2981 21714 37829 49  8 40  2  0  0 2026-09-09 10:29:11
11  0      0 3422196 103820 2373812    0    0     0  2715 21804 42716 61 11 26  2  0  0 2026-09-09 10:29:16
 2  0      0 3459328 103820 2375132    0    0     0  2426 20592 38940 63 10 26  2  0  0 2026-09-09 10:29:21
 2  0      0 3448016 103820 2376488    0    0     0  2083 22137 38326 48  8 42  2  0  0 2026-09-09 10:29:26
 3  0      0 3468328 103820 2377832    0    0     0  2175 20090 36799 60 10 29  2  0  0 2026-09-09 10:29:31
procs -----------memory---------- ---swap-- -----io---- -system-- -------cpu------- -----timestamp-----
 r  b   swpd   free   buff  cache   si   so    bi    bo   in   cs us sy id wa st gu                 CST
 5  0      0 3437520 103820 2379256    0    0     0  2965 19907 39791 63 11 24  2  0  0 2026-09-09 10:29:36
 4  0      0 3387704 103820 2380728    0    0     0  4024 19935 38615 64 11 23  2  0  0 2026-09-09 10:29:41
 4  1      0 3464524 103820 2382080    0    0     0  2135 21336 36487 48  8 42  2  0  0 2026-09-09 10:29:46
 3  0      0 3455552 103820 2383348    0    0     0  2094 21795 38392 50  9 39  2  0  0 2026-09-09 10:29:51
 7  1      0 3458712 103820 2384648    0    0     0  2890 19250 39480 68 12 19  2  0  0 2026-09-09 10:29:56
 5  0      0 3444628 103820 2385992    0    0     0  2827 21979 41383 56 10 31  2  0  0 2026-09-09 10:30:01
 3  0      0 3449840 103820 2387328    0    0     0  2045 19899 36077 57 10 32  2  0  0 2026-09-09 10:30:06
 4  0      0 3441572 103820 2388712    0    0     0  9279 21307 37348 52  9 37  2  0  0 2026-09-09 10:30:11
 8  0      0 3397980 103820 2390016    0    0     0  2882 20835 41221 64 11 23  2  0  0 2026-09-09 10:30:16
 6  0      0 3436076 103820 2391400    0    0     0  2558 21337 40035 58 10 30  2  0  0 2026-09-09 10:30:21
 3  0      0 3435232 103820 2392704    0    0     0  1963 21989 38244 48  9 41  2  0  0 2026-09-09 10:30:26
 2  0      0 3427316 103820 2394048    0    0     0  2264 20196 37105 59 10 29  2  0  0 2026-09-09 10:30:31
 3  0      0 3440752 103820 2395448    0    0     0  2973 22013 41525 58 10 29  2  0  0 2026-09-09 10:30:36
 2  0      0 3426404 103820 2396760    0    0     0  4158 19859 40213 65 11 22  2  0  0 2026-09-09 10:30:41
 3  0      0 3440060 103820 2398088    0    0     0  2001 21578 36840 48  8 42  2  0  0 2026-09-09 10:30:46
 5  0      0 3426772 103820 2399428    0    0     0  2086 21407 37947 49  9 40  2  0  0 2026-09-09 10:30:51
 3  0      0 3426652 103820 2400760    0    0     0  2743 19531 39696 67 11 21  2  0  0 2026-09-09 10:30:56
 7  0      0 3431604 103820 2402100    0    0     0  2853 21845 40726 56 10 32  2  0  0 2026-09-09 10:31:01
 1  0      0 3432104 103824 2403444    0    0     0  1982 20501 37126 56 10 33  2  0  0 2026-09-09 10:31:06
 2  0      0 3438956 103824 2404784    0    0     0  9303 20848 36378 51  9 39  2  0  0 2026-09-09 10:31:11
11  0      0 3382180 103824 2406020    0    0     0  2786 20328 40115 65 11 22  2  0  0 2026-09-09 10:31:16
procs -----------memory---------- ---swap-- -----io---- -system-- -------cpu------- -----timestamp-----
 r  b   swpd   free   buff  cache   si   so    bi    bo   in   cs us sy id wa st gu                 CST
 4  0      0 3433284 103824 2407436    0    0     0  2688 21362 40537 59 10 29  2  0  0 2026-09-09 10:31:21
 2  0      0 3414864 103824 2408960    0    0     0  2156 21823 37336 47  8 43  2  0  0 2026-09-09 10:31:26
 3  0      0 3420440 103824 2410196    0    0     0  2855 19959 36036 57 10 32  2  0  0 2026-09-09 10:31:31
 2  0      0 3429212 103824 2411632    0    0     0  2585 19878 39631 64 10 23  2  0  0 2026-09-09 10:31:36
 2  0      0 3425780 103824 2412892    0    0     0  2326 19845 39296 64 11 23  2  0  0 2026-09-09 10:31:41
 2  0      0 3431024 103824 2414200    0    0     0  1896 22053 37577 48  8 42  2  0  0 2026-09-09 10:31:46
 6  1      0 3382376 103824 2415608    0    0     0  1861 21342 38291 51  9 38  2  0  0 2026-09-09 10:31:51
 3  1      0 3424536 103824 2417020    0    0     0  3955 20263 40420 66 11 21  2  0  0 2026-09-09 10:31:56
 2  0      0 3418588 103824 2418300    0    0     0  3710 21887 40529 57 10 31  2  0  0 2026-09-09 10:32:01
 2  0      0 3419736 103824 2419680    0    0     0  2980 20843 38010 58 10 31  2  0  0 2026-09-09 10:32:06
 3  0      0 3421948 103824 2421036    0    0     0  8541 21148 36476 50  8 40  2  0  0 2026-09-09 10:32:11
 6  0      0 3359192 103824 2422356    0    0     0  4182 20286 41275 67 12 20  2  0  0 2026-09-09 10:32:16
 2  0      0 3422944 103824 2423708    0    0     0  3379 21306 40706 58 10 30  2  0  0 2026-09-09 10:32:21
 2  0      0 3404752 103824 2425016    0    0     0  2407 21426 36763 47  8 43  2  0  0 2026-09-09 10:32:26
 2  0      0 3394236 103824 2426324    0    0     0  2536 19910 36980 59 10 30  2  0  0 2026-09-09 10:32:31
 7  0      0 3398608 103824 2427656    0    0     0  6674 21222 40998 60 10 27  3  0  0 2026-09-09 10:32:36
 2  0      0 3382932 103824 2428952    0    0     0  2698 20155 40050 65 11 22  2  0  0 2026-09-09 10:32:41
 1  0      0 3405508 103824 2430244    0    0     0  2183 21683 37080 48  8 42  2  0  0 2026-09-09 10:32:46
 8  0      0 3365280 103824 2431560    0    0     0  2275 20964 37328 50 10 38  2  0  0 2026-09-09 10:32:51
 2  0      0 3384428 103824 2432892    0    0     0  5474 20522 40647 65 11 22  2  0  0 2026-09-09 10:32:56
 2  0      0 3403116 103824 2434188    0    0     0  2837 21881 40548 56 10 31  3  0  0 2026-09-09 10:33:01
procs -----------memory---------- ---swap-- -----io---- -system-- -------cpu------- -----timestamp-----
 r  b   swpd   free   buff  cache   si   so    bi    bo   in   cs us sy id wa st gu                 CST
 3  0      0 3380696 103824 2435480    0    0     0  2276 20245 37184 59 10 29  2  0  0 2026-09-09 10:33:06
 2  0      0 3401472 103824 2436820    0    0     0  7835 21273 36812 49  8 40  2  0  0 2026-09-09 10:33:11
 5  0      0 3329720 103824 2438104    0    0     0  3548 20100 40150 66 12 21  2  0  0 2026-09-09 10:33:16
 2  0      0 3399820 103824 2439416    0    0     0  2614 21488 40999 59 10 29  2  0  0 2026-09-09 10:33:21
 3  0      0 3404120 103824 2440716    0    0     0  2195 21759 37152 48  8 42  2  0  0 2026-09-09 10:33:26
 3  0      0 3398108 103824 2441992    0    0     0  2181 20335 37119 57 10 32  2  0  0 2026-09-09 10:33:31
 4  0      0 3397984 103824 2443412    0    0     0  3672 21819 41298 60 11 27  2  0  0 2026-09-09 10:33:36
 2  0      0 3394124 103824 2444764    0    0     0  2694 19523 39101 65 11 22  2  0  0 2026-09-09 10:33:41
 5  0      0 3381192 103824 2446112    0    0     0  2562 22345 38076 48  8 41  2  0  0 2026-09-09 10:33:46
 6  0      0 3348780 103824 2447352    0    0     0  2166 21257 37396 49  9 40  2  0  0 2026-09-09 10:33:51
 9  0      0 3386076 103824 2448700    0    0     0  2704 20513 40181 65 11 22  2  0  0 2026-09-09 10:33:56
 1  0      0 3384508 103824 2450024    0    0     0  3356 21701 40721 57 10 30  2  0  0 2026-09-09 10:34:01
 2  0      0 3355080 103824 2451340    0    0     0  1948 19881 36171 57 10 32  2  0  0 2026-09-09 10:34:06
 3  0      0 3389980 103824 2452648    0    0     0  7850 21071 36044 49  8 41  2  0  0 2026-09-09 10:34:11
 3  1      0 3315120 103824 2453996    0    0     0  3317 19706 39973 65 11 21  2  0  0 2026-09-09 10:34:16
 2  0      0 3386936 103824 2455244    0    0     0  2933 21764 40844 58 10 30  2  0  0 2026-09-09 10:34:21
 3  0      0 3387004 103824 2456488    0    0     0  2066 21134 35931 48  8 42  2  0  0 2026-09-09 10:34:26
 9  0      0 3381736 103824 2457776    0    0     0  2053 20551 38001 60 10 29  2  0  0 2026-09-09 10:34:31
 3  0      0 3389172 103824 2459096    0    0     0  3715 21816 41346 59 10 29  2  0  0 2026-09-09 10:34:36
 2  0      0 3366668 103824 2460540    0    0     0  2548 20020 40641 65 11 21  2  0  0 2026-09-09 10:34:41
 3  0      0 3373464 103824 2461884    0    0     0  2412 21743 37310 48  8 42  2  0  0 2026-09-09 10:34:46
procs -----------memory---------- ---swap-- -----io---- -system-- -------cpu------- -----timestamp-----
 r  b   swpd   free   buff  cache   si   so    bi    bo   in   cs us sy id wa st gu                 CST
18  0      0 3327516 103824 2463168    0    0     0  2046 20287 35753 51  9 39  2  0  0 2026-09-09 10:34:51
 7  0      0 3358104 103824 2464532    0    0     0  2897 20578 40974 64 11 24  2  0  0 2026-09-09 10:34:56
 5  0      0 3360496 103824 2465980    0    0     0  3437 21556 41060 58 10 30  2  0  0 2026-09-09 10:35:01
 3  0      0 3369464 103824 2467300    0    0     0  1954 20205 37201 57 10 31  2  0  0 2026-09-09 10:35:06
 2  0      0 3380612 103824 2468704    0    0     0  2054 21478 36858 48  8 42  2  0  0 2026-09-09 10:35:11
 3  0      0 3339680 103824 2470020    0    0     0  9253 19322 39842 67 12 19  2  0  0 2026-09-09 10:35:16
 2  0      0 3379632 103824 2471332    0    0     0  2918 21534 41175 58 10 29  2  0  0 2026-09-09 10:35:21
12  0      0 3365884 103824 2472676    0    0     0  2017 21549 36423 47  8 44  2  0  0 2026-09-09 10:35:26
 2  0      0 3345836 103824 2474060    0    0     0  2056 19979 36406 57 10 32  2  0  0 2026-09-09 10:35:31
 3  0      0 3364464 103824 2475452    0    0     0  3312 20121 38865 61 10 26  2  0  0 2026-09-09 10:35:36
 2  0      0 3350660 103824 2476888    0    0     0  2709 19965 40529 66 12 21  2  0  0 2026-09-09 10:35:41
 2  0      0 3358000 103824 2478184    0    0     0  2182 22332 38307 49  8 41  2  0  0 2026-09-09 10:35:46
10  0      0 3297936 103824 2479456    0    0     0  2542 20387 36138 54  9 35  1  0  0 2026-09-09 10:35:51
 2  0      0 3360564 103824 2480872    0    0     0  2876 20779 40385 61 10 27  2  0  0 2026-09-09 10:35:56
 2  0      0 3345056 103824 2482184    0    0     0  2830 22198 41888 58 11 29  3  0  0 2026-09-09 10:36:01
 5  0      0 3353252 103824 2483480    0    0     0  2551 20706 37283 56 10 33  1  0  0 2026-09-09 10:36:06
 6  0      0 3361244 103824 2484876    0    0     0  1915 21305 36524 48  8 42  2  0  0 2026-09-09 10:36:11
 5  0      0 3348764 103824 2486188    0    0     0  8434 18724 38405 67 12 20  2  0  0 2026-09-09 10:36:16
 1  1      0 3362836 103824 2487524    0    0     0  3416 21733 41924 59 10 28  2  0  0 2026-09-09 10:36:21
 7  0      0 3319504 103824 2488852    0    0     0  2210 21417 37058 50  9 39  2  0  0 2026-09-09 10:36:26
 2  0      0 3350180 103824 2490176    0    0     0  2014 20681 37157 56  9 33  2  0  0 2026-09-09 10:36:31
procs -----------memory---------- ---swap-- -----io---- -system-- -------cpu------- -----timestamp-----
 r  b   swpd   free   buff  cache   si   so    bi    bo   in   cs us sy id wa st gu                 CST
 1  1      0 3357728 103824 2491564    0    0     0  2500 21746 40828 58 10 30  2  0  0 2026-09-09 10:36:36
 2  0      0 3319612 103824 2492924    0    0     0  2526 19670 39929 67 12 20  2  0  0 2026-09-09 10:36:41
 4  0      0 3344804 103824 2494280    0    0     0  1830 22008 37380 47  8 43  2  0  0 2026-09-09 10:36:46
 2  0      0 3277476 103824 2495612    0    0     0  2938 19965 35825 57  9 32  1  0  0 2026-09-09 10:36:51
 2  0      0 3345560 103824 2496972    0    0     0  3140 21910 41786 58 10 29  2  0  0 2026-09-09 10:36:56
 2  0      0 3347160 103824 2498332    0    0     0  4120 21730 41018 58 10 29  2  0  0 2026-09-09 10:37:01
 2  1      0 3329648 103824 2499644    0    0     0  2957 20253 36629 57 10 31  2  0  0 2026-09-09 10:37:06
 3  0      0 3322444 103824 2500988    0    0     0  2742 21843 37109 47  8 43  2  0  0 2026-09-09 10:37:11
 2  1      0 3334944 103824 2502292    0    0     0 10064 19502 38216 66 11 21  2  0  0 2026-09-09 10:37:16
 2  0      0 3335076 103824 2503628    0    0     0  3478 22046 42358 59 11 27  3  0  0 2026-09-09 10:37:21
 7  0      0 3287480 103824 2504960    0    0     0  2546 20791 36629 53  9 36  2  0  0 2026-09-09 10:37:26
 1  0      0 3331052 103824 2506288    0    0     0  2578 21147 37039 52  8 38  2  0  0 2026-09-09 10:37:31
 5  0      0 3319396 103824 2507632    0    0     0  3316 20004 39058 61 10 26  2  0  0 2026-09-09 10:37:36
 4  0      0 3320728 103824 2509052    0    0     0  3015 18819 38465 69 11 18  2  0  0 2026-09-09 10:37:41
 4  0      0 3306132 103824 2510372    0    0     0  3671 22587 39126 50  9 39  2  0  0 2026-09-09 10:37:46
 2  0      0 3318716 103824 2511704    0    0     0  2425 19588 35343 56 10 33  1  0  0 2026-09-09 10:37:51
 3  0      0 3330220 103824 2513004    0    0     0  3088 21756 42030 59 10 29  2  0  0 2026-09-09 10:37:56
 4  0      0 3318172 103824 2514304    0    0     0  3229 21386 41288 60 11 27  2  0  0 2026-09-09 10:38:01
 2  0      0 3317028 103824 2515672    0    0     0  3021 20161 36180 58  9 32  2  0  0 2026-09-09 10:38:06
 3  0      0 3328352 103824 2517036    0    0     0  2318 21939 37376 49  8 41  2  0  0 2026-09-09 10:38:11
 2  0      0 3324792 103824 2518312    0    0     0  8410 18859 38000 67 11 20  2  0  0 2026-09-09 10:38:16
procs -----------memory---------- ---swap-- -----io---- -system-- -------cpu------- -----timestamp-----
 r  b   swpd   free   buff  cache   si   so    bi    bo   in   cs us sy id wa st gu                 CST
 2  0      0 3325996 103824 2519656    0    0     0  3237 21613 42153 60 10 27  2  0  0 2026-09-09 10:38:21
 6  0      0 3257716 103824 2520960    0    0     0  2883 20676 37001 56  9 33  2  0  0 2026-09-09 10:38:26
 2  0      0 3311568 103824 2522300    0    0     0  2086 21786 38172 50  8 39  2  0  0 2026-09-09 10:38:31
 4  0      0 3311148 103824 2523684    0    0     0  3028 21838 40898 57 10 30  2  0  0 2026-09-09 10:38:36
 5  0      0 3302580 103824 2525052    0    0     0  2754 20097 40132 66 11 20  2  0  0 2026-09-09 10:38:41
 6  0      0 3317124 103824 2526344    0    0     0  2941 22180 38386 49  8 41  2  0  0 2026-09-09 10:38:46
 3  0      0 3315032 103824 2527692    0    0     0  2302 19606 35226 57 10 32  2  0  0 2026-09-09 10:38:51
 3  0      0 3294476 103824 2529024    0    0     0  2765 21502 41213 59 10 29  2  0  0 2026-09-09 10:38:56
 5  0      0 3272736 103824 2530344    0    0     0  3112 20891 40709 61 11 26  2  0  0 2026-09-09 10:39:01
 3  0      0 3299636 103824 2531636    0    0     0  2013 20699 36424 55  9 34  2  0  0 2026-09-09 10:39:06
 5  0      0 3299084 103824 2532964    0    0     0  2759 21561 36900 49  8 41  2  0  0 2026-09-09 10:39:11
 6  0      0 3293212 103824 2534280    0    0     0  8478 18718 38111 68 12 19  1  0  0 2026-09-09 10:39:16
 4  0      0 3295712 103824 2535620    0    0     0  3012 22119 42734 59 11 27  3  0  0 2026-09-09 10:39:21
 2  0      0 3233756 103824 2536964    0    0     0  1971 20076 35745 57  9 32  1  0  0 2026-09-09 10:39:26
 2  0      0 3270068 103824 2538320    0    0     0  3149 21622 37246 49  9 41  2  0  0 2026-09-09 10:39:31
 3  0      0 3294548 103824 2539640    0    0     0  2750 21916 40648 55 10 32  2  0  0 2026-09-09 10:39:36
 4  0      0 3304900 103824 2540984    0    0     0  2762 19205 38852 67 11 20  2  0  0 2026-09-09 10:39:41
 3  0      0 3296088 103824 2542336    0    0     0  2712 22354 38725 50  8 40  2  0  0 2026-09-09 10:39:46
 2  0      0 3294372 103824 2543688    0    0     0  2135 19956 35813 56  9 33  2  0  0 2026-09-09 10:39:51
 2  0      0 3288640 103824 2545052    0    0     0  2690 21739 41032 58 10 30  2  0  0 2026-09-09 10:39:56
12  0      0 3244560 103824 2546372    0    0     0  2868 20877 40781 61 11 25  2  0  0 2026-09-09 10:40:01
procs -----------memory---------- ---swap-- -----io---- -system-- -------cpu------- -----timestamp-----
 r  b   swpd   free   buff  cache   si   so    bi    bo   in   cs us sy id wa st gu                 CST
 2  0      0 3291896 103824 2547672    0    0     0  3098 20684 36342 53  9 36  2  0  0 2026-09-09 10:40:06
 5  0      0 3283348 103824 2548964    0    0     0  2026 21955 38002 49  8 41  2  0  0 2026-09-09 10:40:11
 2  0      0 3277664 103824 2550348    0    0     0  2706 19572 38684 64 11 23  2  0  0 2026-09-09 10:40:16
 3  0      0 3275876 103824 2551656    0    0     0  9239 21378 41937 61 11 26  2  0  0 2026-09-09 10:40:21
 2  0      0 3223444 103824 2553064    0    0     0  2198 20194 36621 58 10 30  2  0  0 2026-09-09 10:40:26
 8  1      0 3274856 103824 2554316    0    0     0  2094 21706 37278 48  8 42  2  0  0 2026-09-09 10:40:31
 2  0      0 3284344 103824 2555684    0    0     0  2722 21324 39983 57 10 31  2  0  0 2026-09-09 10:40:36
 4  0      0 3261888 103824 2557100    0    0     0  3661 19786 40208 67 12 20  2  0  0 2026-09-09 10:40:41
 3  0      0 3283328 103824 2558400    0    0     0  2259 22130 38136 48  9 41  2  0  0 2026-09-09 10:40:46
 3  0      0 3279344 103824 2559676    0    0     0  1955 19939 35773 56 10 33  1  0  0 2026-09-09 10:40:51
 2  0      0 3270748 103824 2561024    0    0     0  3148 21514 40367 56 10 31  3  0  0 2026-09-09 10:40:56
10  0      0 3227240 103824 2562340    0    0     0  3050 20482 41075 63 12 23  2  0  0 2026-09-09 10:41:01
 2  0      0 3265040 103824 2563664    0    0     0  2208 20909 36963 54  9 36  2  0  0 2026-09-09 10:41:06
 1  0      0 3271032 103824 2564928    0    0     0  1908 22000 38111 48  8 41  2  0  0 2026-09-09 10:41:11
 1  0      0 3250468 103824 2566304    0    0     0  2877 19697 38500 64 11 23  2  0  0 2026-09-09 10:41:16
 3  0      0 3255860 103824 2567628    0    0     0  9614 21165 41110 60 11 27  2  0  0 2026-09-09 10:41:21
 3  0      0 3267268 103824 2568932    0    0     0  2291 20097 36902 58 10 30  2  0  0 2026-09-09 10:41:26
 5  1      0 3263048 103824 2570236    0    0     0  1762 21604 36381 47  8 43  2  0  0 2026-09-09 10:41:31
 5  0      0 3259768 103824 2571644    0    0     0  2490 20392 39552 61 10 27  2  0  0 2026-09-09 10:41:36
 3  0      0 3269320 103824 2573068    0    0     0  9559 18929 39145 68 12 18  2  0  0 2026-09-09 10:41:41
 3  0      0 3268820 103824 2574272    0    0     0  6563 22405 39519 51  9 38  2  0  0 2026-09-09 10:41:46
procs -----------memory---------- ---swap-- -----io---- -system-- -------cpu------- -----timestamp-----
 r  b   swpd   free   buff  cache   si   so    bi    bo   in   cs us sy id wa st gu                 CST
 4  0      0 3262364 103824 2575548    0    0     0  2405 20193 36349 57 10 32  2  0  0 2026-09-09 10:41:51
10  0      0 3244172 103824 2576848    0    0     0  3814 21978 41001 56 10 32  2  0  0 2026-09-09 10:41:56
10  0      0 3217056 103824 2578156    0    0     0  4343 20343 40287 64 12 22  2  0  0 2026-09-09 10:42:01
 2  0      0 3257904 103824 2579448    0    0     0  3389 21317 37426 55  9 34  2  0  0 2026-09-09 10:42:06
 1  1      0 3264904 103824 2580692    0    0     0  3913 21758 37332 49  8 41  2  0  0 2026-09-09 10:42:11
 5  0      0 3250552 103824 2581968    0    0     0  3769 19449 37815 64 11 23  2  0  0 2026-09-09 10:42:16
 2  0      0 3239584 103824 2583316    0    0     0  9378 20931 40984 61 11 26  2  0  0 2026-09-09 10:42:21
 2  0      0 3217360 103824 2584600    0    0     0  2665 19998 37160 60 10 28  2  0  0 2026-09-09 10:42:26
 2  0      0 3242588 103824 2585864    0    0     0  2719 22024 38307 50  9 39  2  0  0 2026-09-09 10:42:31
 6  0      0 3245396 103824 2587172    0    0     0  4119 21595 40922 56 10 31  2  0  0 2026-09-09 10:42:36
 7  0      0 3243940 103824 2588500    0    0     0  3491 19057 38600 67 11 20  2  0  0 2026-09-09 10:42:41
 4  1      0 3241192 103824 2589752    0    0     0  2799 21916 38838 50  9 39  2  0  0 2026-09-09 10:42:46
 3  0      0 3236392 103824 2591028    0    0     0  2534 20076 36222 56 10 32  2  0  0 2026-09-09 10:42:51
 2  0      0 3245504 103824 2592256    0    0     0  4405 21473 39261 55  9 33  2  0  0 2026-09-09 10:42:56
 9  0      0 3184560 103824 2593464    0    0     0  3337 20747 41163 65 12 21  2  0  0 2026-09-09 10:43:01
 2  0      0 3236720 103824 2594832    0    0     0  2822 21407 38176 53  9 36  2  0  0 2026-09-09 10:43:06
 3  0      0 3236968 103824 2596052    0    0     0  2300 21901 37556 48  8 42  2  0  0 2026-09-09 10:43:11
 2  0      0 3242848 103824 2597304    0    0     0  2801 19855 38988 65 11 22  2  0  0 2026-09-09 10:43:16
 1  0      0 3233676 103824 2598676    0    0     0 10082 21740 42109 60 11 26  2  0  0 2026-09-09 10:43:21
 4  0      0 3243284 103824 2599920    0    0     0  2682 19916 37172 59 10 29  2  0  0 2026-09-09 10:43:26
 2  0      0 3239996 103824 2601216    0    0     0  2266 21623 36670 48  8 42  2  0  0 2026-09-09 10:43:31
procs -----------memory---------- ---swap-- -----io---- -system-- -------cpu------- -----timestamp-----
 r  b   swpd   free   buff  cache   si   so    bi    bo   in   cs us sy id wa st gu                 CST
 7  0      0 3191420 103824 2602488    0    0     0  2775 20315 38988 59 11 29  2  0  0 2026-09-09 10:43:36
 2  0      0 3235908 103824 2603852    0    0     0  3807 19591 39664 68 11 20  2  0  0 2026-09-09 10:43:41
 1  0      0 3229000 103824 2605212    0    0     0  2589 22026 39063 51  9 38  2  0  0 2026-09-09 10:43:46
 1  0      0 3236252 103824 2606548    0    0     0  2082 20158 36029 57 10 32  2  0  0 2026-09-09 10:43:51
 7  0      0 3234844 103824 2607776    0    0     0  2691 21753 39877 55 10 33  2  0  0 2026-09-09 10:43:56
10  0      0 3177236 103824 2609196    0    0     0  3895 20497 40529 64 12 22  2  0  0 2026-09-09 10:44:01
 2  0      0 3234512 103824 2610524    0    0     0  2448 21461 38949 54  9 35  2  0  0 2026-09-09 10:44:06
 5  0      0 3211420 103824 2611872    0    0     0  2193 22015 38037 47  8 43  2  0  0 2026-09-09 10:44:11
 2  0      0 3219192 103824 2613200    0    0     0  2606 19513 37711 64 11 23  2  0  0 2026-09-09 10:44:16
 2  0      0 3224384 103824 2614544    0    0     0  9614 21432 41082 60 11 27  2  0  0 2026-09-09 10:44:21
 2  0      0 3224068 103824 2615828    0    0     0  2302 20098 38258 60 10 28  2  0  0 2026-09-09 10:44:26
 5  0      0 3224528 103824 2617172    0    0     0  2647 21660 36634 48  8 42  2  0  0 2026-09-09 10:44:31
 9  0      0 3187012 103824 2618468    0    0     0  2505 20952 39923 58 10 30  2  0  0 2026-09-09 10:44:36
 3  0      0 3231792 103824 2619816    0    0     0  2863 20165 39980 65 11 23  2  0  0 2026-09-09 10:44:41
 3  0      0 3213984 103824 2621188    0    0     0  2423 21769 38494 52  9 37  2  0  0 2026-09-09 10:44:46
 2  1      0 3188012 103824 2622676    0    0    26  2592 20367 37185 59 10 30  1  0  0 2026-09-09 10:44:51
 3  0      0 3212616 103824 2623980    0    0     0  2373 21907 39545 54  9 35  2  0  0 2026-09-09 10:44:56
 3  1      0 3148764 103824 2625280    0    0     0  2694 19793 38950 66 11 21  2  0  0 2026-09-09 10:45:01
 2  0      0 3212512 103824 2626644    0    0     0  2556 21947 39891 53  9 35  2  0  0 2026-09-09 10:45:06
 3  0      0 3193536 103824 2627984    0    0     0  2818 22040 37726 48  8 43  2  0  0 2026-09-09 10:45:11
13  0      0 3203844 103824 2629308    0    0     0  2487 19684 37872 62 11 25  2  0  0 2026-09-09 10:45:16
procs -----------memory---------- ---swap-- -----io---- -system-- -------cpu------- -----timestamp-----
 r  b   swpd   free   buff  cache   si   so    bi    bo   in   cs us sy id wa st gu                 CST
 6  0      0 3208888 103824 2630580    0    0     0  3429 22082 41424 57 10 30  2  0  0 2026-09-09 10:45:21
 1  1      0 3216876 103824 2631928    0    0     0  8192 19624 37663 62 10 26  2  0  0 2026-09-09 10:45:26
 2  0      0 3210692 103824 2633240    0    0     0  2073 21496 36625 48  8 43  2  0  0 2026-09-09 10:45:31
16  0      0 3120344 103824 2651336    0    0     0  9841 20785 39032 59 11 29  2  0  0 2026-09-09 10:45:36
 5  0      0 3168436 103824 2652672    0    0     0  3662 20002 39159 65 11 23  2  0  0 2026-09-09 10:45:41
 3  0      0 3178452 103824 2653976    0    0     0  3257 22321 39592 52  9 37  2  0  0 2026-09-09 10:45:46
 4  0      0 3149168 103824 2672156    0    0     0  5788 19963 36022 56 10 32  1  0  0 2026-09-09 10:45:51
 5  0      0 3164576 103824 2673436    0    0     0  7042 21361 38901 54 10 34  2  0  0 2026-09-09 10:45:56
12  0      0 3172148 103824 2674776    0    0     0  2846 19961 41045 67 12 19  2  0  0 2026-09-09 10:46:01
 1  0      0 3174480 103824 2676140    0    0     0  2957 21780 38837 53  9 36  2  0  0 2026-09-09 10:46:06
 3  0      0 3161372 103824 2677452    0    0     0  2118 21474 37022 48  8 42  2  0  0 2026-09-09 10:46:11
11  0      0 3162832 103824 2678764    0    0     0  2469 20161 38468 61 11 26  2  0  0 2026-09-09 10:46:16
 3  0      0 3165876 103824 2680108    0    0     0  3209 21559 41051 59 11 28  3  0  0 2026-09-09 10:46:21
 1  0      0 3164448 103824 2681468    0    0     0  8332 19745 38515 62 11 25  2  0  0 2026-09-09 10:46:26
 5  1      0 3151944 103824 2682776    0    0     0  3229 21430 36428 48  8 43  2  0  0 2026-09-09 10:46:31
 6  0      0 3093984 103824 2684124    0    0     0  5440 20206 38144 59 10 29  2  0  0 2026-09-09 10:46:36
 4  0      0 3155876 103824 2685464    0    0     0  5321 21592 41848 62 11 25  2  0  0 2026-09-09 10:46:41
 1  0      0 3158076 103824 2686744    0    0     0  2890 21732 38781 52  9 37  2  0  0 2026-09-09 10:46:46
 0  1      0 3143044 103824 2688028    0    0     0  2266 20103 36728 57 10 32  1  0  0 2026-09-09 10:46:51
 5  0      0 3152168 103824 2689392    0    0     0  3061 21829 38854 53  9 36  2  0  0 2026-09-09 10:46:56
 2  0      0 3145548 103824 2690660    0    0     0  4439 20306 41611 66 12 20  2  0  0 2026-09-09 10:47:01
procs -----------memory---------- ---swap-- -----io---- -system-- -------cpu------- -----timestamp-----
 r  b   swpd   free   buff  cache   si   so    bi    bo   in   cs us sy id wa st gu                 CST
 1  0      0 3152052 103824 2692000    0    0     0  4661 21339 37863 53  9 35  2  0  0 2026-09-09 10:47:06
 7  0      0 3129180 103824 2693324    0    0     0  3415 21207 36249 48  9 41  2  0  0 2026-09-09 10:47:11
 5  0      0 3153580 103824 2694704    0    0     0  4067 20163 38668 62 10 26  2  0  0 2026-09-09 10:47:16
 3  0      0 3148672 103824 2696004    0    0     0  3954 21573 41648 60 10 27  3  0  0 2026-09-09 10:47:21
 1  0      0 3126240 103824 2697452    0    0     0  9162 20290 38731 63 11 24  2  0  0 2026-09-09 10:47:26
 2  0      0 3144556 103824 2698780    0    0     0  3636 21908 37051 47  8 43  2  0  0 2026-09-09 10:47:31
17  0      0 3046104 103824 2700120    0    0     0  3282 19853 35944 60 10 29  2  0  0 2026-09-09 10:47:36
 3  0      0 3120300 103824 2701608    0    0     0  4457 21334 41348 63 11 24  2  0  0 2026-09-09 10:47:41
 2  0      0 3133140 103824 2702900    0    0     0  2928 22342 39676 52  9 37  2  0  0 2026-09-09 10:47:46
 1  0      0 3133840 103824 2704244    0    0     0  3334 19992 36610 57 10 32  1  0  0 2026-09-09 10:47:51
 3  0      0 3142784 103824 2705556    0    0     0  2785 21894 39066 53  9 36  2  0  0 2026-09-09 10:47:56
 4  0      0 3109436 103824 2706932    0    0     0  3103 19595 40069 66 12 20  2  0  0 2026-09-09 10:48:01
 2  1      0 3132724 103824 2708272    0    0     0  2868 22034 39388 53  9 36  2  0  0 2026-09-09 10:48:06
10  0      0 3109564 103824 2709696    0    0     0  3122 21459 36678 49  9 41  2  0  0 2026-09-09 10:48:11
 4  0      0 3125180 103824 2710992    0    0     0  2993 20369 38472 61 10 28  2  0  0 2026-09-09 10:48:16
 8  0      0 3123076 103824 2712312    0    0     0  3329 21468 41592 60 11 27  2  0  0 2026-09-09 10:48:21
 2  0      0 3108124 103824 2713652    0    0     0  8630 19206 37579 65 11 22  2  0  0 2026-09-09 10:48:26
 2  0      0 3132636 103824 2714972    0    0     0  3037 21515 36743 49  8 41  2  0  0 2026-09-09 10:48:31
 7  0      0 3058328 103824 2716308    0    0     0  2379 20159 36802 60 10 29  1  0  0 2026-09-09 10:48:36
 1  1      0 3112508 103824 2717712    0    0     0  3398 21546 42695 61 11 26  2  0  0 2026-09-09 10:48:41
 4  0      0 3112840 103824 2719008    0    0     0  2950 22101 39245 53  9 36  2  0  0 2026-09-09 10:48:46
procs -----------memory---------- ---swap-- -----io---- -system-- -------cpu------- -----timestamp-----
 r  b   swpd   free   buff  cache   si   so    bi    bo   in   cs us sy id wa st gu                 CST
 0  1      0 3111196 103824 2720400    0    0     0  2935 20262 37147 58 10 31  2  0  0 2026-09-09 10:48:51
 2  0      0 3112280 103824 2721700    0    0     0  2189 22461 39246 51  9 38  2  0  0 2026-09-09 10:48:56
 2  0      0 3111652 103824 2723100    0    0     0  2705 18755 39491 68 12 18  2  0  0 2026-09-09 10:49:01
 3  0      0 3107376 103824 2724488    0    0     0  2431 21831 39955 54  9 35  2  0  0 2026-09-09 10:49:06
 4  0      0 3064592 103824 2725844    0    0     0  2742 20318 35345 50  9 39  2  0  0 2026-09-09 10:49:11
 2  0      0 3107172 103824 2727244    0    0     0  2690 20826 39031 59 10 30  2  0  0 2026-09-09 10:49:16
 1  1      0 3111476 103824 2728212    0    0     0  2862 20241 37233 53  9 35  3  0  0 2026-09-09 10:49:21
 1  0      0 3066836 103824 2728428    0    0     0  7551 12858 20720 40  6 52  2  0  0 2026-09-09 10:49:26
 1  0      0 3091148 103824 2728580    0    0     0  1858 10229 15993 24  3 71  1  0  0 2026-09-09 10:49:31
 2  0      0 3095040 103824 2728740    0    0     0  1670 10854 17723 36  6 57  1  0  0 2026-09-09 10:49:36
 2  0      0 3092748 103824 2728900    0    0     0  2375 15676 25723 34  6 57  2  0  0 2026-09-09 10:49:41
 5  0      0 3007056 103824 2757092    0    0     0  1826 13785 26767 39  8 51  2  0  0 2026-09-09 10:49:46
 6  0      0 2814860 103828 2956036    0    0     0 17283 16044 48796 74 18  7  1  0  0 2026-09-09 10:49:51
 7  0      0 2803960 103828 2993584    0    0     0 36655 10178 19011 56  7 30  8  0  0 2026-09-09 10:49:56
 5  0      0 2810620 103828 2993756    0    0     0  2155 14979 25316 49  8 41  2  0  0 2026-09-09 10:50:01
 0  1      0 2825608 103828 2993904    0    0     0  1735 12573 20327 28  4 66  2  0  0 2026-09-09 10:50:06
 1  0      0 2814028 103828 2994032    0    0     0  1062 10379 16093 32  5 62  1  0  0 2026-09-09 10:50:11
 1  0      0 2830904 103828 2994168    0    0     0  1763 12251 19925 29  4 65  2  0  0 2026-09-09 10:50:16
 5  0      0 2799044 103828 2994316    0    0     0  2322 15370 24877 37  7 54  2  0  0 2026-09-09 10:50:21
 2  0      0 2813752 103828 2994428    0    0     0  1886 12131 20333 37  5 56  2  0  0 2026-09-09 10:50:26
 1  0      0 2831312 103828 2994620    0    0     0  7186 9828 15315 25  4 70  1  0  0 2026-09-09 10:50:31
procs -----------memory---------- ---swap-- -----io---- -system-- -------cpu------- -----timestamp-----
 r  b   swpd   free   buff  cache   si   so    bi    bo   in   cs us sy id wa st gu                 CST
 2  0      0 2800820 103828 2994732    0    0     0  1839 11724 18538 35  5 58  1  0  0 2026-09-09 10:50:36
 1  0      0 2834964 103828 2994868    0    0     0  2338 15646 25866 36  6 56  3  0  0 2026-09-09 10:50:41
 2  0      0 2808884 103828 2994988    0    0     0  1950 13357 20870 38  6 54  2  0  0 2026-09-09 10:50:46
 2  0      0 2816908 103828 2995108    0    0     0  1272 10071 16133 24  4 71  1  0  0 2026-09-09 10:50:51
 2  0      0 2788228 103828 2995300    0    0     0  1688 11567 18587 32  6 61  2  0  0 2026-09-09 10:50:56
 0  0      0 2828420 103828 2995416    0    0     0  2402 14895 24442 39  6 53  3  0  0 2026-09-09 10:51:01
 0  0      0 2811496 103828 2995532    0    0     0  1808 12886 21035 32  5 62  2  0  0 2026-09-09 10:51:06
 0  0      0 2829060 103828 2995640    0    0     0  1427 10301 15722 32  5 62  1  0  0 2026-09-09 10:51:11
 1  0      0 2823000 103828 2995792    0    0     0  1786 12144 19784 28  4 66  2  0  0 2026-09-09 10:51:16
 0  0      0 2829928 103828 2995924    0    0     0  2150 14883 24564 39  7 51  2  0  0 2026-09-09 10:51:21
 1  0      0 2811940 103828 2995864    0    0     0  1157 8711 13770 10  3 86  1  0  0 2026-09-09 10:51:26
 0  0      0 2758328 103828 2995964    0    0     0  6090 7994 12154 14  4 82  0  0  0 2026-09-09 10:51:31
