{"phase": "measuring", "rate": 150, "seconds": 300, "utc": "2026-09-09T18:22:07.356720+00:00"}
{"phase": "progress", "scheduled": 4500, "drops": 0}
{"phase": "progress", "scheduled": 9000, "drops": 0}
{"phase": "progress", "scheduled": 13500, "drops": 0}
{"phase": "progress", "scheduled": 18000, "drops": 0}
{"phase": "progress", "scheduled": 22500, "drops": 0}
{"phase": "progress", "scheduled": 27000, "drops": 0}
{"phase": "progress", "scheduled": 31500, "drops": 0}
{"phase": "progress", "scheduled": 36000, "drops": 0}
{"phase": "progress", "scheduled": 40500, "drops": 0}
{
  "mixed_hot_holds": true,
  "expected_hot_conflicts": 447,
  "hot_failed_p95_ms": 128.7146320028114,
  "phases": {
    "0": {
      "statuses": {
        "hot_hold": {
          "409": 447,
          "503": 2,
          "201": 1
        },
        "read": {
          "200": 16622,
          "304": 26128
        },
        "hold": {
          "201": 1774,
          "503": 26
        }
      },
      "p95_ms": {
        "hot_hold": 128.7146320028114,
        "read": 63.610587996663526,
        "hold": 116.94311700557591
      }
    }
  },
  "read_hot_share": 0,
  "burst": false,
  "utc": "2026-09-09T18:27:07.368576+00:00",
  "measured_started_utc": "2026-09-09T18:22:07.356720+00:00",
  "manifest_id": "6112a309-dbc8-4458-905d-2dbcb5fbed9f",
  "run_id": "e661915a-7c2d-4e78-b73e-bb02df66db6f",
  "target_origin": "http://10.1.137.69:8000",
  "generator_hostname": "generator-ecs",
  "platform": "Linux-6.8.0-136-generic-x86_64-with-glibc2.39",
  "topology_declared": "separate-host",
  "offered_rps": 150,
  "seconds": 300,
  "show_count": 200,
  "seats_per_show": 300,
  "viewers": 2000,
  "write_percent": 5,
  "generator_drops": 0,
  "drop_reasons": {},
  "error_codes": {
    "hot_hold:409:SEAT_UNAVAILABLE": 106,
    "hot_hold:503:ADMISSION_FULL": 2,
    "hold:503:ADMISSION_FULL": 26,
    "hot_hold:409:SEAT_BUSY": 341
  },
  "error_examples": [
    {
      "operation": "hot_hold",
      "status": "409",
      "code": "SEAT_UNAVAILABLE",
      "request_id": "1406a60e-a030-4394-9f76-e41fc978950b"
    },
    {
      "operation": "hot_hold",
      "status": "409",
      "code": "SEAT_UNAVAILABLE",
      "request_id": "90ae0d0a-d639-44d9-a687-d99f2ea9b389"
    },
    {
      "operation": "hot_hold",
      "status": "503",
      "code": "ADMISSION_FULL",
      "request_id": "9823045a-2747-4f3b-84ff-811a47607d78"
    },
    {
      "operation": "hold",
      "status": "503",
      "code": "ADMISSION_FULL",
      "request_id": "e628b18a-24ec-4ed6-ae21-adbae1801f9d"
    },
    {
      "operation": "hot_hold",
      "status": "409",
      "code": "SEAT_BUSY",
      "request_id": "2095548b-08d1-4eae-bc97-ceca439f72a8"
    },
    {
      "operation": "hot_hold",
      "status": "409",
      "code": "SEAT_BUSY",
      "request_id": "98090df3-24f0-44d2-8270-ea1ab6ae32ea"
    },
    {
      "operation": "hot_hold",
      "status": "409",
      "code": "SEAT_BUSY",
      "request_id": "4c31726d-0285-4548-bd51-7424df8bdda5"
    },
    {
      "operation": "hot_hold",
      "status": "409",
      "code": "SEAT_UNAVAILABLE",
      "request_id": "1c1487a6-44e2-49d9-8c59-04cb8c877a0b"
    },
    {
      "operation": "hot_hold",
      "status": "409",
      "code": "SEAT_BUSY",
      "request_id": "12c6cfb4-6a12-4c9a-ab20-3f35127579d7"
    },
    {
      "operation": "hot_hold",
      "status": "409",
      "code": "SEAT_UNAVAILABLE",
      "request_id": "1215e891-4986-4fbb-ac90-7ef1b02b8fd6"
    },
    {
      "operation": "hot_hold",
      "status": "409",
      "code": "SEAT_BUSY",
      "request_id": "e7e50af8-caed-454e-8f68-8be43b439fbe"
    },
    {
      "operation": "hot_hold",
      "status": "409",
      "code": "SEAT_BUSY",
      "request_id": "f2ebee85-b80b-4c62-befc-b8e4d873c7fb"
    },
    {
      "operation": "hot_hold",
      "status": "409",
      "code": "SEAT_BUSY",
      "request_id": "def338a9-752a-47ee-958c-2df697944f15"
    },
    {
      "operation": "hot_hold",
      "status": "409",
      "code": "SEAT_BUSY",
      "request_id": "497f04f0-b32b-442a-bdc2-9f03fd70ef8a"
    },
    {
      "operation": "hot_hold",
      "status": "409",
      "code": "SEAT_BUSY",
      "request_id": "f8f90ced-328a-4003-ab16-8c77493ec40f"
    },
    {
      "operation": "hot_hold",
      "status": "409",
      "code": "SEAT_BUSY",
      "request_id": "4e8dc396-b5a5-42aa-9d97-c4127367ae99"
    },
    {
      "operation": "hot_hold",
      "status": "409",
      "code": "SEAT_UNAVAILABLE",
      "request_id": "b1973fcd-fb87-4a3d-98b3-7319bb6e51d1"
    },
    {
      "operation": "hot_hold",
      "status": "409",
      "code": "SEAT_BUSY",
      "request_id": "1acbb315-11fa-42a1-9d21-1d2f6d781681"
    },
    {
      "operation": "hot_hold",
      "status": "409",
      "code": "SEAT_BUSY",
      "request_id": "7ccc30bb-3d33-4808-ba2c-d248f687392f"
    },
    {
      "operation": "hot_hold",
      "status": "409",
      "code": "SEAT_UNAVAILABLE",
      "request_id": "e16a2221-910f-41ad-81bb-a1a0459eed37"
    }
  ],
  "keepalive_expiry_seconds": 5.0,
  "measured_tcp_connect_events": {
    "hot_hold": {
      "started": 5,
      "complete": 5
    },
    "read": {
      "started": 343,
      "complete": 343
    },
    "hold": {
      "started": 12,
      "complete": 12
    }
  },
  "transport_error_types": {},
  "transport_diagnostics_enabled": true,
  "transport_failure_examples": [],
  "task_error_types": {},
  "scheduling_lag_p95_ms": 1.0761209923657589,
  "generator_cpu_seconds": 89.540974924,
  "elapsed_seconds": 299.9983564119975,
  "completed_rps": 150.00082179850358,
  "statuses": {
    "hot_hold": {
      "409": 447,
      "503": 2,
      "201": 1
    },
    "read": {
      "200": 16622,
      "304": 26128
    },
    "hold": {
      "201": 1774,
      "503": 26
    }
  },
  "response_body_bytes": 310394003,
  "latency_ms": {
    "hot_hold:409": {
      "p50": 13.558913000451867,
      "p95": 128.7146320028114,
      "p99": 454.13790900056483
    },
    "read:200": {
      "p50": 6.175661001179833,
      "p95": 76.65639500191901,
      "p99": 235.72883100132458
    },
    "read:304": {
      "p50": 5.0348570002825,
      "p95": 55.249775999982376,
      "p99": 193.91909900150495
    },
    "hold:201": {
      "p50": 35.926471995480824,
      "p95": 117.64017400128068,
      "p99": 291.28749100345885
    },
    "hot_hold:503": {
      "p50": 45.77615200105356,
      "p95": 49.0710259982734,
      "p99": 49.0710259982734
    },
    "hold:503": {
      "p50": 49.35012500209268,
      "p95": 98.91314499691362,
      "p99": 117.04552800074453
    },
    "hot_hold:201": {
      "p50": 34.16115899744909,
      "p95": 34.16115899744909,
      "p99": 34.16115899744909
    }
  },
  "read_p95_ms": 63.610587996663526,
  "hold_p95_ms": 116.94311700557591,
  "local_read_gate_pass": false,
  "note": "95% reads/5% holds (mixed mode: 4% distinct, 1% hot). Known hot 409 codes remain in error_codes but are expected; bootstrap excluded. Topology is operator-declared, not verified. No backend durability/queue checks here.",
  "reservation_gate_pass": true,
  "accounting_pass": true,
  "workload_gate_pass": false,
  "phase_latency_gate_pass": true,
  "hot_contention_gate_pass": true
}
