{"phase": "measuring", "rate": 100, "seconds": 300, "utc": "2026-09-09T17:16:24.004498+00:00"}
{"phase": "progress", "scheduled": 3000, "drops": 0}
{"phase": "progress", "scheduled": 6000, "drops": 0}
{"phase": "progress", "scheduled": 9000, "drops": 0}
{"phase": "progress", "scheduled": 12000, "drops": 0}
{"phase": "progress", "scheduled": 15000, "drops": 0}
{"phase": "progress", "scheduled": 18000, "drops": 0}
{"phase": "progress", "scheduled": 21000, "drops": 0}
{"phase": "progress", "scheduled": 24000, "drops": 0}
{"phase": "progress", "scheduled": 27000, "drops": 0}
{
  "phases": {
    "0": {
      "statuses": {
        "read": {
          "200": 13739,
          "304": 14761
        },
        "hold": {
          "201": 1500
        }
      },
      "p95_ms": {
        "read": 16.570662999583874,
        "hold": 59.599918000458274
      }
    }
  },
  "read_hot_share": 0,
  "burst": false,
  "utc": "2026-09-09T17:21:24.007394+00:00",
  "measured_started_utc": "2026-09-09T17:16:24.004498+00:00",
  "manifest_id": "944189bb-4258-4971-a087-4ccbdc1b451f",
  "run_id": "cf36a394-67d7-474e-af3e-5ee0629b2974",
  "target_origin": "http://10.1.137.69:8000",
  "generator_hostname": "generator-ecs",
  "platform": "Linux-6.8.0-136-generic-x86_64-with-glibc2.39",
  "topology_declared": "separate-host",
  "offered_rps": 100,
  "seconds": 300,
  "show_count": 200,
  "seats_per_show": 300,
  "viewers": 2000,
  "write_percent": 5,
  "generator_drops": 0,
  "drop_reasons": {},
  "error_codes": {},
  "error_examples": [],
  "keepalive_expiry_seconds": 2.0,
  "measured_tcp_connect_events": {
    "read": {
      "started": 155,
      "complete": 155
    },
    "hold": {
      "started": 4,
      "complete": 4
    }
  },
  "transport_error_types": {},
  "transport_diagnostics_enabled": true,
  "transport_failure_examples": [],
  "task_error_types": {},
  "scheduling_lag_p95_ms": 1.5519700027653016,
  "generator_cpu_seconds": 57.693454037,
  "elapsed_seconds": 299.994848246999,
  "completed_rps": 100.00171728049034,
  "statuses": {
    "read": {
      "200": 13739,
      "304": 14761
    },
    "hold": {
      "201": 1500
    }
  },
  "response_body_bytes": 256371185,
  "latency_ms": {
    "read:200": {
      "p50": 5.569670000113547,
      "p95": 18.766890003462322,
      "p99": 40.34162299649324
    },
    "hold:201": {
      "p50": 28.50621799734654,
      "p95": 59.599918000458274,
      "p99": 85.67147500434658
    },
    "read:304": {
      "p50": 4.8384309993707575,
      "p95": 12.978534003195819,
      "p99": 34.81871799885994
    }
  },
  "read_p95_ms": 16.570662999583874,
  "hold_p95_ms": 59.599918000458274,
  "local_read_gate_pass": true,
  "note": "95% reads/5% holds; bootstrap excluded. Topology is operator-declared, not verified. No backend durability/queue checks here.",
  "reservation_gate_pass": true,
  "accounting_pass": true,
  "workload_gate_pass": true,
  "phase_latency_gate_pass": true
}
