{"phase": "measuring", "rate": 100, "seconds": 300, "utc": "2026-09-09T17:16:24.006416+00:00"}
{"phase": "progress", "scheduled": 3000, "drops": 0}
{"phase": "progress", "scheduled": 6000, "drops": 0}
{"phase": "progress", "scheduled": 9000, "drops": 0}
{"phase": "progress", "scheduled": 12000, "drops": 0}
{"phase": "progress", "scheduled": 15000, "drops": 0}
{"phase": "progress", "scheduled": 18000, "drops": 0}
{"phase": "progress", "scheduled": 21000, "drops": 0}
{"phase": "progress", "scheduled": 24000, "drops": 0}
{"phase": "progress", "scheduled": 27000, "drops": 0}
{
  "phases": {
    "0": {
      "statuses": {
        "read": {
          "200": 13741,
          "304": 14759
        },
        "hold": {
          "201": 1500
        }
      },
      "p95_ms": {
        "read": 16.446164998342283,
        "hold": 57.26644799869973
      }
    }
  },
  "read_hot_share": 0,
  "burst": false,
  "utc": "2026-09-09T17:21:24.008316+00:00",
  "measured_started_utc": "2026-09-09T17:16:24.006416+00:00",
  "manifest_id": "944189bb-4258-4971-a087-4ccbdc1b451f",
  "run_id": "1a03c96c-2367-414a-9d26-32781af22bda",
  "target_origin": "http://10.1.137.69:8000",
  "generator_hostname": "generator-ecs",
  "platform": "Linux-6.8.0-136-generic-x86_64-with-glibc2.39",
  "topology_declared": "separate-host",
  "offered_rps": 100,
  "seconds": 300,
  "show_count": 200,
  "seats_per_show": 300,
  "viewers": 2000,
  "write_percent": 5,
  "generator_drops": 0,
  "drop_reasons": {},
  "error_codes": {},
  "error_examples": [],
  "keepalive_expiry_seconds": 2.0,
  "measured_tcp_connect_events": {
    "read": {
      "started": 171,
      "complete": 171
    },
    "hold": {
      "started": 5,
      "complete": 5
    }
  },
  "transport_error_types": {},
  "transport_diagnostics_enabled": true,
  "transport_failure_examples": [],
  "task_error_types": {},
  "scheduling_lag_p95_ms": 1.6593380059930496,
  "generator_cpu_seconds": 57.22506431,
  "elapsed_seconds": 299.9952684700038,
  "completed_rps": 100.00157720154066,
  "statuses": {
    "read": {
      "200": 13741,
      "304": 14759
    },
    "hold": {
      "201": 1500
    }
  },
  "response_body_bytes": 256408314,
  "latency_ms": {
    "read:200": {
      "p50": 4.922183994494844,
      "p95": 18.573691006167792,
      "p99": 41.48633199656615
    },
    "hold:201": {
      "p50": 27.57965800265083,
      "p95": 57.26644799869973,
      "p99": 82.16721799544757
    },
    "read:304": {
      "p50": 4.236916000081692,
      "p95": 12.60917900071945,
      "p99": 35.44220000185305
    }
  },
  "read_p95_ms": 16.446164998342283,
  "hold_p95_ms": 57.26644799869973,
  "local_read_gate_pass": true,
  "note": "95% reads/5% holds; bootstrap excluded. Topology is operator-declared, not verified. No backend durability/queue checks here.",
  "reservation_gate_pass": true,
  "accounting_pass": true,
  "workload_gate_pass": true,
  "phase_latency_gate_pass": true
}
