{"phase": "measuring", "rate": 88, "seconds": 1800, "utc": "2026-09-08T16:54:19.437305+00:00"}
{"phase": "progress", "scheduled": 2640, "drops": 0}
{"phase": "progress", "scheduled": 5280, "drops": 0}
{"phase": "progress", "scheduled": 7920, "drops": 0}
{"phase": "progress", "scheduled": 10560, "drops": 0}
{"phase": "progress", "scheduled": 13200, "drops": 0}
{"phase": "progress", "scheduled": 15840, "drops": 0}
{"phase": "progress", "scheduled": 18480, "drops": 0}
{"phase": "progress", "scheduled": 21120, "drops": 0}
{"phase": "progress", "scheduled": 23760, "drops": 0}
{"phase": "progress", "scheduled": 26400, "drops": 0}
{"phase": "progress", "scheduled": 29040, "drops": 0}
{"phase": "progress", "scheduled": 31680, "drops": 0}
{"phase": "progress", "scheduled": 34320, "drops": 0}
{"phase": "progress", "scheduled": 36960, "drops": 0}
{"phase": "progress", "scheduled": 39600, "drops": 0}
{"phase": "progress", "scheduled": 42240, "drops": 0}
{"phase": "progress", "scheduled": 44880, "drops": 0}
{"phase": "progress", "scheduled": 47520, "drops": 0}
{"phase": "progress", "scheduled": 50160, "drops": 0}
{"phase": "progress", "scheduled": 52800, "drops": 0}
{"phase": "progress", "scheduled": 55440, "drops": 0}
{"phase": "progress", "scheduled": 58080, "drops": 0}
{"phase": "progress", "scheduled": 60720, "drops": 0}
{"phase": "progress", "scheduled": 63360, "drops": 0}
{"phase": "progress", "scheduled": 66000, "drops": 0}
{"phase": "progress", "scheduled": 68640, "drops": 0}
{"phase": "progress", "scheduled": 71280, "drops": 0}
{"phase": "progress", "scheduled": 73920, "drops": 0}
{"phase": "progress", "scheduled": 76560, "drops": 0}
{"phase": "progress", "scheduled": 79200, "drops": 0}
{"phase": "progress", "scheduled": 81840, "drops": 0}
{"phase": "progress", "scheduled": 84480, "drops": 0}
{"phase": "progress", "scheduled": 87120, "drops": 0}
{"phase": "progress", "scheduled": 89760, "drops": 0}
{"phase": "progress", "scheduled": 92400, "drops": 0}
{"phase": "progress", "scheduled": 95040, "drops": 0}
{"phase": "progress", "scheduled": 97680, "drops": 0}
{"phase": "progress", "scheduled": 100320, "drops": 0}
{"phase": "progress", "scheduled": 102960, "drops": 0}
{"phase": "progress", "scheduled": 105600, "drops": 0}
{"phase": "progress", "scheduled": 108240, "drops": 0}
{"phase": "progress", "scheduled": 110880, "drops": 0}
{"phase": "progress", "scheduled": 113520, "drops": 0}
{"phase": "progress", "scheduled": 116160, "drops": 0}
{"phase": "progress", "scheduled": 118800, "drops": 0}
{"phase": "progress", "scheduled": 121440, "drops": 0}
{"phase": "progress", "scheduled": 124080, "drops": 0}
{"phase": "progress", "scheduled": 126720, "drops": 0}
{"phase": "progress", "scheduled": 129360, "drops": 0}
{"phase": "progress", "scheduled": 132000, "drops": 0}
{"phase": "progress", "scheduled": 134640, "drops": 0}
{"phase": "progress", "scheduled": 137280, "drops": 0}
{"phase": "progress", "scheduled": 139920, "drops": 0}
{"phase": "progress", "scheduled": 142560, "drops": 0}
{"phase": "progress", "scheduled": 145200, "drops": 0}
{"phase": "progress", "scheduled": 147840, "drops": 0}
{"phase": "progress", "scheduled": 150480, "drops": 0}
{"phase": "progress", "scheduled": 153120, "drops": 0}
{"phase": "progress", "scheduled": 155760, "drops": 0}
{
  "utc": "2026-09-08T17:24:19.444526+00:00",
  "measured_started_utc": "2026-09-08T16:54:19.437305+00:00",
  "manifest_id": "bb6e3657-5930-4f0f-8f0a-45348c8d13d7",
  "run_id": "6e2cfac3-a764-4493-9029-42408f513fbf",
  "target_origin": "http://10.1.137.69:8000",
  "generator_hostname": "generator-ecs",
  "platform": "Linux-6.8.0-136-generic-x86_64-with-glibc2.39",
  "topology_declared": "separate-host",
  "offered_rps": 88,
  "seconds": 1800,
  "show_count": 200,
  "seats_per_show": 300,
  "viewers": 2000,
  "write_percent": 5,
  "generator_drops": 0,
  "drop_reasons": {},
  "transport_error_types": {},
  "task_error_types": {},
  "scheduling_lag_p95_ms": 1.9049933637234062,
  "generator_cpu_seconds": 300.046253359,
  "elapsed_seconds": 1800.0003392729998,
  "completed_rps": 87.99998341332314,
  "statuses": {
    "read": {
      "304": 79809,
      "200": 70671
    },
    "hold": {
      "201": 7916,
      "503": 4
    }
  },
  "response_body_bytes": 1318488769,
  "latency_ms": {
    "read:304": {
      "p50": 3.3864559995890886,
      "p95": 16.812604000278952,
      "p99": 51.50412300008611
    },
    "hold:201": {
      "p50": 28.33904299995993,
      "p95": 69.79408000006515,
      "p99": 138.17789200015795
    },
    "read:200": {
      "p50": 11.577160000342701,
      "p95": 31.009269000151107,
      "p99": 69.0290540001115
    },
    "hold:503": {
      "p50": 66.93559000018467,
      "p95": 245.6666339999174,
      "p99": 245.6666339999174
    }
  },
  "read_p95_ms": 24.57780999998249,
  "hold_p95_ms": 69.79732499985403,
  "local_read_gate_pass": false,
  "note": "95% reads/5% holds; bootstrap excluded. Topology is operator-declared, not verified. No backend durability/queue checks here.",
  "reservation_gate_pass": true,
  "accounting_pass": true,
  "workload_gate_pass": false
}
