{"phase": "measuring", "rate": 88, "seconds": 1800, "utc": "2026-09-08T16:54:19.435330+00:00"}
{"phase": "progress", "scheduled": 2640, "drops": 0}
{"phase": "progress", "scheduled": 5280, "drops": 0}
{"phase": "progress", "scheduled": 7920, "drops": 0}
{"phase": "progress", "scheduled": 10560, "drops": 0}
{"phase": "progress", "scheduled": 13200, "drops": 0}
{"phase": "progress", "scheduled": 15840, "drops": 0}
{"phase": "progress", "scheduled": 18480, "drops": 0}
{"phase": "progress", "scheduled": 21120, "drops": 0}
{"phase": "progress", "scheduled": 23760, "drops": 0}
{"phase": "progress", "scheduled": 26400, "drops": 0}
{"phase": "progress", "scheduled": 29040, "drops": 0}
{"phase": "progress", "scheduled": 31680, "drops": 0}
{"phase": "progress", "scheduled": 34320, "drops": 0}
{"phase": "progress", "scheduled": 36960, "drops": 0}
{"phase": "progress", "scheduled": 39600, "drops": 0}
{"phase": "progress", "scheduled": 42240, "drops": 0}
{"phase": "progress", "scheduled": 44880, "drops": 0}
{"phase": "progress", "scheduled": 47520, "drops": 0}
{"phase": "progress", "scheduled": 50160, "drops": 0}
{"phase": "progress", "scheduled": 52800, "drops": 0}
{"phase": "progress", "scheduled": 55440, "drops": 0}
{"phase": "progress", "scheduled": 58080, "drops": 0}
{"phase": "progress", "scheduled": 60720, "drops": 0}
{"phase": "progress", "scheduled": 63360, "drops": 0}
{"phase": "progress", "scheduled": 66000, "drops": 0}
{"phase": "progress", "scheduled": 68640, "drops": 0}
{"phase": "progress", "scheduled": 71280, "drops": 0}
{"phase": "progress", "scheduled": 73920, "drops": 0}
{"phase": "progress", "scheduled": 76560, "drops": 0}
{"phase": "progress", "scheduled": 79200, "drops": 0}
{"phase": "progress", "scheduled": 81840, "drops": 0}
{"phase": "progress", "scheduled": 84480, "drops": 0}
{"phase": "progress", "scheduled": 87120, "drops": 0}
{"phase": "progress", "scheduled": 89760, "drops": 0}
{"phase": "progress", "scheduled": 92400, "drops": 0}
{"phase": "progress", "scheduled": 95040, "drops": 0}
{"phase": "progress", "scheduled": 97680, "drops": 0}
{"phase": "progress", "scheduled": 100320, "drops": 0}
{"phase": "progress", "scheduled": 102960, "drops": 0}
{"phase": "progress", "scheduled": 105600, "drops": 0}
{"phase": "progress", "scheduled": 108240, "drops": 0}
{"phase": "progress", "scheduled": 110880, "drops": 0}
{"phase": "progress", "scheduled": 113520, "drops": 0}
{"phase": "progress", "scheduled": 116160, "drops": 0}
{"phase": "progress", "scheduled": 118800, "drops": 0}
{"phase": "progress", "scheduled": 121440, "drops": 0}
{"phase": "progress", "scheduled": 124080, "drops": 0}
{"phase": "progress", "scheduled": 126720, "drops": 0}
{"phase": "progress", "scheduled": 129360, "drops": 0}
{"phase": "progress", "scheduled": 132000, "drops": 0}
{"phase": "progress", "scheduled": 134640, "drops": 0}
{"phase": "progress", "scheduled": 137280, "drops": 0}
{"phase": "progress", "scheduled": 139920, "drops": 0}
{"phase": "progress", "scheduled": 142560, "drops": 0}
{"phase": "progress", "scheduled": 145200, "drops": 0}
{"phase": "progress", "scheduled": 147840, "drops": 0}
{"phase": "progress", "scheduled": 150480, "drops": 0}
{"phase": "progress", "scheduled": 153120, "drops": 0}
{"phase": "progress", "scheduled": 155760, "drops": 0}
{
  "utc": "2026-09-08T17:24:19.437467+00:00",
  "measured_started_utc": "2026-09-08T16:54:19.435330+00:00",
  "manifest_id": "bb6e3657-5930-4f0f-8f0a-45348c8d13d7",
  "run_id": "87dbc65c-49e9-4f6d-9fff-68b3afaaa4ad",
  "target_origin": "http://10.1.137.69:8000",
  "generator_hostname": "generator-ecs",
  "platform": "Linux-6.8.0-136-generic-x86_64-with-glibc2.39",
  "topology_declared": "separate-host",
  "offered_rps": 88,
  "seconds": 1800,
  "show_count": 200,
  "seats_per_show": 300,
  "viewers": 2000,
  "write_percent": 5,
  "generator_drops": 0,
  "drop_reasons": {},
  "transport_error_types": {},
  "task_error_types": {},
  "scheduling_lag_p95_ms": 1.813974545484598,
  "generator_cpu_seconds": 304.894353203,
  "elapsed_seconds": 1799.994638014,
  "completed_rps": 88.00026214231868,
  "statuses": {
    "read": {
      "304": 79769,
      "200": 70711
    },
    "hold": {
      "201": 7917,
      "503": 3
    }
  },
  "response_body_bytes": 1319235230,
  "latency_ms": {
    "read:304": {
      "p50": 3.7120479998975497,
      "p95": 17.25097000007736,
      "p99": 52.057714000056876
    },
    "hold:201": {
      "p50": 23.974455000370654,
      "p95": 68.88774099979855,
      "p99": 139.8233199997776
    },
    "read:200": {
      "p50": 7.7297119996728725,
      "p95": 29.459793000114587,
      "p99": 68.00989899966225
    },
    "hold:503": {
      "p50": 95.26686799995332,
      "p95": 248.2061910000084,
      "p99": 248.2061910000084
    }
  },
  "read_p95_ms": 24.387910999848827,
  "hold_p95_ms": 68.92425500018362,
  "local_read_gate_pass": false,
  "note": "95% reads/5% holds; bootstrap excluded. Topology is operator-declared, not verified. No backend durability/queue checks here.",
  "reservation_gate_pass": true,
  "accounting_pass": true,
  "workload_gate_pass": false
}
