{"phase": "measuring", "rate": 100, "seconds": 300, "utc": "2026-09-09T16:15:49.723297+00:00"}
{"phase": "progress", "scheduled": 3000, "drops": 0}
{"phase": "progress", "scheduled": 6000, "drops": 0}
{"phase": "progress", "scheduled": 9000, "drops": 0}
{"phase": "progress", "scheduled": 12000, "drops": 0}
{"phase": "progress", "scheduled": 15000, "drops": 0}
{"phase": "progress", "scheduled": 18000, "drops": 0}
{"phase": "progress", "scheduled": 21000, "drops": 0}
{"phase": "progress", "scheduled": 24000, "drops": 0}
{"phase": "progress", "scheduled": 27000, "drops": 0}
{
  "phases": {
    "0": {
      "statuses": {
        "read": {
          "200": 12993,
          "304": 15507
        },
        "hold": {
          "201": 1500
        }
      },
      "p95_ms": {
        "read": 18.40245099447202,
        "hold": 63.8221990011516
      }
    }
  },
  "read_hot_share": 0,
  "burst": false,
  "utc": "2026-09-09T16:20:49.729087+00:00",
  "measured_started_utc": "2026-09-09T16:15:49.723297+00:00",
  "manifest_id": "114c41b7-aab0-4cf2-ab04-d362c99d8fa5",
  "run_id": "3ebd7fed-df54-431b-9d7e-b779f12ff9bc",
  "target_origin": "http://10.1.137.69:8000",
  "generator_hostname": "generator-ecs",
  "platform": "Linux-6.8.0-136-generic-x86_64-with-glibc2.39",
  "topology_declared": "separate-host",
  "offered_rps": 100,
  "seconds": 300,
  "show_count": 200,
  "seats_per_show": 300,
  "viewers": 2000,
  "write_percent": 5,
  "generator_drops": 0,
  "drop_reasons": {},
  "error_codes": {},
  "error_examples": [],
  "transport_error_types": {},
  "transport_diagnostics_enabled": true,
  "transport_failure_examples": [],
  "task_error_types": {},
  "scheduling_lag_p95_ms": 1.6362800015485846,
  "generator_cpu_seconds": 57.129314218999994,
  "elapsed_seconds": 299.99799716800044,
  "completed_rps": 100.00066761512359,
  "statuses": {
    "read": {
      "200": 12993,
      "304": 15507
    },
    "hold": {
      "201": 1500
    }
  },
  "response_body_bytes": 242403795,
  "latency_ms": {
    "read:200": {
      "p50": 6.069205002859235,
      "p95": 20.632558000215795,
      "p99": 51.665248000063
    },
    "read:304": {
      "p50": 5.36601400381187,
      "p95": 14.684890003991313,
      "p99": 40.32675600319635
    },
    "hold:201": {
      "p50": 31.660647997341584,
      "p95": 63.8221990011516,
      "p99": 99.83074500632938
    }
  },
  "read_p95_ms": 18.40245099447202,
  "hold_p95_ms": 63.8221990011516,
  "local_read_gate_pass": true,
  "note": "95% reads/5% holds; bootstrap excluded. Topology is operator-declared, not verified. No backend durability/queue checks here.",
  "reservation_gate_pass": true,
  "accounting_pass": true,
  "workload_gate_pass": true,
  "phase_latency_gate_pass": true
}
