{"phase": "measuring", "rate": 100, "seconds": 300, "utc": "2026-09-09T17:10:53.692471+00:00"}
{"phase": "progress", "scheduled": 3000, "drops": 0}
{"phase": "progress", "scheduled": 6000, "drops": 0}
{"phase": "progress", "scheduled": 9000, "drops": 0}
{"phase": "progress", "scheduled": 12000, "drops": 0}
{"phase": "progress", "scheduled": 15000, "drops": 0}
{"phase": "progress", "scheduled": 18000, "drops": 0}
{"phase": "progress", "scheduled": 21000, "drops": 0}
{"phase": "progress", "scheduled": 24000, "drops": 0}
{"phase": "progress", "scheduled": 27000, "drops": 0}
{
  "phases": {
    "0": {
      "statuses": {
        "read": {
          "304": 14813,
          "200": 13687
        },
        "hold": {
          "201": 1500
        }
      },
      "p95_ms": {
        "read": 12.007966994133312,
        "hold": 51.43719899933785
      }
    }
  },
  "read_hot_share": 0,
  "burst": false,
  "utc": "2026-09-09T17:15:53.694486+00:00",
  "measured_started_utc": "2026-09-09T17:10:53.692471+00:00",
  "manifest_id": "944189bb-4258-4971-a087-4ccbdc1b451f",
  "run_id": "b90404fb-33e8-47ab-bda7-ec42f587877a",
  "target_origin": "http://10.1.137.69:8000",
  "generator_hostname": "generator-ecs",
  "platform": "Linux-6.8.0-136-generic-x86_64-with-glibc2.39",
  "topology_declared": "separate-host",
  "offered_rps": 100,
  "seconds": 300,
  "show_count": 200,
  "seats_per_show": 300,
  "viewers": 2000,
  "write_percent": 5,
  "generator_drops": 0,
  "drop_reasons": {},
  "error_codes": {},
  "error_examples": [],
  "keepalive_expiry_seconds": 2.0,
  "measured_tcp_connect_events": {
    "read": {
      "started": 170,
      "complete": 170
    },
    "hold": {
      "started": 4,
      "complete": 4
    }
  },
  "transport_error_types": {},
  "transport_diagnostics_enabled": true,
  "transport_failure_examples": [],
  "task_error_types": {},
  "scheduling_lag_p95_ms": 1.2981549953110516,
  "generator_cpu_seconds": 56.475953202,
  "elapsed_seconds": 299.99423099699925,
  "completed_rps": 100.00192303798029,
  "statuses": {
    "read": {
      "304": 14813,
      "200": 13687
    },
    "hold": {
      "201": 1500
    }
  },
  "response_body_bytes": 255396480,
  "latency_ms": {
    "read:304": {
      "p50": 3.279085998656228,
      "p95": 8.774782996624708,
      "p99": 24.621740994916763
    },
    "hold:201": {
      "p50": 21.103252001921646,
      "p95": 51.43719899933785,
      "p99": 81.69844799704151
    },
    "read:200": {
      "p50": 3.8493619940709323,
      "p95": 14.018434994795825,
      "p99": 35.47056500246981
    }
  },
  "read_p95_ms": 12.007966994133312,
  "hold_p95_ms": 51.43719899933785,
  "local_read_gate_pass": true,
  "note": "95% reads/5% holds; bootstrap excluded. Topology is operator-declared, not verified. No backend durability/queue checks here.",
  "reservation_gate_pass": true,
  "accounting_pass": true,
  "workload_gate_pass": true,
  "phase_latency_gate_pass": true
}
