{"phase": "measuring", "rate": 100, "seconds": 300, "utc": "2026-09-09T17:10:53.691464+00:00"}
{"phase": "progress", "scheduled": 3000, "drops": 0}
{"phase": "progress", "scheduled": 6000, "drops": 0}
{"phase": "progress", "scheduled": 9000, "drops": 0}
{"phase": "progress", "scheduled": 12000, "drops": 0}
{"phase": "progress", "scheduled": 15000, "drops": 0}
{"phase": "progress", "scheduled": 18000, "drops": 0}
{"phase": "progress", "scheduled": 21000, "drops": 0}
{"phase": "progress", "scheduled": 24000, "drops": 0}
{"phase": "progress", "scheduled": 27000, "drops": 0}
{
  "phases": {
    "0": {
      "statuses": {
        "read": {
          "304": 14806,
          "200": 13694
        },
        "hold": {
          "201": 1500
        }
      },
      "p95_ms": {
        "read": 11.970558000029996,
        "hold": 51.13657800393412
      }
    }
  },
  "read_hot_share": 0,
  "burst": false,
  "utc": "2026-09-09T17:15:53.692183+00:00",
  "measured_started_utc": "2026-09-09T17:10:53.691464+00:00",
  "manifest_id": "944189bb-4258-4971-a087-4ccbdc1b451f",
  "run_id": "0f67afe8-d8ed-419b-8f61-07c801d30f58",
  "target_origin": "http://10.1.137.69:8000",
  "generator_hostname": "generator-ecs",
  "platform": "Linux-6.8.0-136-generic-x86_64-with-glibc2.39",
  "topology_declared": "separate-host",
  "offered_rps": 100,
  "seconds": 300,
  "show_count": 200,
  "seats_per_show": 300,
  "viewers": 2000,
  "write_percent": 5,
  "generator_drops": 0,
  "drop_reasons": {},
  "error_codes": {},
  "error_examples": [],
  "keepalive_expiry_seconds": 2.0,
  "measured_tcp_connect_events": {
    "read": {
      "started": 167,
      "complete": 167
    },
    "hold": {
      "started": 5,
      "complete": 5
    }
  },
  "transport_error_types": {},
  "transport_diagnostics_enabled": true,
  "transport_failure_examples": [],
  "task_error_types": {},
  "scheduling_lag_p95_ms": 1.2543789998744614,
  "generator_cpu_seconds": 56.5649862,
  "elapsed_seconds": 299.9939149819984,
  "completed_rps": 100.0020283804763,
  "statuses": {
    "read": {
      "304": 14806,
      "200": 13694
    },
    "hold": {
      "201": 1500
    }
  },
  "response_body_bytes": 255527310,
  "latency_ms": {
    "read:304": {
      "p50": 3.245419997256249,
      "p95": 9.15193599939812,
      "p99": 26.515833000303246
    },
    "hold:201": {
      "p50": 21.350869996240363,
      "p95": 51.13657800393412,
      "p99": 80.9082080013468
    },
    "read:200": {
      "p50": 3.896221998729743,
      "p95": 13.870792994566727,
      "p99": 34.47337699617492
    }
  },
  "read_p95_ms": 11.970558000029996,
  "hold_p95_ms": 51.13657800393412,
  "local_read_gate_pass": true,
  "note": "95% reads/5% holds; bootstrap excluded. Topology is operator-declared, not verified. No backend durability/queue checks here.",
  "reservation_gate_pass": true,
  "accounting_pass": true,
  "workload_gate_pass": true,
  "phase_latency_gate_pass": true
}
