{"phase": "measuring", "rate": 88, "seconds": 180, "utc": "2026-09-08T10:56:18.210402+00:00"}
{"phase": "progress", "scheduled": 2640, "drops": 0}
{"phase": "progress", "scheduled": 5280, "drops": 0}
{"phase": "progress", "scheduled": 7920, "drops": 0}
{"phase": "progress", "scheduled": 10560, "drops": 0}
{"phase": "progress", "scheduled": 13200, "drops": 0}
{
  "utc": "2026-09-08T10:59:18.203690+00:00",
  "measured_started_utc": "2026-09-08T10:56:18.210402+00:00",
  "manifest_id": "654adf3d-2fa7-4cdf-9f1a-9e472c68a549",
  "run_id": "11e6429a-4cdf-4b66-a5e7-4900aa56d0c5",
  "target_origin": "http://10.1.137.69:8000",
  "generator_hostname": "generator-ecs",
  "platform": "Linux-6.8.0-136-generic-x86_64-with-glibc2.39",
  "topology_declared": "separate-host",
  "offered_rps": 88,
  "seconds": 180,
  "show_count": 200,
  "seats_per_show": 300,
  "viewers": 2000,
  "write_percent": 5,
  "generator_drops": 0,
  "drop_reasons": {},
  "transport_error_types": {},
  "task_error_types": {},
  "scheduling_lag_p95_ms": 1.5206575455977145,
  "generator_cpu_seconds": 28.901078588,
  "elapsed_seconds": 179.99231060700004,
  "completed_rps": 88.00375941939805,
  "statuses": {
    "read": {
      "304": 9253,
      "200": 5795
    },
    "hold": {
      "201": 792
    }
  },
  "response_body_bytes": 108054070,
  "latency_ms": {
    "read:304": {
      "p50": 5.114729000069929,
      "p95": 9.256714999992255,
      "p99": 29.092776999959824
    },
    "hold:201": {
      "p50": 19.452821000186304,
      "p95": 51.64792599998691,
      "p99": 86.4770650000537
    },
    "read:200": {
      "p50": 8.50490500010892,
      "p95": 18.347851000044102,
      "p99": 39.41900500012707
    }
  },
  "read_p95_ms": 13.881227999945622,
  "hold_p95_ms": 51.64792599998691,
  "local_read_gate_pass": true,
  "note": "95% reads/5% holds; bootstrap excluded. Topology is operator-declared, not verified. No backend durability/queue checks here.",
  "reservation_gate_pass": true,
  "accounting_pass": true,
  "workload_gate_pass": true
}
