{"phase": "measuring", "rate": 100, "seconds": 300, "utc": "2026-09-09T16:09:30.503479+00:00"}
{"phase": "progress", "scheduled": 3000, "drops": 0}
{"phase": "progress", "scheduled": 6000, "drops": 0}
{"phase": "progress", "scheduled": 9000, "drops": 0}
{"phase": "progress", "scheduled": 12000, "drops": 0}
{"phase": "progress", "scheduled": 15000, "drops": 0}
{"phase": "progress", "scheduled": 18000, "drops": 0}
{"phase": "progress", "scheduled": 21000, "drops": 0}
{"phase": "progress", "scheduled": 24000, "drops": 0}
{"phase": "progress", "scheduled": 27000, "drops": 0}
{
  "phases": {
    "0": {
      "statuses": {
        "read": {
          "304": 16906,
          "200": 11594
        },
        "hold": {
          "201": 1500
        }
      },
      "p95_ms": {
        "read": 14.532609995512757,
        "hold": 53.10970899881795
      }
    }
  },
  "read_hot_share": 0,
  "burst": false,
  "utc": "2026-09-09T16:14:30.508219+00:00",
  "measured_started_utc": "2026-09-09T16:09:30.503479+00:00",
  "manifest_id": "114c41b7-aab0-4cf2-ab04-d362c99d8fa5",
  "run_id": "65d2b43e-f36c-4771-bc34-bb8fd6156c4f",
  "target_origin": "http://10.1.137.69:8000",
  "generator_hostname": "generator-ecs",
  "platform": "Linux-6.8.0-136-generic-x86_64-with-glibc2.39",
  "topology_declared": "separate-host",
  "offered_rps": 100,
  "seconds": 300,
  "show_count": 200,
  "seats_per_show": 300,
  "viewers": 2000,
  "write_percent": 5,
  "generator_drops": 0,
  "drop_reasons": {},
  "error_codes": {},
  "error_examples": [],
  "transport_error_types": {},
  "transport_diagnostics_enabled": true,
  "transport_failure_examples": [],
  "task_error_types": {},
  "scheduling_lag_p95_ms": 1.5383190038846806,
  "generator_cpu_seconds": 56.071816472,
  "elapsed_seconds": 299.99408655700245,
  "completed_rps": 100.00197118652085,
  "statuses": {
    "read": {
      "304": 16906,
      "200": 11594
    },
    "hold": {
      "201": 1500
    }
  },
  "response_body_bytes": 216398210,
  "latency_ms": {
    "read:304": {
      "p50": 3.2860619976418093,
      "p95": 11.409162005293183,
      "p99": 27.073705998191144
    },
    "hold:201": {
      "p50": 31.219027005136013,
      "p95": 53.10970899881795,
      "p99": 81.3058900021133
    },
    "read:200": {
      "p50": 4.089743000804447,
      "p95": 17.33930699992925,
      "p99": 33.637652995821554
    }
  },
  "read_p95_ms": 14.532609995512757,
  "hold_p95_ms": 53.10970899881795,
  "local_read_gate_pass": true,
  "note": "95% reads/5% holds; bootstrap excluded. Topology is operator-declared, not verified. No backend durability/queue checks here.",
  "reservation_gate_pass": true,
  "accounting_pass": true,
  "workload_gate_pass": true,
  "phase_latency_gate_pass": true
}
