{"phase": "measuring", "rate": 100, "seconds": 300, "utc": "2026-09-09T16:09:30.501574+00:00"}
{"phase": "progress", "scheduled": 3000, "drops": 0}
{"phase": "progress", "scheduled": 6000, "drops": 0}
{"phase": "progress", "scheduled": 9000, "drops": 0}
{"phase": "progress", "scheduled": 12000, "drops": 0}
{"phase": "progress", "scheduled": 15000, "drops": 0}
{"phase": "progress", "scheduled": 18000, "drops": 0}
{"phase": "progress", "scheduled": 21000, "drops": 0}
{"phase": "progress", "scheduled": 24000, "drops": 0}
{"phase": "progress", "scheduled": 27000, "drops": 0}
{
  "phases": {
    "0": {
      "statuses": {
        "read": {
          "304": 16898,
          "200": 11602
        },
        "hold": {
          "201": 1500
        }
      },
      "p95_ms": {
        "read": 13.256168997031637,
        "hold": 50.04373200063128
      }
    }
  },
  "read_hot_share": 0,
  "burst": false,
  "utc": "2026-09-09T16:14:30.505468+00:00",
  "measured_started_utc": "2026-09-09T16:09:30.501574+00:00",
  "manifest_id": "114c41b7-aab0-4cf2-ab04-d362c99d8fa5",
  "run_id": "2a4881ff-7b59-480e-b4cf-e6658407c5ee",
  "target_origin": "http://10.1.137.69:8000",
  "generator_hostname": "generator-ecs",
  "platform": "Linux-6.8.0-136-generic-x86_64-with-glibc2.39",
  "topology_declared": "separate-host",
  "offered_rps": 100,
  "seconds": 300,
  "show_count": 200,
  "seats_per_show": 300,
  "viewers": 2000,
  "write_percent": 5,
  "generator_drops": 0,
  "drop_reasons": {},
  "error_codes": {},
  "error_examples": [],
  "transport_error_types": {},
  "transport_diagnostics_enabled": true,
  "transport_failure_examples": [],
  "task_error_types": {},
  "scheduling_lag_p95_ms": 1.3585890046670102,
  "generator_cpu_seconds": 56.314594009,
  "elapsed_seconds": 299.9934799709954,
  "completed_rps": 100.00217339023676,
  "statuses": {
    "read": {
      "304": 16898,
      "200": 11602
    },
    "hold": {
      "201": 1500
    }
  },
  "response_body_bytes": 216547655,
  "latency_ms": {
    "read:304": {
      "p50": 2.9048289943602867,
      "p95": 11.688377999234945,
      "p99": 26.60384200135013
    },
    "hold:201": {
      "p50": 27.08735799387796,
      "p95": 50.04373200063128,
      "p99": 69.28969499858795
    },
    "read:200": {
      "p50": 3.4614510004757904,
      "p95": 15.383798003313132,
      "p99": 33.257332994253375
    }
  },
  "read_p95_ms": 13.256168997031637,
  "hold_p95_ms": 50.04373200063128,
  "local_read_gate_pass": true,
  "note": "95% reads/5% holds; bootstrap excluded. Topology is operator-declared, not verified. No backend durability/queue checks here.",
  "reservation_gate_pass": true,
  "accounting_pass": true,
  "workload_gate_pass": true,
  "phase_latency_gate_pass": true
}
