{"phase": "measuring", "rate": 100, "seconds": 300, "utc": "2026-09-09T14:59:38.055966+00:00"}
{"phase": "progress", "scheduled": 3000, "drops": 0}
{"phase": "progress", "scheduled": 6000, "drops": 0}
{"phase": "progress", "scheduled": 9000, "drops": 0}
{"phase": "progress", "scheduled": 12000, "drops": 0}
{"phase": "progress", "scheduled": 15000, "drops": 0}
{"phase": "progress", "scheduled": 18000, "drops": 0}
{"phase": "progress", "scheduled": 21000, "drops": 0}
{"phase": "progress", "scheduled": 24000, "drops": 0}
{"phase": "progress", "scheduled": 27000, "drops": 0}
{
  "phases": {
    "0": {
      "statuses": {
        "hold": {
          "201": 1500
        },
        "read": {
          "304": 16889,
          "200": 11611
        }
      },
      "p95_ms": {
        "hold": 34.44737900281325,
        "read": 9.74909700016724
      }
    }
  },
  "read_hot_share": 0,
  "burst": false,
  "utc": "2026-09-09T15:04:38.057750+00:00",
  "measured_started_utc": "2026-09-09T14:59:38.055966+00:00",
  "manifest_id": "3df76ef0-6689-40f5-95b5-6b1facc01cdd",
  "run_id": "4f7b6fb5-ce5b-4f9a-a21f-3aaf3566621d",
  "target_origin": "http://10.1.137.69:8000",
  "generator_hostname": "generator-ecs",
  "platform": "Linux-6.8.0-136-generic-x86_64-with-glibc2.39",
  "topology_declared": "separate-host",
  "offered_rps": 100,
  "seconds": 300,
  "show_count": 200,
  "seats_per_show": 300,
  "viewers": 2000,
  "write_percent": 5,
  "generator_drops": 0,
  "drop_reasons": {},
  "error_codes": {},
  "error_examples": [],
  "transport_error_types": {},
  "task_error_types": {},
  "scheduling_lag_p95_ms": 1.156710997747723,
  "generator_cpu_seconds": 53.615026445999995,
  "elapsed_seconds": 299.99461454099946,
  "completed_rps": 100.0017951852265,
  "statuses": {
    "hold": {
      "201": 1500
    },
    "read": {
      "304": 16889,
      "200": 11611
    }
  },
  "response_body_bytes": 216710465,
  "latency_ms": {
    "hold:201": {
      "p50": 15.006184999947436,
      "p95": 34.44737900281325,
      "p99": 65.3537150064949
    },
    "read:304": {
      "p50": 4.11043300118763,
      "p95": 8.663282998895738,
      "p99": 23.673538002185524
    },
    "read:200": {
      "p50": 4.658352001570165,
      "p95": 11.315780997392721,
      "p99": 30.083646001003217
    }
  },
  "read_p95_ms": 9.74909700016724,
  "hold_p95_ms": 34.44737900281325,
  "local_read_gate_pass": true,
  "note": "95% reads/5% holds; bootstrap excluded. Topology is operator-declared, not verified. No backend durability/queue checks here.",
  "reservation_gate_pass": true,
  "accounting_pass": true,
  "workload_gate_pass": true,
  "phase_latency_gate_pass": true
}
