{"phase": "measuring", "rate": 100, "seconds": 300, "utc": "2026-09-09T14:59:38.061461+00:00"}
{"phase": "progress", "scheduled": 3000, "drops": 0}
{"phase": "progress", "scheduled": 6000, "drops": 0}
{"phase": "progress", "scheduled": 9000, "drops": 0}
{"phase": "progress", "scheduled": 12000, "drops": 0}
{"phase": "progress", "scheduled": 15000, "drops": 0}
{"phase": "progress", "scheduled": 18000, "drops": 0}
{"phase": "progress", "scheduled": 21000, "drops": 0}
{"phase": "progress", "scheduled": 24000, "drops": 0}
{"phase": "progress", "scheduled": 27000, "drops": 0}
{
  "phases": {
    "0": {
      "statuses": {
        "read": {
          "304": 16887,
          "200": 11613
        },
        "hold": {
          "201": 1500
        }
      },
      "p95_ms": {
        "read": 8.849894999002572,
        "hold": 36.19551099836826
      }
    }
  },
  "read_hot_share": 0,
  "burst": false,
  "utc": "2026-09-09T15:04:38.062633+00:00",
  "measured_started_utc": "2026-09-09T14:59:38.061461+00:00",
  "manifest_id": "3df76ef0-6689-40f5-95b5-6b1facc01cdd",
  "run_id": "f6446f49-19b1-4e73-a879-6acfeb8225a2",
  "target_origin": "http://10.1.137.69:8000",
  "generator_hostname": "generator-ecs",
  "platform": "Linux-6.8.0-136-generic-x86_64-with-glibc2.39",
  "topology_declared": "separate-host",
  "offered_rps": 100,
  "seconds": 300,
  "show_count": 200,
  "seats_per_show": 300,
  "viewers": 2000,
  "write_percent": 5,
  "generator_drops": 0,
  "drop_reasons": {},
  "error_codes": {},
  "error_examples": [],
  "transport_error_types": {},
  "task_error_types": {},
  "scheduling_lag_p95_ms": 1.1980290000792593,
  "generator_cpu_seconds": 53.662332674000005,
  "elapsed_seconds": 299.9938823659977,
  "completed_rps": 100.00203925291878,
  "statuses": {
    "read": {
      "304": 16887,
      "200": 11613
    },
    "hold": {
      "201": 1500
    }
  },
  "response_body_bytes": 216747570,
  "latency_ms": {
    "read:304": {
      "p50": 2.72932000370929,
      "p95": 6.698514996969607,
      "p99": 22.003858000971377
    },
    "hold:201": {
      "p50": 16.034001993830316,
      "p95": 36.19551099836826,
      "p99": 65.86921000416623
    },
    "read:200": {
      "p50": 3.1417970021720976,
      "p95": 11.471912999695633,
      "p99": 28.54982900316827
    }
  },
  "read_p95_ms": 8.849894999002572,
  "hold_p95_ms": 36.19551099836826,
  "local_read_gate_pass": true,
  "note": "95% reads/5% holds; bootstrap excluded. Topology is operator-declared, not verified. No backend durability/queue checks here.",
  "reservation_gate_pass": true,
  "accounting_pass": true,
  "workload_gate_pass": true,
  "phase_latency_gate_pass": true
}
