{"phase": "measuring", "rate": 100, "seconds": 300, "utc": "2026-09-09T14:59:38.076436+00:00"}
{"phase": "progress", "scheduled": 3000, "drops": 0}
{"phase": "progress", "scheduled": 6000, "drops": 0}
{"phase": "progress", "scheduled": 9000, "drops": 0}
{"phase": "progress", "scheduled": 12000, "drops": 0}
{"phase": "progress", "scheduled": 15000, "drops": 0}
{"phase": "progress", "scheduled": 18000, "drops": 0}
{"phase": "progress", "scheduled": 21000, "drops": 0}
{"phase": "progress", "scheduled": 24000, "drops": 0}
{"phase": "progress", "scheduled": 27000, "drops": 0}
{
  "phases": {
    "0": {
      "statuses": {
        "read": {
          "304": 16897,
          "200": 11603
        },
        "hold": {
          "201": 1500
        }
      },
      "p95_ms": {
        "read": 9.244670000043698,
        "hold": 46.388720998947974
      }
    }
  },
  "read_hot_share": 0,
  "burst": false,
  "utc": "2026-09-09T15:04:38.076533+00:00",
  "measured_started_utc": "2026-09-09T14:59:38.076436+00:00",
  "manifest_id": "3df76ef0-6689-40f5-95b5-6b1facc01cdd",
  "run_id": "ff7c1a73-7c49-4209-9842-3da9cfeeda3d",
  "target_origin": "http://10.1.137.69:8000",
  "generator_hostname": "generator-ecs",
  "platform": "Linux-6.8.0-136-generic-x86_64-with-glibc2.39",
  "topology_declared": "separate-host",
  "offered_rps": 100,
  "seconds": 300,
  "show_count": 200,
  "seats_per_show": 300,
  "viewers": 2000,
  "write_percent": 5,
  "generator_drops": 0,
  "drop_reasons": {},
  "error_codes": {},
  "error_examples": [],
  "transport_error_types": {},
  "task_error_types": {},
  "scheduling_lag_p95_ms": 1.1592859955271706,
  "generator_cpu_seconds": 53.673087789,
  "elapsed_seconds": 299.9933228450027,
  "completed_rps": 100.00222576787176,
  "statuses": {
    "read": {
      "304": 16897,
      "200": 11603
    },
    "hold": {
      "201": 1500
    }
  },
  "response_body_bytes": 216562070,
  "latency_ms": {
    "read:304": {
      "p50": 3.973054997914005,
      "p95": 7.845380998332985,
      "p99": 22.467115995823406
    },
    "hold:201": {
      "p50": 17.367808999551926,
      "p95": 46.388720998947974,
      "p99": 70.65431999944849
    },
    "read:200": {
      "p50": 4.492749001656193,
      "p95": 11.29181500436971,
      "p99": 30.616001997259445
    }
  },
  "read_p95_ms": 9.244670000043698,
  "hold_p95_ms": 46.388720998947974,
  "local_read_gate_pass": true,
  "note": "95% reads/5% holds; bootstrap excluded. Topology is operator-declared, not verified. No backend durability/queue checks here.",
  "reservation_gate_pass": true,
  "accounting_pass": true,
  "workload_gate_pass": true,
  "phase_latency_gate_pass": true
}
